Running Gradle task 'assembleRelease'...                        
flutter : lib/dashboard/pa
rent_child_control_page.da
rt:99:20: Error: Can't 
find ')' to match '('.
At line:1 char:1
+ flutter build apk > 
build_output.txt 2>&1
+ ~~~~~~~~~~~~~~~~~~~~~~~~
~~~~~~~~~~~~~~~~~
    + CategoryInfo        
      : NotSpecified: (l  
  ib/dashboard/p...' to   
  match '('.:String) [    
], RemoteException
    + FullyQualifiedError 
   Id : NativeCommandErr  
  or
 
    return Scaffold(
                   ^
Target 
kernel_snapshot_program 
failed: Exception


FAILURE: Build failed 
with an exception.

* What went wrong:
Execution failed for task 
':app:compileFlutterBuildR
elease'.
> Process 'command 'C:\Use
rs\cw\Desktop\flutter\bin\
flutter.bat'' finished 
with non-zero exit value 1

* Try:
> Run with --stacktrace 
option to get the stack 
trace.
> Run with --info or 
--debug option to get 
more log output.
> Run with --scan to get 
full insights.
> Get more help at 
https://help.gradle.org.

BUILD FAILED in 19s
Running Gradle task 'assembleRelease'...                           19.8s
Gradle task 
assembleRelease failed 
with exit code 1
