02-26 00:39:00.670 27778 27778 W GrowthKit: java.lang.NullPointerException: Unable to get GrowthKit Component from host app: com.google.android.syncadapters.calendar
02-26 00:39:00.670 27778 27778 W GrowthKit: 	at com.google.android.libraries.internal.growth.growthkit.inject.GrowthKit.get(GrowthKit.java:8)
02-26 00:39:00.670 27778 27778 W GrowthKit: 	at com.google.android.libraries.internal.growth.growthkit.internal.experiments.impl.PhenotypeBroadcastReceiver.onReceive(PhenotypeBroadcastReceiver.java:1)
02-26 00:39:00.670 27778 27778 W GrowthKit: 	at android.app.ActivityThread.handleReceiver(ActivityThread.java:4628)
02-26 00:39:00.670 27778 27778 W GrowthKit: 	at android.app.ActivityThread.access$1900(ActivityThread.java:284)
02-26 00:39:00.670 27778 27778 W GrowthKit: 	at android.app.ActivityThread$H.handleMessage(ActivityThread.java:2295)
02-26 00:39:00.670 27778 27778 W GrowthKit: 	at android.os.Handler.dispatchMessage(Handler.java:106)
02-26 00:39:00.670 27778 27778 W GrowthKit: 	at android.os.Looper.loopOnce(Looper.java:233)
02-26 00:39:00.670 27778 27778 W GrowthKit: 	at android.os.Looper.loop(Looper.java:334)
02-26 00:39:00.670 27778 27778 W GrowthKit: 	at android.app.ActivityThread.main(ActivityThread.java:8396)
02-26 00:39:00.670 27778 27778 W GrowthKit: 	at java.lang.reflect.Method.invoke(Native Method)
02-26 00:39:00.670 27778 27778 W GrowthKit: 	at com.android.internal.os.RuntimeInit$MethodAndArgsCaller.run(RuntimeInit.java:582)
02-26 00:39:00.670 27778 27778 W GrowthKit: 	at com.android.internal.os.ZygoteInit.main(ZygoteInit.java:1068)
02-26 00:39:00.679 27778 27778 I Notifications: Intent received for action [com.google.android.gms.phenotype.UPDATE] package [com.google.android.syncadapters.calendar].
02-26 00:39:00.679 27778 27778 I Notifications: Phenotype initialized.
02-26 00:39:00.680 27778 27800 I FirebaseApp: Device unlocked: initializing all Firebase APIs for app CHIME_ANDROID_SDK
02-26 00:39:00.688 27778 27778 I Notifications: Validation failed for action [com.google.android.gms.phenotype.UPDATE].
02-26 00:39:00.691 27778 27778 I PhenotypeContext: No PhenotypeContext via Sting/Hilt, trying to find via PhenotypeApplication interface.
02-26 00:39:00.691 27778 27778 I PhenotypeContext: Application doesn't implement PhenotypeApplication interface, falling back to globally set context.
02-26 00:39:00.693 27778 27797 I PhenotypeBackgroundRecv: Successfully stored update snapshot for com.google.android.libraries.consentverifier#com.google.android.syncadapters.calendar
02-26 00:39:00.792 26060 26218 W DGW     : W[operator():215] StreamGroupRetriableNetworkLayer[rpsignaling] unable to connect after 5 seconds
02-26 00:39:00.800  3530  3541 I .gms.persisten: Background young concurrent copying GC freed 54764(1955KB) AllocSpace objects, 7(172KB) LOS objects, 5% free, 38MB/40MB, paused 354us,222us total 127.931ms
02-26 00:39:00.983 26590 27377 I cn_CronetUrlRequestContext: destroyNativeStreamLocked org.chromium.net.impl.CronetBidirectionalStream@690c29
02-26 00:39:01.008 26060 26228 I DGW     : I[notifyStreamGroupError:1789] StreamGroupTransport[rpsignaling] notify StreamGroup error: StreamGroupNetworkRequest request cancelled: max retries reached; last err (TransientError domain: MNSHTTPClient code: 3 detail: Host session was closed, num pending transactions: 1)
02-26 00:39:01.012 26060 26228 W DGW     : W[setEnabled:198] StreamGroupPinger[rpsignaling]: setEnabled: 0
02-26 00:39:01.061 26590 26590 I GmsModuleInitializer: Using ContainerGservicesDelegate
02-26 00:39:01.178 13358 13368 I mple.focus_mat: Background young concurrent copying GC freed 52060(2751KB) AllocSpace objects, 52(17MB) LOS objects, 41% free, 11MB/20MB, paused 200us,68us total 106.579ms
02-26 00:39:01.259 27658 27698 W DynamiteModule: Local module descriptor class for com.google.android.gms.providerinstaller.dynamite not found.
02-26 00:39:01.291 26590 27550 D CompatibilityChangeReporter: Compat change id reported: 150939131; UID 10027; state: ENABLED
02-26 00:39:01.292  3530  6291 W ProviderHelper: Unknown dynamite feature providerinstaller.dynamite
02-26 00:39:01.311 27658 27698 W ProviderInstaller: Failed to load providerinstaller module: No acceptable module com.google.android.gms.providerinstaller.dynamite found. Local version is 0 and remote version is 0.
02-26 00:39:01.370  3530 26921 I NetworkScheduler.Stats: (REDACTED) Task %s/%s started execution. cause:%s exec_start_elapsed_seconds: %s
02-26 00:39:01.502 26590 27487 W TracingHelper: No RequestContext found in the trace or trace not available. [CONTEXT service_id=259 ratelimit_count=1410065408 ]
02-26 00:39:01.542 26590 26590 D BoundBrokerSvc: onUnbind: Intent { act=com.google.android.gms.mlkit.docscan.ui.storage.StorageCleanupService.ACTION_TASK_READY dat=chimera-action: cmp=com.google.android.gms/.chimera.GmsInternalBoundBrokerService }
02-26 00:39:01.545  3530 26921 I NetworkScheduler.Stats: (REDACTED) Task %s/%s finished executing. cause:%s result: %s elapsed_millis: %s uptime_millis: %s exec_start_elapsed_seconds: %s
02-26 00:39:01.566 26590 26590 D BoundBrokerSvc: onUnbind: Intent { act=com.google.android.gms.chromesync.service.zeroparty.START dat=chimera-action: cmp=com.google.android.gms/.chimera.GmsApiService }
02-26 00:39:01.610 26590 26590 D BoundBrokerSvc: onUnbind: Intent { act=com.google.android.gms.facs.internal.service.START dat=chimera-action: cmp=com.google.android.gms/.chimera.GmsInternalApiService }
02-26 00:39:01.622  3530  3530 D BoundBrokerSvc: onBind: Intent { act=com.google.android.gms.gmscompliance.sync.BackgroundSyncGmsTaskService.ACTION_TASK_READY dat=chimera-action: cmp=com.google.android.gms/.chimera.PersistentInternalBoundBrokerService }
02-26 00:39:01.622  3530  3530 D BoundBrokerSvc: Loading bound service for intent: Intent { act=com.google.android.gms.gmscompliance.sync.BackgroundSyncGmsTaskService.ACTION_TASK_READY dat=chimera-action: cmp=com.google.android.gms/.chimera.PersistentInternalBoundBrokerService }
02-26 00:39:01.647  3530 11863 I NetworkScheduler.Stats: (REDACTED) Task %s/%s started execution. cause:%s exec_start_elapsed_seconds: %s
02-26 00:39:01.663  3530  3530 D BoundBrokerSvc: onUnbind: Intent { act=com.google.android.gms.gmscompliance.sync.BackgroundSyncGmsTaskService.ACTION_TASK_READY dat=chimera-action: cmp=com.google.android.gms/.chimera.PersistentInternalBoundBrokerService }
02-26 00:39:01.663  3530 11863 I NetworkScheduler.Stats: (REDACTED) Task %s/%s finished executing. cause:%s result: %s elapsed_millis: %s uptime_millis: %s exec_start_elapsed_seconds: %s
02-26 00:39:01.764  3530 27732 I NetworkScheduler.Stats: (REDACTED) Task %s/%s started execution. cause:%s exec_start_elapsed_seconds: %s
02-26 00:39:01.767 26590 27359 I TelephonySpamChimeraSer: Running Telephony Spam Chimera Service [CONTEXT service_id=150 ]
02-26 00:39:01.782 26590 27359 I TelephonySpamChimeraSer: Cleaning SIP Header local table of old entries [CONTEXT service_id=150 ]
02-26 00:39:01.796 26590 27359 I SpamListSync: Call spam module disabled. Skipping cleaning cache sip header table. [CONTEXT service_id=150 ]
02-26 00:39:01.796 26590 27359 I TelephonySpamChimeraSer: Syncing Call Spam List [CONTEXT service_id=150 ]
02-26 00:39:01.798 26590 27359 I SpamListSync: (REDACTED) SpamListSyncChimeraService.syncSpamList called with tag: %s, extras: %s
02-26 00:39:01.799 26590 27359 I SpamListSync: Call spam module disabled. Skipping spam list syncing. [CONTEXT service_id=150 ]
02-26 00:39:01.807  3530 27732 I NetworkScheduler.Stats: (REDACTED) Task %s/%s finished executing. cause:%s result: %s elapsed_millis: %s uptime_millis: %s exec_start_elapsed_seconds: %s
02-26 00:39:01.899  3530 26921 I NetworkScheduler.Stats: (REDACTED) Task %s/%s started execution. cause:%s exec_start_elapsed_seconds: %s
02-26 00:39:01.928 27658 27872 E GoogleApiManager: Failed to get service from broker. 
02-26 00:39:01.928 27658 27872 E GoogleApiManager: java.lang.SecurityException: Unknown calling package name 'com.google.android.gms'.
02-26 00:39:01.928 27658 27872 E GoogleApiManager: 	at android.os.Parcel.createExceptionOrNull(Parcel.java:2439)
02-26 00:39:01.928 27658 27872 E GoogleApiManager: 	at android.os.Parcel.createException(Parcel.java:2423)
02-26 00:39:01.928 27658 27872 E GoogleApiManager: 	at android.os.Parcel.readException(Parcel.java:2406)
02-26 00:39:01.928 27658 27872 E GoogleApiManager: 	at android.os.Parcel.readException(Parcel.java:2348)
02-26 00:39:01.928 27658 27872 E GoogleApiManager: 	at bepn.a(:com.google.android.gms@260534029@26.05.34 (190400-869443408):36)
02-26 00:39:01.928 27658 27872 E GoogleApiManager: 	at beno.z(:com.google.android.gms@260534029@26.05.34 (190400-869443408):143)
02-26 00:39:01.928 27658 27872 E GoogleApiManager: 	at bdts.run(:com.google.android.gms@260534029@26.05.34 (190400-869443408):42)
02-26 00:39:01.928 27658 27872 E GoogleApiManager: 	at android.os.Handler.handleCallback(Handler.java:938)
02-26 00:39:01.928 27658 27872 E GoogleApiManager: 	at android.os.Handler.dispatchMessage(Handler.java:99)
02-26 00:39:01.928 27658 27872 E GoogleApiManager: 	at csbj.ms(:com.google.android.gms@260534029@26.05.34 (190400-869443408):1)
02-26 00:39:01.928 27658 27872 E GoogleApiManager: 	at csbj.dispatchMessage(:com.google.android.gms@260534029@26.05.34 (190400-869443408):5)
02-26 00:39:01.928 27658 27872 E GoogleApiManager: 	at android.os.Looper.loopOnce(Looper.java:233)
02-26 00:39:01.928 27658 27872 E GoogleApiManager: 	at android.os.Looper.loop(Looper.java:334)
02-26 00:39:01.928 27658 27872 E GoogleApiManager: 	at android.os.HandlerThread.run(HandlerThread.java:67)
02-26 00:39:01.932 27658 27872 W GoogleApiManager: Not showing notification since connectionResult is not user-facing: ConnectionResult{statusCode=DEVELOPER_ERROR, resolution=null, message=null, clientMethodKey=null}
02-26 00:39:01.935 27658 27866 W FlagRegistrar: Failed to register com.google.android.gms.providerinstaller#com.google.android.keep
02-26 00:39:01.935 27658 27866 W FlagRegistrar: fzac: 17: 17: API: Phenotype.API is not available on this device. Connection failed with: ConnectionResult{statusCode=DEVELOPER_ERROR, resolution=null, message=null, clientMethodKey=null}
02-26 00:39:01.935 27658 27866 W FlagRegistrar: 	at fzae.a(:com.google.android.gms@260534029@26.05.34 (190400-869443408):13)
02-26 00:39:01.935 27658 27866 W FlagRegistrar: 	at gxig.d(:com.google.android.gms@260534029@26.05.34 (190400-869443408):3)
02-26 00:39:01.935 27658 27866 W FlagRegistrar: 	at gxii.run(:com.google.android.gms@260534029@26.05.34 (190400-869443408):130)
02-26 00:39:01.935 27658 27866 W FlagRegistrar: 	at gxkp.execute(:com.google.android.gms@260534029@26.05.34 (190400-869443408):1)
02-26 00:39:01.935 27658 27866 W FlagRegistrar: 	at gxiq.f(:com.google.android.gms@260534029@26.05.34 (190400-869443408):1)
02-26 00:39:01.935 27658 27866 W FlagRegistrar: 	at gxiq.m(:com.google.android.gms@260534029@26.05.34 (190400-869443408):99)
02-26 00:39:01.935 27658 27866 W FlagRegistrar: 	at gxiq.r(:com.google.android.gms@260534029@26.05.34 (190400-869443408):17)
02-26 00:39:01.935 27658 27866 W FlagRegistrar: 	at frof.hx(:com.google.android.gms@260534029@26.05.34 (190400-869443408):35)
02-26 00:39:01.935 27658 27866 W FlagRegistrar: 	at feqb.run(:com.google.android.gms@260534029@26.05.34 (190400-869443408):12)
02-26 00:39:01.935 27658 27866 W FlagRegistrar: 	at gxkp.execute(:com.google.android.gms@260534029@26.05.34 (190400-869443408):1)
02-26 00:39:01.935 27658 27866 W FlagRegistrar: 	at feqc.b(:com.google.android.gms@260534029@26.05.34 (190400-869443408):18)
02-26 00:39:01.935 27658 27866 W FlagRegistrar: 	at feqr.b(:com.google.android.gms@260534029@26.05.34 (190400-869443408):34)
02-26 00:39:01.935 27658 27866 W FlagRegistrar: 	at feqt.d(:com.google.android.gms@260534029@26.05.34 (190400-869443408):25)
02-26 00:39:01.935 27658 27866 W FlagRegistrar: 	at bdrb.c(:com.google.android.gms@260534029@26.05.34 (190400-869443408):9)
02-26 00:39:01.935 27658 27866 W FlagRegistrar: 	at bdtq.q(:com.google.android.gms@260534029@26.05.34 (190400-869443408):48)
02-26 00:39:01.935 27658 27866 W FlagRegistrar: 	at bdtq.d(:com.google.android.gms@260534029@26.05.34 (190400-869443408):10)
02-26 00:39:01.935 27658 27866 W FlagRegistrar: 	at bdtq.g(:com.google.android.gms@260534029@26.05.34 (190400-869443408):191)
02-26 00:39:01.935 27658 27866 W FlagRegistrar: 	at bdtq.onConnectionFailed(:com.google.android.gms@260534029@26.05.34 (190400-869443408):2)
02-26 00:39:01.935 27658 27866 W FlagRegistrar: 	at bdts.run(:com.google.android.gms@260534029@26.05.34 (190400-869443408):70)
02-26 00:39:01.935 27658 27866 W FlagRegistrar: 	at android.os.Handler.handleCallback(Handler.java:938)
02-26 00:39:01.935 27658 27866 W FlagRegistrar: 	at android.os.Handler.dispatchMessage(Handler.java:99)
02-26 00:39:01.935 27658 27866 W FlagRegistrar: 	at csbj.ms(:com.google.android.gms@260534029@26.05.34 (190400-869443408):1)
02-26 00:39:01.935 27658 27866 W FlagRegistrar: 	at csbj.dispatchMessage(:com.google.android.gms@260534029@26.05.34 (190400-869443408):5)
02-26 00:39:01.935 27658 27866 W FlagRegistrar: 	at android.os.Looper.loopOnce(Looper.java:233)
02-26 00:39:01.935 27658 27866 W FlagRegistrar: 	at android.os.Looper.loop(Looper.java:334)
02-26 00:39:01.935 27658 27866 W FlagRegistrar: 	at android.os.HandlerThread.run(HandlerThread.java:67)
02-26 00:39:01.935 27658 27866 W FlagRegistrar: Caused by: bdpi: 17: API: Phenotype.API is not available on this device. Connection failed with: ConnectionResult{statusCode=DEVELOPER_ERROR, resolution=null, message=null, clientMethodKey=null}
02-26 00:39:01.935 27658 27866 W FlagRegistrar: 	at bena.a(:com.google.android.gms@260534029@26.05.34 (190400-869443408):15)
02-26 00:39:01.935 27658 27866 W FlagRegistrar: 	at bdre.a(:com.google.android.gms@260534029@26.05.34 (190400-869443408):1)
02-26 00:39:01.935 27658 27866 W FlagRegistrar: 	at bdrb.c(:com.google.android.gms@260534029@26.05.34 (190400-869443408):5)
02-26 00:39:01.935 27658 27866 W FlagRegistrar: 	... 12 more
02-26 00:39:01.963  3530  3541 I .gms.persisten: Background concurrent copying GC freed 336527(15MB) AllocSpace objects, 14(404KB) LOS objects, 47% free, 27MB/51MB, paused 97us,70us total 251.064ms
02-26 00:39:01.968 27658 27698 V NativeCrypto: Registering com/google/android/gms/org/conscrypt/NativeCrypto's 334 native methods...
02-26 00:39:02.057 27658 27698 I ProviderInstaller: Installed default security provider GmsCore_OpenSSL
02-26 00:39:02.086 25355 25355 I PhenotypeBackgroundRecv: Skipping com.google.android.gms.measurement#com.android.vending which doesn't use ProcessStable flags.
02-26 00:39:02.133 27893 27893 E oid.apps.photo: Not starting debugger since process cannot load the jdwp agent.
02-26 00:39:02.138 27893 27893 D ProcessState: Binder ioctl to enable oneway spam detection failed: Invalid argument
02-26 00:39:02.178 27893 27893 D CompatibilityChangeReporter: Compat change id reported: 171979766; UID 10181; state: ENABLED
02-26 00:39:02.190  3530  3530 D BoundBrokerSvc: onBind: Intent { act=com.google.android.gms.udc.service.START pkg=com.google.android.gms }
02-26 00:39:02.191  3530  3530 D BoundBrokerSvc: Loading bound service for intent: Intent { act=com.google.android.gms.udc.service.START pkg=com.google.android.gms }
02-26 00:39:02.252  3530 11863 I PhenotypeResourceReader: unable to find any Phenotype resource metadata for com.google.android.onetimeinitializer
02-26 00:39:02.438 27893 27893 W oid.apps.photo: Entry not found
02-26 00:39:02.465 27893 27893 W oid.apps.photo: Entry not found
02-26 00:39:02.465 27658 27698 D Linux   : [Posix_connect Debug]Process com.google.android.keep :443 
02-26 00:39:02.469 27893 27893 W oid.apps.photo: Entry not found
02-26 00:39:02.540 27893 27893 W oid.apps.photo: JIT profile information will not be recorded: profile file does not exist.
02-26 00:39:02.540 27893 27893 W oid.apps.photo: JIT profile information will not be recorded: profile file does not exist.
02-26 00:39:02.540 27893 27893 W oid.apps.photo: JIT profile information will not be recorded: profile file does not exist.
02-26 00:39:02.645 27893 27893 V GraphicsEnvironment: ANGLE Developer option for 'com.google.android.apps.photos' set to: 'default'
02-26 00:39:02.645 27893 27893 V GraphicsEnvironment: Neither updatable production driver nor prerelease driver is supported.
02-26 00:39:02.649 27893 27893 D NetworkSecurityConfig: Using Network Security Config from resource photos_enablecertificatetransparency_network_security_config debugBuild: false
02-26 00:39:02.653 27893 27893 D NetworkSecurityConfig: Using Network Security Config from resource photos_enablecertificatetransparency_network_security_config debugBuild: false
02-26 00:39:02.667  3530 11863 I PhenotypeResourceReader: unable to find any Phenotype resource metadata for com.google.ar.core
02-26 00:39:03.290  3530 11863 I PhenotypeResourceReader: unable to find any Phenotype resource metadata for com.google.android.music
02-26 00:39:03.461 27944 27944 E droid.apps.doc: Not starting debugger since process cannot load the jdwp agent.
02-26 00:39:03.470 27944 27944 D ProcessState: Binder ioctl to enable oneway spam detection failed: Invalid argument
02-26 00:39:03.517 27944 27944 D CompatibilityChangeReporter: Compat change id reported: 171979766; UID 10180; state: ENABLED
02-26 00:39:03.810 27944 27944 W droid.apps.doc: Entry not found
02-26 00:39:03.814 27944 27944 W droid.apps.doc: Entry not found
02-26 00:39:03.823 27944 27944 W droid.apps.doc: Entry not found
02-26 00:39:03.870 27944 27944 W droid.apps.doc: JIT profile information will not be recorded: profile file does not exist.
02-26 00:39:03.870 27944 27944 W droid.apps.doc: JIT profile information will not be recorded: profile file does not exist.
02-26 00:39:03.870 27944 27944 W droid.apps.doc: JIT profile information will not be recorded: profile file does not exist.
02-26 00:39:03.933 27944 27944 V GraphicsEnvironment: ANGLE Developer option for 'com.google.android.apps.docs' set to: 'default'
02-26 00:39:03.936 27944 27944 V GraphicsEnvironment: Neither updatable production driver nor prerelease driver is supported.
02-26 00:39:03.945 27893 27941 D CompatibilityChangeReporter: Compat change id reported: 170233598; UID 10181; state: DISABLED
02-26 00:39:03.945 27893 27961 D CompatibilityChangeReporter: Compat change id reported: 170233598; UID 10181; state: DISABLED
02-26 00:39:03.947 27944 27944 D NetworkSecurityConfig: Using Network Security Config from resource network_security_config debugBuild: false
02-26 00:39:03.950 27944 27944 D NetworkSecurityConfig: Using Network Security Config from resource network_security_config debugBuild: false
02-26 00:39:04.196  3530 11863 I PhenotypeResourceReader: unable to find any Phenotype resource metadata for com.google.android.modulemetadata
02-26 00:39:04.573  3530  3541 I .gms.persisten: Background young concurrent copying GC freed 160313(10MB) AllocSpace objects, 35(1048KB) LOS objects, 21% free, 40MB/51MB, paused 537us,116us total 242.327ms
02-26 00:39:04.599 27944 27944 W droid.apps.doc: Class riy failed lock verification and will run slower.
02-26 00:39:04.599 27944 27944 W droid.apps.doc: Common causes for lock verification issues are non-optimized dex code
02-26 00:39:04.599 27944 27944 W droid.apps.doc: and incorrect proguard optimizations.
02-26 00:39:04.785  3530 11863 I PhenotypeResourceReader: unable to find any Phenotype resource metadata for com.google.android.syncadapters.contacts
02-26 00:39:04.788  3530  8514 I FontLog : (REDACTED) Received query %s, URI %s
02-26 00:39:04.800  3530  8514 I FontLog : (REDACTED) Query [%s] resolved to %s
02-26 00:39:04.825 27944 27990 E DocsApplication: from onCreate Completable for sending summary about blocked SyncRequests
02-26 00:39:04.825 27944 27990 E DocsApplication: java.lang.IllegalStateException
02-26 00:39:04.825 27944 27990 E DocsApplication: 	at hkf.i(PG:64)
02-26 00:39:04.825 27944 27990 E DocsApplication: 	at kan.a(PG:261)
02-26 00:39:04.825 27944 27990 E DocsApplication: 	at gws.lambda$onCreate$2(PG:9)
02-26 00:39:04.825 27944 27990 E DocsApplication: 	at gws.$r8$lambda$M-tqsz8QJK2QrqieVTlg-c3Lhbo(PG:1)
02-26 00:39:04.825 27944 27990 E DocsApplication: 	at gnk$1.run(PG:197)
02-26 00:39:04.825 27944 27990 E DocsApplication: 	at aazb.d(PG:13)
02-26 00:39:04.825 27944 27990 E DocsApplication: 	at aawp.e(PG:3)
02-26 00:39:04.825 27944 27990 E DocsApplication: 	at aazj$a.run(PG:3)
02-26 00:39:04.825 27944 27990 E DocsApplication: 	at aawz$a.run(PG:10)
02-26 00:39:04.825 27944 27990 E DocsApplication: 	at abcy.run(PG:14)
02-26 00:39:04.825 27944 27990 E DocsApplication: 	at abcy.call(PG:1)
02-26 00:39:04.825 27944 27990 E DocsApplication: 	at java.util.concurrent.FutureTask.run(FutureTask.java:266)
02-26 00:39:04.825 27944 27990 E DocsApplication: 	at java.util.concurrent.ScheduledThreadPoolExecutor$ScheduledFutureTask.run(ScheduledThreadPoolExecutor.java:301)
02-26 00:39:04.825 27944 27990 E DocsApplication: 	at java.util.concurrent.ThreadPoolExecutor.runWorker(ThreadPoolExecutor.java:1167)
02-26 00:39:04.825 27944 27990 E DocsApplication: 	at java.util.concurrent.ThreadPoolExecutor$Worker.run(ThreadPoolExecutor.java:641)
02-26 00:39:04.825 27944 27990 E DocsApplication: 	at java.lang.Thread.run(Thread.java:922)
02-26 00:39:04.828 27944 28014 W DynamiteModule: Local module descriptor class for com.google.android.gms.providerinstaller.dynamite not found.
02-26 00:39:04.865  3530  8514 I FontLog : (REDACTED) Fetch %s end status %s
02-26 00:39:04.870  3530  4941 W ProviderHelper: Unknown dynamite feature providerinstaller.dynamite
02-26 00:39:04.875 27944 28014 W ProviderInstaller: Failed to load providerinstaller module: No acceptable module com.google.android.gms.providerinstaller.dynamite found. Local version is 0 and remote version is 0.
02-26 00:39:04.888  3530  4941 I FontLog : (REDACTED) Pulling font file for id = %d, cache size = %d
02-26 00:39:04.904 28017 28017 E android.youtub: Not starting debugger since process cannot load the jdwp agent.
02-26 00:39:04.908 28017 28017 D ProcessState: Binder ioctl to enable oneway spam detection failed: Invalid argument
02-26 00:39:04.921  3530  8307 I FontLog : (REDACTED) Pulling font file for id = %d, cache size = %d
02-26 00:39:05.006 28017 28017 D CompatibilityChangeReporter: Compat change id reported: 171979766; UID 10116; state: ENABLED
02-26 00:39:05.461 28017 28017 W android.youtub: Entry not found
02-26 00:39:05.467 28017 28017 W android.youtub: Entry not found
02-26 00:39:05.481 28017 28017 W android.youtub: Entry not found
02-26 00:39:05.491 27944 28014 I droid.apps.doc: Waiting for a blocking GC ClassLinker
02-26 00:39:05.527 28017 28017 W android.youtub: JIT profile information will not be recorded: profile file does not exist.
02-26 00:39:05.527 28017 28017 W android.youtub: JIT profile information will not be recorded: profile file does not exist.
02-26 00:39:05.528 28017 28017 W android.youtub: JIT profile information will not be recorded: profile file does not exist.
02-26 00:39:05.572 27944 28014 I droid.apps.doc: WaitForGcToComplete blocked ClassLinker on Background for 81.471ms
02-26 00:39:05.728 28017 28017 V GraphicsEnvironment: ANGLE Developer option for 'com.google.android.youtube' set to: 'default'
02-26 00:39:05.729 28017 28017 V GraphicsEnvironment: Neither updatable production driver nor prerelease driver is supported.
02-26 00:39:05.753 28017 28017 D NetworkSecurityConfig: Using Network Security Config from resource network_security_config debugBuild: false
02-26 00:39:05.768 28017 28017 D NetworkSecurityConfig: Using Network Security Config from resource network_security_config debugBuild: false
02-26 00:39:05.819 27944 28043 E GoogleApiManager: Failed to get service from broker. 
02-26 00:39:05.819 27944 28043 E GoogleApiManager: java.lang.SecurityException: Unknown calling package name 'com.google.android.gms'.
02-26 00:39:05.819 27944 28043 E GoogleApiManager: 	at android.os.Parcel.createExceptionOrNull(Parcel.java:2439)
02-26 00:39:05.819 27944 28043 E GoogleApiManager: 	at android.os.Parcel.createException(Parcel.java:2423)
02-26 00:39:05.819 27944 28043 E GoogleApiManager: 	at android.os.Parcel.readException(Parcel.java:2406)
02-26 00:39:05.819 27944 28043 E GoogleApiManager: 	at android.os.Parcel.readException(Parcel.java:2348)
02-26 00:39:05.819 27944 28043 E GoogleApiManager: 	at bepn.a(:com.google.android.gms@260534029@26.05.34 (190400-869443408):36)
02-26 00:39:05.819 27944 28043 E GoogleApiManager: 	at beno.z(:com.google.android.gms@260534029@26.05.34 (190400-869443408):143)
02-26 00:39:05.819 27944 28043 E GoogleApiManager: 	at bdts.run(:com.google.android.gms@260534029@26.05.34 (190400-869443408):42)
02-26 00:39:05.819 27944 28043 E GoogleApiManager: 	at android.os.Handler.handleCallback(Handler.java:938)
02-26 00:39:05.819 27944 28043 E GoogleApiManager: 	at android.os.Handler.dispatchMessage(Handler.java:99)
02-26 00:39:05.819 27944 28043 E GoogleApiManager: 	at csbj.ms(:com.google.android.gms@260534029@26.05.34 (190400-869443408):1)
02-26 00:39:05.819 27944 28043 E GoogleApiManager: 	at csbj.dispatchMessage(:com.google.android.gms@260534029@26.05.34 (190400-869443408):5)
02-26 00:39:05.819 27944 28043 E GoogleApiManager: 	at android.os.Looper.loopOnce(Looper.java:233)
02-26 00:39:05.819 27944 28043 E GoogleApiManager: 	at android.os.Looper.loop(Looper.java:334)
02-26 00:39:05.819 27944 28043 E GoogleApiManager: 	at android.os.HandlerThread.run(HandlerThread.java:67)
02-26 00:39:05.821 27944 28043 W GoogleApiManager: Not showing notification since connectionResult is not user-facing: ConnectionResult{statusCode=DEVELOPER_ERROR, resolution=null, message=null, clientMethodKey=null}
02-26 00:39:05.825 27944 28041 W FlagRegistrar: Failed to register com.google.android.gms.providerinstaller#com.google.android.apps.docs
02-26 00:39:05.825 27944 28041 W FlagRegistrar: fzac: 17: 17: API: Phenotype.API is not available on this device. Connection failed with: ConnectionResult{statusCode=DEVELOPER_ERROR, resolution=null, message=null, clientMethodKey=null}
02-26 00:39:05.825 27944 28041 W FlagRegistrar: 	at fzae.a(:com.google.android.gms@260534029@26.05.34 (190400-869443408):13)
02-26 00:39:05.825 27944 28041 W FlagRegistrar: 	at gxig.d(:com.google.android.gms@260534029@26.05.34 (190400-869443408):3)
02-26 00:39:05.825 27944 28041 W FlagRegistrar: 	at gxii.run(:com.google.android.gms@260534029@26.05.34 (190400-869443408):130)
02-26 00:39:05.825 27944 28041 W FlagRegistrar: 	at gxkp.execute(:com.google.android.gms@260534029@26.05.34 (190400-869443408):1)
02-26 00:39:05.825 27944 28041 W FlagRegistrar: 	at gxiq.f(:com.google.android.gms@260534029@26.05.34 (190400-869443408):1)
02-26 00:39:05.825 27944 28041 W FlagRegistrar: 	at gxiq.m(:com.google.android.gms@260534029@26.05.34 (190400-869443408):99)
02-26 00:39:05.825 27944 28041 W FlagRegistrar: 	at gxiq.r(:com.google.android.gms@260534029@26.05.34 (190400-869443408):17)
02-26 00:39:05.825 27944 28041 W FlagRegistrar: 	at frof.hx(:com.google.android.gms@260534029@26.05.34 (190400-869443408):35)
02-26 00:39:05.825 27944 28041 W FlagRegistrar: 	at feqb.run(:com.google.android.gms@260534029@26.05.34 (190400-869443408):12)
02-26 00:39:05.825 27944 28041 W FlagRegistrar: 	at gxkp.execute(:com.google.android.gms@260534029@26.05.34 (190400-869443408):1)
02-26 00:39:05.825 27944 28041 W FlagRegistrar: 	at feqc.b(:com.google.android.gms@260534029@26.05.34 (190400-869443408):18)
02-26 00:39:05.825 27944 28041 W FlagRegistrar: 	at feqr.b(:com.google.android.gms@260534029@26.05.34 (190400-869443408):34)
02-26 00:39:05.825 27944 28041 W FlagRegistrar: 	at feqt.d(:com.google.android.gms@260534029@26.05.34 (190400-869443408):25)
02-26 00:39:05.825 27944 28041 W FlagRegistrar: 	at bdrb.c(:com.google.android.gms@260534029@26.05.34 (190400-869443408):9)
02-26 00:39:05.825 27944 28041 W FlagRegistrar: 	at bdtq.q(:com.google.android.gms@260534029@26.05.34 (190400-869443408):48)
02-26 00:39:05.825 27944 28041 W FlagRegistrar: 	at bdtq.d(:com.google.android.gms@260534029@26.05.34 (190400-869443408):10)
02-26 00:39:05.825 27944 28041 W FlagRegistrar: 	at bdtq.g(:com.google.android.gms@260534029@26.05.34 (190400-869443408):191)
02-26 00:39:05.825 27944 28041 W FlagRegistrar: 	at bdtq.onConnectionFailed(:com.google.android.gms@260534029@26.05.34 (190400-869443408):2)
02-26 00:39:05.825 27944 28041 W FlagRegistrar: 	at bdts.run(:com.google.android.gms@260534029@26.05.34 (190400-869443408):70)
02-26 00:39:05.825 27944 28041 W FlagRegistrar: 	at android.os.Handler.handleCallback(Handler.java:938)
02-26 00:39:05.825 27944 28041 W FlagRegistrar: 	at android.os.Handler.dispatchMessage(Handler.java:99)
02-26 00:39:05.825 27944 28041 W FlagRegistrar: 	at csbj.ms(:com.google.android.gms@260534029@26.05.34 (190400-869443408):1)
02-26 00:39:05.825 27944 28041 W FlagRegistrar: 	at csbj.dispatchMessage(:com.google.android.gms@260534029@26.05.34 (190400-869443408):5)
02-26 00:39:05.825 27944 28041 W FlagRegistrar: 	at android.os.Looper.loopOnce(Looper.java:233)
02-26 00:39:05.825 27944 28041 W FlagRegistrar: 	at android.os.Looper.loop(Looper.java:334)
02-26 00:39:05.825 27944 28041 W FlagRegistrar: 	at android.os.HandlerThread.run(HandlerThread.java:67)
02-26 00:39:05.825 27944 28041 W FlagRegistrar: Caused by: bdpi: 17: API: Phenotype.API is not available on this device. Connection failed with: ConnectionResult{statusCode=DEVELOPER_ERROR, resolution=null, message=null, clientMethodKey=null}
02-26 00:39:05.825 27944 28041 W FlagRegistrar: 	at bena.a(:com.google.android.gms@260534029@26.05.34 (190400-869443408):15)
02-26 00:39:05.825 27944 28041 W FlagRegistrar: 	at bdre.a(:com.google.android.gms@260534029@26.05.34 (190400-869443408):1)
02-26 00:39:05.825 27944 28041 W FlagRegistrar: 	at bdrb.c(:com.google.android.gms@260534029@26.05.34 (190400-869443408):5)
02-26 00:39:05.825 27944 28041 W FlagRegistrar: 	... 12 more
02-26 00:39:05.840 27944 28014 V NativeCrypto: Registering com/google/android/gms/org/conscrypt/NativeCrypto's 334 native methods...
02-26 00:39:05.926 27944 28014 I ProviderInstaller: Installed default security provider GmsCore_OpenSSL
02-26 00:39:06.017 28045 28045 D CompatibilityChangeReporter: Compat change id reported: 171979766; UID 10236; state: DISABLED
02-26 00:39:06.021 26060 26218 W DGW     : W[operator():215] StreamGroupRetriableNetworkLayer[rpsignaling] unable to connect after 5 seconds
02-26 00:39:06.079 28045 28045 D ApplicationLoaders: Returning zygote-cached class loader: /system/framework/android.test.base.jar
02-26 00:39:06.154  3530  3541 I .gms.persisten: Background young concurrent copying GC freed 232620(9702KB) AllocSpace objects, 11(300KB) LOS objects, 16% free, 42MB/51MB, paused 272us,240us total 196.120ms
02-26 00:39:06.257 26060 26228 I DGW     : I[notifyStreamGroupError:1789] StreamGroupTransport[rpsignaling] notify StreamGroup error: StreamGroupNetworkRequest request cancelled: max retries reached; last err (TransientError domain: MNSHTTPClient code: 3 detail: Host session was closed, num pending transactions: 1)
02-26 00:39:06.261 26060 26228 W DGW     : W[setEnabled:198] StreamGroupPinger[rpsignaling]: setEnabled: 0
02-26 00:39:06.290 28045 28045 W ssioncontrolle: Entry not found
02-26 00:39:06.319 27944 28014 D Linux   : [Posix_connect Debug]Process com.google.android.apps.docs :443 
02-26 00:39:06.374 28045 28045 W ssioncontrolle: JIT profile information will not be recorded: profile file does not exist.
02-26 00:39:06.585 28045 28045 V GraphicsEnvironment: ANGLE Developer option for 'com.google.android.permissioncontroller' set to: 'default'
02-26 00:39:06.585 28045 28045 V GraphicsEnvironment: Neither updatable production driver nor prerelease driver is supported.
02-26 00:39:06.592 28045 28045 D NetworkSecurityConfig: No Network Security Config specified, using platform default
02-26 00:39:06.593 28045 28045 D NetworkSecurityConfig: No Network Security Config specified, using platform default
02-26 00:39:06.721 28045 28045 I CarUiInstaller: CarUiInstaller started for com.google.android.permissioncontroller
02-26 00:39:06.797 26590 26590 D BoundBrokerSvc: onUnbind: Intent { act=com.google.android.gms.pay.service.BIND dat=chimera-action: cmp=com.google.android.gms/.chimera.GmsApiService }
02-26 00:39:06.828 28045 28061 I PermissionControllerServiceImpl: Updating user sensitive for uid 10180
02-26 00:39:06.884  3530 11863 I PhenotypeResourceReader: unable to find any Phenotype resource metadata for com.google.android.gsf
02-26 00:39:06.940 28017 28017 W libc    : Access denied finding property "ro.vendor.perf.scroll_opt.heavy_app"
02-26 00:39:07.195 27708 27708 V ClearcutMetricXmitter: Transmission is done.
02-26 00:39:07.254 28123 28123 D ProcessState: Binder ioctl to enable oneway spam detection failed: Invalid argument
02-26 00:39:07.309  3530  3530 D BoundBrokerSvc: onUnbind: Intent { act=com.google.android.gms.udc.service.START pkg=com.google.android.gms }
02-26 00:39:07.458 28123 28123 D CompatibilityChangeReporter: Compat change id reported: 171979766; UID 10121; state: ENABLED
02-26 00:39:07.478  3530  3530 D BoundBrokerSvc: onRebind: Intent { act=com.google.android.gms.common.telemetry.service.START dat=chimera-action: cmp=com.google.android.gms/.chimera.PersistentApiService }
02-26 00:39:07.805 27944 28018 D Linux   : [Posix_connect Debug]Process com.google.android.apps.docs :443 
02-26 00:39:08.017 28017 28118 I BufferQueueConsumer: [](id:6d7100000000,api:0,p:-1,c:28017) connect: controlledByApp=true
02-26 00:39:08.049 28123 28123 W ecovery_proces: Entry not found
02-26 00:39:08.063 28123 28123 W ecovery_proces: Entry not found
02-26 00:39:08.074 28123 28123 W ecovery_proces: Entry not found
02-26 00:39:08.095  3530  3541 I .gms.persisten: Background young concurrent copying GC freed 72751(5541KB) AllocSpace objects, 17(400KB) LOS objects, 8% free, 46MB/51MB, paused 228us,166us total 564.922ms
02-26 00:39:08.225 28123 28123 W ecovery_proces: JIT profile information will not be recorded: profile file does not exist.
02-26 00:39:08.225 28123 28123 W ecovery_proces: JIT profile information will not be recorded: profile file does not exist.
02-26 00:39:08.225 28123 28123 W ecovery_proces: JIT profile information will not be recorded: profile file does not exist.
02-26 00:39:08.520 28123 28123 V GraphicsEnvironment: ANGLE Developer option for 'com.google.android.apps.maps' set to: 'default'
02-26 00:39:08.520 28123 28123 V GraphicsEnvironment: Neither updatable production driver nor prerelease driver is supported.
02-26 00:39:08.525 28123 28123 D NetworkSecurityConfig: No Network Security Config specified, using platform default
02-26 00:39:08.526 28123 28123 D NetworkSecurityConfig: No Network Security Config specified, using platform default
02-26 00:39:08.534  3530 11863 I PhenotypeResourceReader: unable to find any Phenotype resource metadata for com.google.android.feedback
02-26 00:39:08.543 26590 27877 W SQLiteLog: (28) double-quoted string literal: "1771875548392"
02-26 00:39:08.543 26590 27877 W SQLiteLog: (28) double-quoted string literal: "1"
02-26 00:39:08.648 28017 28017 W pool-3-thread-7: type=1400 audit(0.0:7975): avc: granted { execute } for path="/data/data/com.google.android.youtube/app_pccache2/5/8C5AE28E06233ED046257CCB628AC34047ABB1F1/pcam.jar" dev="mmcblk0p41" ino=1376363 scontext=u:r:untrusted_app:s0:c116,c256,c512,c768 tcontext=u:object_r:app_data_file:s0:c116,c256,c512,c768 tclass=file app=com.google.android.youtube
02-26 00:39:08.828  3530  3541 I .gms.persisten: Background concurrent copying GC freed 113141(7802KB) AllocSpace objects, 29(2520KB) LOS objects, 34% free, 46MB/70MB, paused 487us,87us total 450.900ms
02-26 00:39:08.941 26590 26590 D BoundBrokerSvc: onUnbind: Intent { act=com.google.android.gms.semanticlocationhistory.service.START dat=chimera-action: cmp=com.google.android.gms/.chimera.GmsApiService }
02-26 00:39:09.083 27944 27952 W droid.apps.doc: Suspending all threads took: 107.841ms
02-26 00:39:09.198 28017 28017 E YT.mlplayer: setAudioDrc(enabled=1)
02-26 00:39:09.314 26590 26590 D BoundBrokerSvc: onBind: Intent { act=com.google.android.gms.potokens.service.START dat=chimera-action: cmp=com.google.android.gms/.chimera.GmsApiService }
02-26 00:39:09.314 26590 26590 D BoundBrokerSvc: Loading bound service for intent: Intent { act=com.google.android.gms.potokens.service.START dat=chimera-action: cmp=com.google.android.gms/.chimera.GmsApiService }
02-26 00:39:09.944 28123 28123 I ecovery_proces: System.exit called, status: 0
02-26 00:39:09.945 28123 28123 I AndroidRuntime: VM exiting with result code 0, cleanup skipped.
02-26 00:39:10.123 25355 25355 I Finsky  : [2] Memory trim requested to level 40
02-26 00:39:10.255 25355 25355 I Finsky  : [2] Flushing in-memory image cache
02-26 00:39:10.291 28230 28230 D ProcessState: Binder ioctl to enable oneway spam detection failed: Invalid argument
02-26 00:39:10.351  4297  4297 I AppBase : AppBase.onTrimMemory():287 onTrimMemory(): 15
02-26 00:39:10.373 28230 28230 D CompatibilityChangeReporter: Compat change id reported: 171979766; UID 10121; state: ENABLED
02-26 00:39:10.474  4297  4297 I KeyboardDefCache: MemoryFileCache$1.onTrimMemory():124 clearMemory() for trim memory: 15
02-26 00:39:10.478  4297  4297 I KeyboardDefCache: MemoryFileCache.clearMemory():408 evictAll()
02-26 00:39:10.530  4297  4297 I GoogleInputMethodService: GoogleInputMethodService.onTrimMemory():2852 onTrimMemory(): 15
02-26 00:39:10.593 28017 28125 D CompatibilityChangeReporter: Compat change id reported: 160794467; UID 10116; state: ENABLED
02-26 00:39:10.635 27944 27952 W droid.apps.doc: Suspending all threads took: 55.491ms
02-26 00:39:10.901 28230 28230 W droid.apps.map: Entry not found
02-26 00:39:10.909 28230 28230 W droid.apps.map: Entry not found
02-26 00:39:10.910 28230 28230 W droid.apps.map: Entry not found
02-26 00:39:10.922 28230 28230 W droid.apps.map: JIT profile information will not be recorded: profile file does not exist.
02-26 00:39:10.922 28230 28230 W droid.apps.map: JIT profile information will not be recorded: profile file does not exist.
02-26 00:39:10.922 28230 28230 W droid.apps.map: JIT profile information will not be recorded: profile file does not exist.
02-26 00:39:10.955 28230 28230 V GraphicsEnvironment: ANGLE Developer option for 'com.google.android.apps.maps' set to: 'default'
02-26 00:39:10.955 28230 28230 V GraphicsEnvironment: Neither updatable production driver nor prerelease driver is supported.
02-26 00:39:10.960 28230 28230 D NetworkSecurityConfig: No Network Security Config specified, using platform default
02-26 00:39:10.961 28230 28230 D NetworkSecurityConfig: No Network Security Config specified, using platform default
02-26 00:39:11.539 28017 28250 W android.youtub: ClassLoaderContext classpath size mismatch. expected=15, found=0 (DLC[];PCL[base.apk*2431618768:base.apk!classes2.dex*1796873633:base.apk!classes3.dex*2480675327:base.apk!classes4.dex*2861560278:base.apk!classes5.dex*3503329664:base.apk!classes6.dex*154268695:base.apk!classes7.dex*4006757973:base.apk!classes8.dex*2877101891:base.apk!classes9.dex*2305283463:base.apk!classes10.dex*3236860933:base.apk!classes11.dex*2394659083:base.apk!classes12.dex*2830616377:base.apk!classes13.dex*1926004560:base.apk!classes14.dex*1432250449:base.apk!classes15.dex*2055567419]{PCL[/system/framework/org.apache.http.legacy.jar*785585141]#PCL[/system/framework/com.android.location.provider.jar*3633238673]#PCL[/system/framework/com.android.media.remotedisplay.jar*3472798122]} | DLC[];PCL[])
02-26 00:39:11.704 28230 28230 W libc    : Access denied finding property "ro.vendor.perf.scroll_opt.heavy_app"
02-26 00:39:11.836  3530  7358 I FontLog : (REDACTED) Received query %s, URI %s
02-26 00:39:11.836  3530  7358 I FontLog : (REDACTED) Query [%s] resolved to %s
02-26 00:39:11.948  3530  7358 I FontLog : (REDACTED) Fetch %s end status %s
02-26 00:39:11.953  3530  7358 I FontLog : (REDACTED) Pulling font file for id = %d, cache size = %d
02-26 00:39:11.998 27658 27872 E GoogleApiManager: Failed to get service from broker. 
02-26 00:39:11.998 27658 27872 E GoogleApiManager: java.lang.SecurityException: Unknown calling package name 'com.google.android.gms'.
02-26 00:39:11.998 27658 27872 E GoogleApiManager: 	at android.os.Parcel.createExceptionOrNull(Parcel.java:2439)
02-26 00:39:11.998 27658 27872 E GoogleApiManager: 	at android.os.Parcel.createException(Parcel.java:2423)
02-26 00:39:11.998 27658 27872 E GoogleApiManager: 	at android.os.Parcel.readException(Parcel.java:2406)
02-26 00:39:11.998 27658 27872 E GoogleApiManager: 	at android.os.Parcel.readException(Parcel.java:2348)
02-26 00:39:11.998 27658 27872 E GoogleApiManager: 	at bepn.a(:com.google.android.gms@260534029@26.05.34 (190400-869443408):36)
02-26 00:39:11.998 27658 27872 E GoogleApiManager: 	at beno.z(:com.google.android.gms@260534029@26.05.34 (190400-869443408):143)
02-26 00:39:11.998 27658 27872 E GoogleApiManager: 	at bdts.run(:com.google.android.gms@260534029@26.05.34 (190400-869443408):42)
02-26 00:39:11.998 27658 27872 E GoogleApiManager: 	at android.os.Handler.handleCallback(Handler.java:938)
02-26 00:39:11.998 27658 27872 E GoogleApiManager: 	at android.os.Handler.dispatchMessage(Handler.java:99)
02-26 00:39:11.998 27658 27872 E GoogleApiManager: 	at csbj.ms(:com.google.android.gms@260534029@26.05.34 (190400-869443408):1)
02-26 00:39:11.998 27658 27872 E GoogleApiManager: 	at csbj.dispatchMessage(:com.google.android.gms@260534029@26.05.34 (190400-869443408):5)
02-26 00:39:11.998 27658 27872 E GoogleApiManager: 	at android.os.Looper.loopOnce(Looper.java:233)
02-26 00:39:11.998 27658 27872 E GoogleApiManager: 	at android.os.Looper.loop(Looper.java:334)
02-26 00:39:11.998 27658 27872 E GoogleApiManager: 	at android.os.HandlerThread.run(HandlerThread.java:67)
02-26 00:39:12.002  3530  7358 I FontLog : (REDACTED) Pulling font file for id = %d, cache size = %d
02-26 00:39:12.014 27658 27872 E GoogleApiManager: Failed to get service from broker. 
02-26 00:39:12.014 27658 27872 E GoogleApiManager: java.lang.SecurityException: Unknown calling package name 'com.google.android.gms'.
02-26 00:39:12.014 27658 27872 E GoogleApiManager: 	at android.os.Parcel.createExceptionOrNull(Parcel.java:2439)
02-26 00:39:12.014 27658 27872 E GoogleApiManager: 	at android.os.Parcel.createException(Parcel.java:2423)
02-26 00:39:12.014 27658 27872 E GoogleApiManager: 	at android.os.Parcel.readException(Parcel.java:2406)
02-26 00:39:12.014 27658 27872 E GoogleApiManager: 	at android.os.Parcel.readException(Parcel.java:2348)
02-26 00:39:12.014 27658 27872 E GoogleApiManager: 	at bepn.a(:com.google.android.gms@260534029@26.05.34 (190400-869443408):36)
02-26 00:39:12.014 27658 27872 E GoogleApiManager: 	at beno.z(:com.google.android.gms@260534029@26.05.34 (190400-869443408):143)
02-26 00:39:12.014 27658 27872 E GoogleApiManager: 	at bdts.run(:com.google.android.gms@260534029@26.05.34 (190400-869443408):42)
02-26 00:39:12.014 27658 27872 E GoogleApiManager: 	at android.os.Handler.handleCallback(Handler.java:938)
02-26 00:39:12.014 27658 27872 E GoogleApiManager: 	at android.os.Handler.dispatchMessage(Handler.java:99)
02-26 00:39:12.014 27658 27872 E GoogleApiManager: 	at csbj.ms(:com.google.android.gms@260534029@26.05.34 (190400-869443408):1)
02-26 00:39:12.014 27658 27872 E GoogleApiManager: 	at csbj.dispatchMessage(:com.google.android.gms@260534029@26.05.34 (190400-869443408):5)
02-26 00:39:12.014 27658 27872 E GoogleApiManager: 	at android.os.Looper.loopOnce(Looper.java:233)
02-26 00:39:12.014 27658 27872 E GoogleApiManager: 	at android.os.Looper.loop(Looper.java:334)
02-26 00:39:12.014 27658 27872 E GoogleApiManager: 	at android.os.HandlerThread.run(HandlerThread.java:67)
02-26 00:39:12.014 27658 27872 W GoogleApiManager: Not showing notification since connectionResult is not user-facing: ConnectionResult{statusCode=DEVELOPER_ERROR, resolution=null, message=null, clientMethodKey=null}
02-26 00:39:12.093 28230 28284 W Settings: Setting device_provisioned has moved from android.provider.Settings.System to android.provider.Settings.Global, returning read-only value.
02-26 00:39:12.124 28017 28263 I FA      : App measurement initialized, version: 155001
02-26 00:39:12.124 28017 28263 I FA      : To enable debug logging run: adb shell setprop log.tag.FA VERBOSE
02-26 00:39:12.125 28017 28263 I FA      : To enable faster debug mode event logging run:
02-26 00:39:12.125 28017 28263 I FA      :   adb shell setprop debug.firebase.analytics.app com.google.android.youtube
02-26 00:39:12.158 25355 25355 I Finsky  : [2] Memory trim requested to level 60
02-26 00:39:12.159 25355 25355 I Finsky  : [2] Flushing in-memory image cache
02-26 00:39:12.173 28017 28255 D SharedPreferencesImpl: Time required to fsync /data/user/0/com.google.android.youtube/shared_prefs/FirebaseHeartBeatW0RFRkFVTFRd+MTo0MTQ4NDMyODcwMTc6YW5kcm9pZDo5ZDUyNmY2NjA3OTAzZjYw.xml: [<1: 0, <2: 0, <4: 0, <8: 0, <16: 0, <32: 0, <64: 1, <128: 0, <256: 0, <512: 0, <1024: 1, <2048: 0, <4096: 0, <8192: 0, <16384: 0, >=16384: 0]
02-26 00:39:12.186 28289 28289 D ProcessState: Binder ioctl to enable oneway spam detection failed: Invalid argument
02-26 00:39:12.269 28289 28289 D CompatibilityChangeReporter: Compat change id reported: 171979766; UID 10121; state: ENABLED
02-26 00:39:12.399  3530 11863 I PhenotypeResourceReader: unable to find any Phenotype resource metadata for com.google.android.gms.location.history
02-26 00:39:12.432 28289 28289 W ecovery_proces: Entry not found
02-26 00:39:12.433 28289 28289 W ecovery_proces: Entry not found
02-26 00:39:12.435 28289 28289 W ecovery_proces: Entry not found
02-26 00:39:12.444 28289 28289 W ecovery_proces: JIT profile information will not be recorded: profile file does not exist.
02-26 00:39:12.444 28289 28289 W ecovery_proces: JIT profile information will not be recorded: profile file does not exist.
02-26 00:39:12.444 28289 28289 W ecovery_proces: JIT profile information will not be recorded: profile file does not exist.
02-26 00:39:12.495 28289 28289 V GraphicsEnvironment: ANGLE Developer option for 'com.google.android.apps.maps' set to: 'default'
02-26 00:39:12.495 28289 28289 V GraphicsEnvironment: Neither updatable production driver nor prerelease driver is supported.
02-26 00:39:12.503 28289 28289 D NetworkSecurityConfig: No Network Security Config specified, using platform default
02-26 00:39:12.504 28289 28289 D NetworkSecurityConfig: No Network Security Config specified, using platform default
02-26 00:39:12.588  3530  3530 D BoundBrokerSvc: onUnbind: Intent { act=com.google.android.gms.common.telemetry.service.START dat=chimera-action: cmp=com.google.android.gms/.chimera.PersistentApiService }
02-26 00:39:12.633 28289 28289 I ecovery_proces: System.exit called, status: 0
02-26 00:39:12.633 28289 28289 I AndroidRuntime: VM exiting with result code 0, cleanup skipped.
02-26 00:39:12.827  4297  4297 I AppBase : AppBase.onTrimMemory():287 onTrimMemory(): 15
02-26 00:39:12.827  4297  4297 I KeyboardDefCache: MemoryFileCache$1.onTrimMemory():124 clearMemory() for trim memory: 15
02-26 00:39:12.827  4297  4297 I KeyboardDefCache: MemoryFileCache.clearMemory():408 evictAll()
02-26 00:39:12.828  4297  4297 I GoogleInputMethodService: GoogleInputMethodService.onTrimMemory():2852 onTrimMemory(): 15
02-26 00:39:12.897 28321 28321 D ProcessState: Binder ioctl to enable oneway spam detection failed: Invalid argument
02-26 00:39:12.912 28017 28027 W android.youtub: Suspending all threads took: 7.924ms
02-26 00:39:12.938 28230 28277 D hw-ProcessState: Binder ioctl to enable oneway spam detection failed: Invalid argument
02-26 00:39:12.942 28321 28321 D CompatibilityChangeReporter: Compat change id reported: 171979766; UID 10121; state: ENABLED
02-26 00:39:12.974 28320 28320 D CompatibilityChangeReporter: Compat change id reported: 171979766; UID 10252; state: ENABLED
02-26 00:39:13.002 27944 28229 D SharedPreferencesImpl: Time required to fsync /data/user/0/com.google.android.apps.docs/shared_prefs/primes.xml: [<1: 0, <2: 0, <4: 0, <8: 0, <16: 0, <32: 0, <64: 0, <128: 0, <256: 0, <512: 0, <1024: 1, <2048: 0, <4096: 0, <8192: 0, <16384: 0, >=16384: 0]
02-26 00:39:13.060 28321 28321 W ecovery_proces: Entry not found
02-26 00:39:13.061 28321 28321 W ecovery_proces: Entry not found
02-26 00:39:13.062 28321 28321 W ecovery_proces: Entry not found
02-26 00:39:13.071 28321 28321 W ecovery_proces: JIT profile information will not be recorded: profile file does not exist.
02-26 00:39:13.071 28321 28321 W ecovery_proces: JIT profile information will not be recorded: profile file does not exist.
02-26 00:39:13.071 28321 28321 W ecovery_proces: JIT profile information will not be recorded: profile file does not exist.
02-26 00:39:13.104 28321 28321 V GraphicsEnvironment: ANGLE Developer option for 'com.google.android.apps.maps' set to: 'default'
02-26 00:39:13.104 28321 28321 V GraphicsEnvironment: Neither updatable production driver nor prerelease driver is supported.
02-26 00:39:13.111 28321 28321 D NetworkSecurityConfig: No Network Security Config specified, using platform default
02-26 00:39:13.113 28321 28321 D NetworkSecurityConfig: No Network Security Config specified, using platform default
02-26 00:39:13.134 28320 28320 W on.gearhead:ca: ClassLoaderContext shared library size mismatch. Expected=1, found=0 (PCL[]{PCL[/system/framework/org.apache.http.legacy.jar*785585141]} | PCL[])
02-26 00:39:13.157 28320 28320 W on.gearhead:ca: Entry not found
02-26 00:39:13.158 28320 28320 W on.gearhead:ca: Entry not found
02-26 00:39:13.166 28320 28320 W on.gearhead:ca: Entry not found
02-26 00:39:13.175 28321 28321 I ecovery_proces: System.exit called, status: 0
02-26 00:39:13.175 28321 28321 I AndroidRuntime: VM exiting with result code 0, cleanup skipped.
