--------- beginning of system
02-26 00:28:24.376  1421  1421 D BatteryStatsImpl: Reading daily items from /data/system/batterystats-daily.xml
02-26 00:28:40.893  1421  1421 E BatteryStatsService: Could not register PowerStatsInternal
02-26 00:29:00.169  1421  2832 D BatteryStatsService: notePemString  noteWhich: 49,arg1: 1024, arg2: 1024, arg3: 2296, arg4: 5, name: com.vivo.fingerprintui
02-26 00:29:00.206  1421  1435 D BatteryStatsService: notePemString  noteWhich: 49,arg1: 1024, arg2: 1024, arg3: 2296, arg4: 5, name: com.vivo.fingerprintui
02-26 00:29:09.837  1421  1458 I ActivityManager: About to commit checkpoint
02-26 00:29:16.276  3530  3668 W ActivityThread: Failed to find provider info for com.google.android.gsf.gservices (user not unlocked)
02-26 00:29:16.924  3530  3549 W FileUtils: Failed to chmod(/data/user/0/com.google.android.gms/app_usage_reporting_db): android.system.ErrnoException: chmod failed: ENOENT (No such file or directory)
02-26 00:29:17.366  3530  3549 W ActivityThread: Failed to find provider info for com.google.android.gsf.gservices (user not unlocked)
02-26 00:29:17.415  3530  3683 W ActivityThread: Failed to find provider info for com.google.android.gsf.gservices (user not unlocked)
02-26 00:29:17.425  3530  3683 W ActivityThread: Failed to find provider info for com.google.android.gsf.gservices (user not unlocked)
02-26 00:29:17.428  3530  3683 W ActivityThread: Failed to find provider info for com.google.android.gsf.gservices (user not unlocked)
02-26 00:29:18.347  4021  4087 W ActivityThread: Failed to find provider info for com.google.android.gsf.gservices (user not unlocked)
02-26 00:29:33.103  1421  2897 D BatteryStatsService: notePemString  noteWhich: 49,arg1: -1, arg2: -1, arg3: 2296, arg4: 5, name: com.vivo.fingerprintui
02-26 00:29:54.100  5537  5877 E ActivityThread: Failed to find provider info for com.facebook.appmanager.nekodirect
02-26 00:29:55.327  5556  6128 E SystemConfig: SystemConfig is being accessed by a process other than system_server.
02-26 00:29:55.454  5556  6128 I SystemConfig: Reading permissions from /system/etc/sysconfig/framework-sysconfig.xml
02-26 00:29:55.467  5556  6128 I SystemConfig: Reading permissions from /system/etc/sysconfig/hiddenapi-package-whitelist.xml
02-26 00:29:55.473  5556  6128 I SystemConfig: Reading permissions from /system/etc/sysconfig/facebook-hiddenapi-packagewhitelist.xml
02-26 00:29:55.481  5556  6128 I SystemConfig: Reading permissions from /system/etc/sysconfig/whitelist_com.LogiaGroup.LogiaDeck.xml
02-26 00:29:55.497  5556  6128 I SystemConfig: Reading permissions from /system/etc/sysconfig/preinstalled-packages-com.android.providers.media.module.xml
02-26 00:29:55.498  5556  6128 I SystemConfig: Reading permissions from /system/etc/sysconfig/com.vivo.themestore.support.xml
02-26 00:29:55.502  5556  6128 I SystemConfig: Reading permissions from /system/etc/sysconfig/preinstalled-packages-platform.xml
02-26 00:29:55.511  5556  6128 I SystemConfig: Reading permissions from /system/etc/sysconfig/google-hiddenapi-package-allowlist.xml
02-26 00:29:55.550  5556  6128 I SystemConfig: Reading permissions from /system/etc/permissions/android.test.runner.xml
02-26 00:29:55.567  5556  6128 I SystemConfig: Reading permissions from /system/etc/permissions/com.android.nfc_extras.xml
02-26 00:29:55.573  5556  6128 I SystemConfig: Reading permissions from /system/etc/permissions/privapp-permissions-platform.xml
02-26 00:29:55.595  5556  6128 I SystemConfig: Reading permissions from /system/etc/permissions/GooglePermissionController_permissions.xml
02-26 00:29:55.597  5556  6128 I SystemConfig: Reading permissions from /system/etc/permissions/com.android.location.provider.xml
02-26 00:29:55.607  5556  6128 I SystemConfig: Reading permissions from /system/etc/permissions/privapp-permissions-mediatek.xml
02-26 00:29:55.630  5556  6128 I SystemConfig: Reading permissions from /system/etc/permissions/javax.obex.xml
02-26 00:29:55.634  5556  6128 I SystemConfig: Reading permissions from /system/etc/permissions/android.test.base.xml
02-26 00:29:55.641  5556  6128 I SystemConfig: Reading permissions from /system/etc/permissions/com.android.mediadrm.signer.xml
02-26 00:29:55.647  5556  6128 I SystemConfig: Non-xml file /system/etc/permissions/pms_sysapp_removable_system_list.txt in /system/etc/permissions directory, ignoring
02-26 00:29:55.647  5556  6128 I SystemConfig: Reading permissions from /system/etc/permissions/com.android.future.usb.accessory.xml
02-26 00:29:55.663  5556  6128 I SystemConfig: Reading permissions from /system/etc/permissions/GoogleDocumentsUI_permissions.xml
02-26 00:29:55.690  5556  6128 I SystemConfig: Reading permissions from /system/etc/permissions/android.test.mock.xml
02-26 00:29:55.703  5556  6128 I SystemConfig: Reading permissions from /system/etc/permissions/vivo_telephony_ext.xml
02-26 00:29:55.708  5556  6128 I SystemConfig: Reading permissions from /system/etc/permissions/privapp-permissions-facebook.xml
02-26 00:29:55.712  5556  6128 I SystemConfig: Reading permissions from /system/etc/permissions/android.software.webview.xml
02-26 00:29:55.720  5556  6128 I SystemConfig: Reading permissions from /system/etc/permissions/privapp-permissions-google-system.xml
02-26 00:29:55.737  5556  6128 I SystemConfig: Reading permissions from /system/etc/permissions/GoogleNetworkStack_permissions.xml
02-26 00:29:55.747  5556  6128 I SystemConfig: Reading permissions from /system/etc/permissions/privapp-permissions-vivo.xml
02-26 00:29:55.875  5556  6128 I SystemConfig: Reading permissions from /system/etc/permissions/privapp-permissions-facebook-preload.xml
02-26 00:29:55.887  5556  6128 I SystemConfig: Reading permissions from /system/etc/permissions/org.apache.http.legacy.xml
02-26 00:29:55.892  5556  6128 I SystemConfig: Reading permissions from /system/etc/permissions/com.mediatek.wfo.legacy.xml
02-26 00:29:55.909  5556  6128 I SystemConfig: Reading permissions from /system/etc/permissions/permission_ignite_com.LogiaGroup.LogiaDeck.xml
02-26 00:29:55.923  5556  6128 I SystemConfig: Reading permissions from /system/etc/permissions/com.nxp.nfc.xml
02-26 00:29:55.932  5556  6128 I SystemConfig: Reading permissions from /system/etc/permissions/com.android.media.remotedisplay.xml
02-26 00:29:55.976  5556  6128 I SystemConfig: Reading permissions from /system/etc/permissions/com.android.networkstack.tethering.xml
02-26 00:29:55.981  5556  6128 I SystemConfig: Reading permissions from /system/etc/permissions/GoogleExtServices_permissions.xml
02-26 00:29:55.987  5556  6128 I SystemConfig: Non-xml file /system/etc/permissions/pms_sysapp_removable_vendor_list.txt in /system/etc/permissions directory, ignoring
02-26 00:29:55.988  5556  6128 I SystemConfig: Reading permissions from /system/etc/permissions/platform-vivo.xml
02-26 00:29:55.992  5556  6128 I SystemConfig: Reading permissions from /system/etc/permissions/platform.xml
02-26 00:29:56.016  5556  6128 I SystemConfig: Reading permissions from /vendor/etc/permissions/android.hardware.bluetooth_le.xml
02-26 00:29:56.019  5556  6128 I SystemConfig: Reading permissions from /vendor/etc/permissions/android.hardware.vulkan.compute.xml
02-26 00:29:56.026  5556  6128 I SystemConfig: Reading permissions from /vendor/etc/permissions/vendor.vivo.hardware.biometrics.face.xml
02-26 00:29:56.030  5556  6128 I SystemConfig: Reading permissions from /vendor/etc/permissions/android.hardware.audio.low_latency.xml
02-26 00:29:56.034  5556  6128 I SystemConfig: Reading permissions from /vendor/etc/permissions/android.hardware.usb.host.xml
02-26 00:29:56.037  5556  6128 I SystemConfig: Reading permissions from /vendor/etc/permissions/android.hardware.hardware_keystore.km41.xml
02-26 00:29:56.042  5556  6128 I SystemConfig: Reading permissions from /vendor/etc/permissions/android.hardware.camera.xml
02-26 00:29:56.049  5556  6128 I SystemConfig: Reading permissions from /vendor/etc/permissions/android.hardware.faketouch.xml
02-26 00:29:56.051  5556  6128 I SystemConfig: Reading permissions from /vendor/etc/permissions/android.hardware.telephony.ims.xml
02-26 00:29:56.054  5556  6128 I SystemConfig: Reading permissions from /vendor/etc/permissions/android.hardware.sensor.gyroscope.xml
02-26 00:29:56.055  5556  6128 I SystemConfig: Reading permissions from /vendor/etc/permissions/android.software.midi.xml
02-26 00:29:56.065  5556  6128 I SystemConfig: Reading permissions from /vendor/etc/permissions/android.hardware.touchscreen.xml
02-26 00:29:56.067  5556  6128 I SystemConfig: Reading permissions from /vendor/etc/permissions/android.hardware.vulkan.version.xml
02-26 00:29:56.074  5556  6128 I SystemConfig: Reading permissions from /vendor/etc/permissions/android.hardware.sensor.light.xml
02-26 00:29:56.076  5556  6128 I SystemConfig: Reading permissions from /vendor/etc/permissions/android.hardware.sensor.stepdetector.xml
02-26 00:29:56.078  5556  6128 I SystemConfig: Reading permissions from /vendor/etc/permissions/android.hardware.sensor.stepcounter.xml
02-26 00:29:56.081  5556  6128 I SystemConfig: Reading permissions from /vendor/etc/permissions/android.software.live_wallpaper.xml
02-26 00:29:56.084  5556  6128 I SystemConfig: Reading permissions from /vendor/etc/permissions/android.hardware.wifi.passpoint.xml
02-26 00:29:56.086  5556  6128 I SystemConfig: Reading permissions from /vendor/etc/permissions/android.hardware.sensor.accelerometer.xml
02-26 00:29:56.091  5556  6128 I SystemConfig: Reading permissions from /vendor/etc/permissions/android.hardware.touchscreen.multitouch.jazzhand.xml
02-26 00:29:56.100  5556  6128 I SystemConfig: Reading permissions from /vendor/etc/permissions/android.hardware.vulkan.level.xml
02-26 00:29:56.105  5556  6128 I SystemConfig: Reading permissions from /vendor/etc/permissions/android.software.vulkan.deqp.level.xml
02-26 00:29:56.127  5556  6128 I SystemConfig: Reading permissions from /vendor/etc/permissions/android.hardware.sensor.compass.xml
02-26 00:29:56.132  5556  6128 I SystemConfig: Reading permissions from /vendor/etc/permissions/android.hardware.sensor.proximity.xml
02-26 00:29:56.135  5556  6128 I SystemConfig: Reading permissions from /vendor/etc/permissions/android.hardware.touchscreen.multitouch.xml
02-26 00:29:56.139  5556  6128 I SystemConfig: Reading permissions from /vendor/etc/permissions/android.hardware.usb.accessory.xml
02-26 00:29:56.148  5556  6128 I SystemConfig: Reading permissions from /vendor/etc/permissions/android.hardware.opengles.aep.xml
02-26 00:29:56.152  5556  6128 I SystemConfig: Reading permissions from /vendor/etc/permissions/android.hardware.microphone.xml
02-26 00:29:56.155  5556  6128 I SystemConfig: Reading permissions from /vendor/etc/permissions/android.hardware.wifi.xml
02-26 00:29:56.170  5556  6128 I SystemConfig: Reading permissions from /vendor/etc/permissions/android.hardware.location.gps.xml
02-26 00:29:56.172  5556  6128 I SystemConfig: Reading permissions from /vendor/etc/permissions/android.software.verified_boot.xml
02-26 00:29:56.175  5556  6128 I SystemConfig: Reading permissions from /vendor/etc/permissions/android.hardware.bluetooth.xml
02-26 00:29:56.177  5556  6128 I SystemConfig: Reading permissions from /vendor/etc/permissions/android.hardware.fingerprint.xml
02-26 00:29:56.179  5556  6128 I SystemConfig: Reading permissions from /vendor/etc/permissions/android.software.ipsec_tunnels.xml
02-26 00:29:56.180  5556  6128 I SystemConfig: Reading permissions from /vendor/etc/permissions/android.hardware.touchscreen.multitouch.distinct.xml
02-26 00:29:56.185  5556  6128 I SystemConfig: Reading permissions from /vendor/etc/permissions/android.hardware.telephony.gsm.xml
02-26 00:29:56.194  5556  6128 I SystemConfig: Reading permissions from /vendor/etc/permissions/android.hardware.se.omapi.uicc.xml
02-26 00:29:56.198  5556  6128 I SystemConfig: Reading permissions from /vendor/etc/permissions/android.software.opengles.deqp.level.xml
02-26 00:29:56.203  5556  6128 I SystemConfig: Reading permissions from /vendor/etc/permissions/android.hardware.telephony.cdma.xml
02-26 00:29:56.212  5556  6128 I SystemConfig: Reading permissions from /vendor/etc/permissions/android.hardware.wifi.direct.xml
02-26 00:29:56.216  5556  6128 I SystemConfig: Reading permissions from /vendor/etc/permissions/android.hardware.biometrics.face.xml
02-26 00:29:56.220  5556  6128 I SystemConfig: Reading permissions from /vendor/etc/permissions/handheld_core_hardware.xml
02-26 00:29:56.234  5556  6128 I SystemConfig: Reading permissions from /product/etc/sysconfig/google-rollback-package-whitelist.xml
02-26 00:29:56.247  5556  6128 I SystemConfig: Reading permissions from /product/etc/sysconfig/preinstalled-packages-platform-overlays.xml
02-26 00:29:56.270  5556  6128 I SystemConfig: Reading permissions from /product/etc/sysconfig/google-staged-installer-whitelist.xml
02-26 00:29:56.288  5556  6128 I SystemConfig: Reading permissions from /product/etc/sysconfig/wellbeing.xml
02-26 00:29:56.320  5556  6128 I SystemConfig: Reading permissions from /product/etc/sysconfig/preinstalled-packages-platform-handheld-product.xml
02-26 00:29:56.344  5556  6128 I SystemConfig: Reading permissions from /product/etc/sysconfig/google.xml
02-26 00:29:56.353  5556  6128 I SystemConfig: Reading permissions from /product/etc/sysconfig/d2d_cable_migration_feature.xml
02-26 00:29:56.381  5556  6128 I SystemConfig: Reading permissions from /product/etc/permissions/product-permissions-mediatek.xml
02-26 00:29:56.418  5556  6128 I SystemConfig: Reading permissions from /product/etc/permissions/split-permissions-google.xml
02-26 00:29:56.429  5556  6128 I SystemConfig: Reading permissions from /product/etc/permissions/privapp-permissions-google-product.xml
02-26 00:29:56.484  5556  6128 W SystemConfig: No directory /system_ext/etc/sysconfig, skipping
02-26 00:29:56.539  5556  6128 I SystemConfig: Reading permissions from /system_ext/etc/permissions/com.android.storagemanager.xml
02-26 00:29:56.555  5556  6128 I SystemConfig: Reading permissions from /system_ext/etc/permissions/system-ext-permissions-mediatek.xml
02-26 00:29:56.605  5556  6128 I SystemConfig: Reading permissions from /system_ext/etc/permissions/com.android.emergency.xml
02-26 00:29:56.635  5556  6128 I SystemConfig: Reading permissions from /system_ext/etc/permissions/com.android.cellbroadcastreceiver.xml
02-26 00:29:56.653  5556  6128 I SystemConfig: Reading permissions from /system_ext/etc/permissions/privapp-permissions-google-system-ext.xml
02-26 00:29:56.732  5556  6128 I SystemConfig: Reading permissions from /system_ext/etc/permissions/com.android.carrierconfig.xml
02-26 00:29:56.813  5556  6128 I SystemConfig: Reading permissions from /system/vgc-common/cust/region/PK/sysconfig/GoogleDialer_call_recording_audio.xml
02-26 00:29:57.594  4372  5717 W KeyphraseEnrollmentInfo: No enrollment application supports the given keyphrase/locale: 'X Google'/en_US
02-26 00:29:57.594  4372  5717 W KeyphraseEnrollmentInfo: No enrollment application supports the given keyphrase/locale: 'X Google'/en_US
02-26 00:29:57.594  4372  5717 W KeyphraseEnrollmentInfo: No enrollment application supports the given keyphrase/locale: 'X Google'/ar_EG
02-26 00:29:57.594  4372  5717 W KeyphraseEnrollmentInfo: No enrollment application supports the given keyphrase/locale: 'X Google'/en_US
02-26 00:29:57.595  4372  5717 W KeyphraseEnrollmentInfo: No enrollment application supports the given keyphrase/locale: 'Ok Google'/en_US
02-26 00:29:57.595  4372  5717 W KeyphraseEnrollmentInfo: No enrollment application supports the given keyphrase/locale: 'Ok Google'/ar_EG
02-26 00:29:57.595  4372  5717 W KeyphraseEnrollmentInfo: No enrollment application supports the given keyphrase/locale: 'Ok Google'/en_US
02-26 00:29:57.597  4372  5717 W KeyphraseEnrollmentInfo: No enrollment application supports the given keyphrase/locale: 'Y Google'/en_US
02-26 00:30:02.705  6545  6545 E ActivityThread: Failed to find provider info for com.microsoft.yourphonecompanion.contentprovider.featureoverride
02-26 00:30:02.733  6545  6545 E ActivityThread: Failed to find provider info for com.samsung.android.mdx.windowslink.Tile.Provider
02-26 00:30:02.984  4372  5532 W KeyphraseEnrollmentInfo: No enrollment application supports the given keyphrase/locale: 'X Google'/en_US
02-26 00:30:02.985  4372  5532 W KeyphraseEnrollmentInfo: No enrollment application supports the given keyphrase/locale: 'X Google'/en_US
02-26 00:30:02.985  4372  5532 W KeyphraseEnrollmentInfo: No enrollment application supports the given keyphrase/locale: 'X Google'/ar_EG
02-26 00:30:02.985  4372  5532 W KeyphraseEnrollmentInfo: No enrollment application supports the given keyphrase/locale: 'X Google'/en_US
02-26 00:30:02.985  4372  5532 W KeyphraseEnrollmentInfo: No enrollment application supports the given keyphrase/locale: 'Ok Google'/en_US
02-26 00:30:02.985  4372  5532 W KeyphraseEnrollmentInfo: No enrollment application supports the given keyphrase/locale: 'Ok Google'/ar_EG
02-26 00:30:02.985  4372  5532 W KeyphraseEnrollmentInfo: No enrollment application supports the given keyphrase/locale: 'Ok Google'/en_US
02-26 00:30:02.986  4372  5532 W KeyphraseEnrollmentInfo: No enrollment application supports the given keyphrase/locale: 'Y Google'/en_US
02-26 00:30:03.511  6659  6659 E ActivityThread: Failed to find provider info for com.microsoft.yourphonecompanion.contentprovider.featureoverride
02-26 00:30:03.527  6659  6659 E ActivityThread: Failed to find provider info for com.samsung.android.mdx.windowslink.Tile.Provider
02-26 00:30:08.070  6545  7115 E ActivityThread: Failed to find provider info for com.microsoft.intune.mam.policy
02-26 00:30:14.717  7166  7166 W ActivityThread: ClassLoader.loadClass: The class loader returned by Thread.getContextClassLoader() may fail for processes that host multiple applications. You should explicitly specify a context class loader. For example: Thread.setContextClassLoader(getClass().getClassLoader());
02-26 00:30:22.424  6545  7115 E ActivityThread: Failed to find provider info for com.microsoft.intune.mam.policy
02-26 00:30:27.296  6545  6738 E ActivityThread: Failed to find provider info for com.microsoft.intune.mam.policy
02-26 00:30:27.876  6545  6557 E ActivityThread: Failed to find provider info for com.microsoft.intune.mam.policy
02-26 00:30:31.114  8844  8844 E ActivityThread: Failed to find provider info for com.microsoft.yourphonecompanion.contentprovider.featureoverride
02-26 00:30:31.193  8844  8844 E ActivityThread: Failed to find provider info for com.samsung.android.mdx.windowslink.Tile.Provider
02-26 00:30:33.850  9251  9251 E ActivityThread: Failed to find provider info for com.microsoft.yourphonecompanion.contentprovider.featureoverride
02-26 00:30:33.879  9251  9251 E ActivityThread: Failed to find provider info for com.samsung.android.mdx.windowslink.Tile.Provider
02-26 00:30:35.306  9251  9265 E ActivityThread: Failed to find provider info for com.microsoft.intune.mam.policy
02-26 00:30:39.662  9563  9563 W ActivityThread: ClassLoader.loadClass: The class loader returned by Thread.getContextClassLoader() may fail for processes that host multiple applications. You should explicitly specify a context class loader. For example: Thread.setContextClassLoader(getClass().getClassLoader());
02-26 00:30:40.290  8153  8153 I ActivityThread: Removing dead content provider:android.content.ContentProviderProxy@7cdbb68
02-26 00:30:45.415  9251  9265 E ActivityThread: Failed to find provider info for com.microsoft.intune.mam.policy
02-26 00:30:45.848  9251  9265 E ActivityThread: Failed to find provider info for com.microsoft.intune.mam.policy
02-26 00:30:47.044  9251  9264 E ActivityThread: Failed to find provider info for com.microsoft.intune.mam.policy
02-26 00:30:48.846  9251  9264 E ActivityThread: Failed to find provider info for com.microsoft.intune.mam.policy
02-26 00:30:49.585  9619 10067 E ActivityThread: Failed to find provider info for com.samsung.android.scloud.app.ui.datamigrator.linkcontext
02-26 00:30:50.405  9251  9362 E ActivityThread: Failed to find provider info for com.microsoft.intune.mam.policy
02-26 00:30:53.770  9765 10242 W ActivityThread: ClassLoader.loadClass: The class loader returned by Thread.getContextClassLoader() may fail for processes that host multiple applications. You should explicitly specify a context class loader. For example: Thread.setContextClassLoader(getClass().getClassLoader());
02-26 00:30:57.690 11058 11058 E ActivityThread: Failed to find provider info for com.microsoft.yourphonecompanion.contentprovider.featureoverride
02-26 00:30:57.795 11058 11058 E ActivityThread: Failed to find provider info for com.samsung.android.mdx.windowslink.Tile.Provider
02-26 00:31:07.647 11769 11769 E ActivityThread: Failed to find provider info for com.microsoft.yourphonecompanion.contentprovider.featureoverride
02-26 00:31:07.785 11769 11769 E ActivityThread: Failed to find provider info for com.samsung.android.mdx.windowslink.Tile.Provider
02-26 00:31:11.917 11769 11783 E ActivityThread: Failed to find provider info for com.microsoft.intune.mam.policy
02-26 00:31:18.275 12160 12160 W ActivityThread: ClassLoader.loadClass: The class loader returned by Thread.getContextClassLoader() may fail for processes that host multiple applications. You should explicitly specify a context class loader. For example: Thread.setContextClassLoader(getClass().getClassLoader());
02-26 00:31:27.171 11769 11783 E ActivityThread: Failed to find provider info for com.microsoft.intune.mam.policy
02-26 00:31:27.198 11769 11949 E ActivityThread: Failed to find provider info for com.microsoft.intune.mam.policy
02-26 00:31:30.818 11769 12915 E ActivityThread: Failed to find provider info for com.microsoft.intune.mam.policy
02-26 00:31:36.627  1421  1538 D BatteryStatsService: notePemString  noteWhich: 49,arg1: 1080, arg2: 2214, arg3: 13358, arg4: 1, name: com.example.focus_mate
02-26 00:31:37.367 13061 13154 I ActivityThread: Removing dead content provider:android.content.ContentProviderProxy@b497bf9
02-26 00:31:40.270  1421  1538 D BatteryStatsService: notePemString  noteWhich: 49,arg1: 1080, arg2: 2214, arg3: 13358, arg4: 1, name: com.example.focus_mate
02-26 00:31:40.271 13504 13504 E ActivityThread: Failed to find provider info for com.microsoft.yourphonecompanion.contentprovider.featureoverride
02-26 00:31:40.418 13504 13504 E ActivityThread: Failed to find provider info for com.samsung.android.mdx.windowslink.Tile.Provider
02-26 00:31:41.586 13743 13743 E ActivityThread: Failed to find provider info for com.microsoft.yourphonecompanion.contentprovider.featureoverride
02-26 00:31:41.611 13743 13743 E ActivityThread: Failed to find provider info for com.samsung.android.mdx.windowslink.Tile.Provider
02-26 00:31:47.447 13504 13521 E ActivityThread: Failed to find provider info for com.microsoft.intune.mam.policy
02-26 00:31:52.428 13247 13247 I ActivityThread: Removing dead content provider:android.content.ContentProviderProxy@7f8010a
02-26 00:31:56.942 14170 14170 W ActivityThread: ClassLoader.loadClass: The class loader returned by Thread.getContextClassLoader() may fail for processes that host multiple applications. You should explicitly specify a context class loader. For example: Thread.setContextClassLoader(getClass().getClassLoader());
02-26 00:31:59.002 14706 14706 W ContextImpl: Calling a method in the system process without a qualified user: android.app.ContextImpl.startService:1840 android.content.ContextWrapper.startService:776 com.vivo.contentcatcher.server.specialtreatment.vtouch.GestureHandlerService.checkCoreServerPrepared:55 com.vivo.contentcatcher.server.specialtreatment.vtouch.GestureHandlerService.onStartCommand:40 com.vivo.contentcatcher.proxy.wrappers.ServiceBaseWrapper.onStartCommand:64 
02-26 00:32:01.891 14706 15049 W ContextImpl: Calling a method in the system process without a qualified user: android.app.ContextImpl.bindService:1932 android.content.ContextWrapper.bindService:812 com.vivo.contentcatcher.server.specialtreatment.vtouch.mall.ShopUrlManager$1.run:69 android.os.Handler.handleCallback:938 android.os.Handler.dispatchMessage:99 
02-26 00:32:01.894 14706 15049 W ContextImpl: Calling a method in the system process without a qualified user: android.app.ContextImpl.bindService:1932 android.content.ContextWrapper.bindService:812 com.vivo.contentcatcher.server.specialtreatment.vtouch.VTouch$1.run:99 android.os.Handler.handleCallback:938 android.os.Handler.dispatchMessage:99 
02-26 00:32:02.657 13504 13523 E ActivityThread: Failed to find provider info for com.microsoft.intune.mam.policy
02-26 00:32:03.858 13504 13520 E ActivityThread: Failed to find provider info for com.microsoft.intune.mam.policy
02-26 00:32:05.068 14706 14706 W ContextImpl: Calling a method in the system process without a qualified user: android.app.ContextImpl.startService:1840 android.content.ContextWrapper.startService:776 com.vivo.contentcatcher.jargenerate.AppFeature.onCreate:33 com.vivo.contentcatcher.proxy.wrappers.ApplicationBaseWrapper.processRepresentedClass:39 com.vivo.contentcatcher.proxy.wrappers.ApplicationBaseWrapper$1.onBridgeActionEnd:25 
02-26 00:32:05.071 14706 14706 W ContextImpl: Calling a method in the system process without a qualified user: android.app.ContextImpl.startService:1840 android.content.ContextWrapper.startService:776 com.vivo.contentcatcher.jargenerate.AppFeature.onCreate:37 com.vivo.contentcatcher.proxy.wrappers.ApplicationBaseWrapper.processRepresentedClass:39 com.vivo.contentcatcher.proxy.wrappers.ApplicationBaseWrapper$1.onBridgeActionEnd:25 
02-26 00:32:05.073 14706 14706 W ContextImpl: Calling a method in the system process without a qualified user: android.app.ContextImpl.startService:1840 android.content.ContextWrapper.startService:776 com.vivo.contentcatcher.jargenerate.AppFeature.onCreate:41 com.vivo.contentcatcher.proxy.wrappers.ApplicationBaseWrapper.processRepresentedClass:39 com.vivo.contentcatcher.proxy.wrappers.ApplicationBaseWrapper$1.onBridgeActionEnd:25 
02-26 00:32:05.076 14706 14706 W ContextImpl: Calling a method in the system process without a qualified user: android.app.ContextImpl.startService:1840 android.content.ContextWrapper.startService:776 com.vivo.contentcatcher.jargenerate.AppFeature.onCreate:45 com.vivo.contentcatcher.proxy.wrappers.ApplicationBaseWrapper.processRepresentedClass:39 com.vivo.contentcatcher.proxy.wrappers.ApplicationBaseWrapper$1.onBridgeActionEnd:25 
02-26 00:32:05.079 14706 14706 W ContextImpl: Calling a method in the system process without a qualified user: android.app.ContextImpl.startService:1840 android.content.ContextWrapper.startService:776 com.vivo.contentcatcher.jargenerate.AppFeature.onCreate:49 com.vivo.contentcatcher.proxy.wrappers.ApplicationBaseWrapper.processRepresentedClass:39 com.vivo.contentcatcher.proxy.wrappers.ApplicationBaseWrapper$1.onBridgeActionEnd:25 
02-26 00:32:05.525 13504 13523 E ActivityThread: Failed to find provider info for com.microsoft.intune.mam.policy
02-26 00:32:07.207 13504 13523 E ActivityThread: Failed to find provider info for com.microsoft.intune.mam.policy
02-26 00:32:12.862 15578 15578 E ActivityThread: Failed to find provider info for com.microsoft.yourphonecompanion.contentprovider.featureoverride
02-26 00:32:13.004 15578 15578 E ActivityThread: Failed to find provider info for com.samsung.android.mdx.windowslink.Tile.Provider
02-26 00:32:13.551 15758 15758 E ActivityThread: Failed to find provider info for com.microsoft.yourphonecompanion.contentprovider.featureoverride
02-26 00:32:13.585 15758 15758 E ActivityThread: Failed to find provider info for com.samsung.android.mdx.windowslink.Tile.Provider
02-26 00:32:18.313 15669 16304 E ActivityThread: Failed to find provider info for com.facebook.katana.provider.LastUsedTimestampProvider
02-26 00:32:18.321 15669 16304 E ActivityThread: Failed to find provider info for com.facebook.wakizashi.provider.LastUsedTimestampProvider
02-26 00:32:18.326 15669 16304 E ActivityThread: Failed to find provider info for com.facebook.orca.provider.LastUsedTimestampProvider
02-26 00:32:18.336 15669 16304 E ActivityThread: Failed to find provider info for com.facebook.lite.provider.LastUsedTimestampProvider
02-26 00:32:19.158 15578 15596 E ActivityThread: Failed to find provider info for com.microsoft.intune.mam.policy
02-26 00:32:21.421 15669 16502 E ActivityThread: Failed to find provider info for com.facebook.katana.provider.LastUsedTimestampProvider
02-26 00:32:21.428 15669 16502 E ActivityThread: Failed to find provider info for com.facebook.wakizashi.provider.LastUsedTimestampProvider
02-26 00:32:21.432 15669 16502 E ActivityThread: Failed to find provider info for com.facebook.orca.provider.LastUsedTimestampProvider
02-26 00:32:21.440 15669 16502 E ActivityThread: Failed to find provider info for com.facebook.lite.provider.LastUsedTimestampProvider
02-26 00:32:21.754 15578 15601 E ActivityThread: Failed to find provider info for com.microsoft.intune.mam.policy
02-26 00:32:26.202 16711 16711 W ActivityThread: ClassLoader.loadClass: The class loader returned by Thread.getContextClassLoader() may fail for processes that host multiple applications. You should explicitly specify a context class loader. For example: Thread.setContextClassLoader(getClass().getClassLoader());
02-26 00:32:32.660 15578 16532 E ActivityThread: Failed to find provider info for com.microsoft.intune.mam.policy
02-26 00:32:33.486 15578 16532 E ActivityThread: Failed to find provider info for com.microsoft.intune.mam.policy
02-26 00:32:34.766 15578 15601 E ActivityThread: Failed to find provider info for com.microsoft.intune.mam.policy
02-26 00:32:36.576 15578 16532 E ActivityThread: Failed to find provider info for com.microsoft.intune.mam.policy
02-26 00:32:37.028 15578 16532 E ActivityThread: Failed to find provider info for com.microsoft.intune.mam.policy
02-26 00:32:38.636 16673 17225 E ActivityThread: Failed to find provider info for com.samsung.android.scloud.app.ui.datamigrator.linkcontext
02-26 00:32:47.124 18354 18354 E ActivityThread: Failed to find provider info for com.microsoft.yourphonecompanion.contentprovider.featureoverride
02-26 00:32:47.250 18354 18354 E ActivityThread: Failed to find provider info for com.samsung.android.mdx.windowslink.Tile.Provider
02-26 00:32:51.947 15578 15596 E ActivityThread: Failed to find provider info for com.microsoft.intune.mam.policy
02-26 00:33:04.745 19602 19602 W ActivityThread: ClassLoader.loadClass: The class loader returned by Thread.getContextClassLoader() may fail for processes that host multiple applications. You should explicitly specify a context class loader. For example: Thread.setContextClassLoader(getClass().getClassLoader());
02-26 00:33:06.242 15578 18311 E ActivityThread: Failed to find provider info for com.microsoft.intune.mam.policy
02-26 00:33:06.857 15578 15596 E ActivityThread: Failed to find provider info for com.microsoft.intune.mam.policy
02-26 00:33:08.217 15578 18311 E ActivityThread: Failed to find provider info for com.microsoft.intune.mam.policy
02-26 00:33:10.045 15578 15596 E ActivityThread: Failed to find provider info for com.microsoft.intune.mam.policy
02-26 00:33:16.166  1421  2397 I ActivityManager: Finished processing BOOT_COMPLETED for u0
02-26 00:33:18.775 15578 15595 E ActivityThread: Failed to find provider info for com.microsoft.intune.mam.policy
02-26 00:33:19.542 19013 19208 E ActivityThread: Failed to find provider info for com.samsung.android.scloud.app.ui.datamigrator.linkcontext
02-26 00:33:26.629  1421  2833 I ActivityManager: Finished processing BOOT_COMPLETED for u999
02-26 00:33:29.788 21056 21056 E ActivityThread: Failed to find provider info for com.microsoft.yourphonecompanion.contentprovider.featureoverride
02-26 00:33:29.822 21056 21056 E ActivityThread: Failed to find provider info for com.samsung.android.mdx.windowslink.Tile.Provider
02-26 00:33:41.254 15578 18311 E ActivityThread: Failed to find provider info for com.microsoft.intune.mam.policy
02-26 00:33:49.856 21056 21056 I ActivityThread: Removing dead content provider:android.content.ContentProviderProxy@608a48
02-26 00:33:50.297 22081 22081 W ActivityThread: ClassLoader.loadClass: The class loader returned by Thread.getContextClassLoader() may fail for processes that host multiple applications. You should explicitly specify a context class loader. For example: Thread.setContextClassLoader(getClass().getClassLoader());
02-26 00:33:56.044 22673 22673 E ActivityThread: Failed to find provider info for com.microsoft.yourphonecompanion.contentprovider.featureoverride
02-26 00:33:56.876 22673 22673 E ActivityThread: Failed to find provider info for com.samsung.android.mdx.windowslink.Tile.Provider
02-26 00:33:58.107 22833 22833 E ActivityThread: Failed to find provider info for com.microsoft.yourphonecompanion.contentprovider.featureoverride
02-26 00:33:58.135 22833 22833 E ActivityThread: Failed to find provider info for com.samsung.android.mdx.windowslink.Tile.Provider
02-26 00:34:07.407 22673 22689 E ActivityThread: Failed to find provider info for com.microsoft.intune.mam.policy
02-26 00:34:09.231 23113 23516 E ActivityThread: Failed to find provider info for com.cootek.smartinputv5.language.oem.cht.com.mobutils.android.mediation.priority
02-26 00:34:09.233 23113 23516 E ActivityThread: Failed to find provider info for com.cootek.smartinputv5.language.oem.cht.com.mobutils.android.mediation.priority
02-26 00:34:09.235 23113 23516 E ActivityThread: Failed to find provider info for com.cootek.smartinputv5.language.oem.chs.com.mobutils.android.mediation.priority
02-26 00:34:09.240 23113 23516 E ActivityThread: Failed to find provider info for com.cootek.smartinputv5.language.oem.chs.com.mobutils.android.mediation.priority
02-26 00:34:09.243 23113 23516 E ActivityThread: Failed to find provider info for com.cootek.smartinputv5.language.oem.kazakh.com.mobutils.android.mediation.priority
02-26 00:34:09.248 23113 23516 E ActivityThread: Failed to find provider info for com.cootek.smartinputv5.language.oem.kazakh.com.mobutils.android.mediation.priority
02-26 00:34:09.250 23113 23516 E ActivityThread: Failed to find provider info for com.cootek.smartinputv5.language.oem.cangjie.com.mobutils.android.mediation.priority
02-26 00:34:09.286 23113 23516 E ActivityThread: Failed to find provider info for com.cootek.smartinputv5.language.oem.cangjie.com.mobutils.android.mediation.priority
02-26 00:34:09.292 23113 23516 E ActivityThread: Failed to find provider info for com.cootek.smartinputv5.language.oem.tifinagh.com.mobutils.android.mediation.priority
02-26 00:34:09.305 23113 23516 E ActivityThread: Failed to find provider info for com.cootek.smartinputv5.language.oem.tifinagh.com.mobutils.android.mediation.priority
02-26 00:34:09.310 23113 23516 E ActivityThread: Failed to find provider info for com.cootek.smartinputv5.language.oem.ukrainian.com.mobutils.android.mediation.priority
02-26 00:34:09.322 23113 23516 E ActivityThread: Failed to find provider info for com.cootek.smartinputv5.language.oem.ukrainian.com.mobutils.android.mediation.priority
02-26 00:34:09.325 23113 23516 E ActivityThread: Failed to find provider info for com.cootek.smartinputv5.language.oem.khmer.com.mobutils.android.mediation.priority
02-26 00:34:09.328 23113 23516 E ActivityThread: Failed to find provider info for com.cootek.smartinputv5.language.oem.khmer.com.mobutils.android.mediation.priority
02-26 00:34:09.333 23113 23516 E ActivityThread: Failed to find provider info for com.cootek.smartinputv5.language.oem.zawgyi.com.mobutils.android.mediation.priority
02-26 00:34:09.344 23113 23516 E ActivityThread: Failed to find provider info for com.cootek.smartinputv5.language.oem.zawgyi.com.mobutils.android.mediation.priority
02-26 00:34:09.358 23113 23516 E ActivityThread: Failed to find provider info for com.cootek.smartinputv5.language.oem.indonesian.com.mobutils.android.mediation.priority
02-26 00:34:09.360 23113 23516 E ActivityThread: Failed to find provider info for com.cootek.smartinputv5.language.oem.indonesian.com.mobutils.android.mediation.priority
02-26 00:34:09.377 23113 23516 E ActivityThread: Failed to find provider info for com.cootek.smartinputv5.language.oem.malayan.com.mobutils.android.mediation.priority
02-26 00:34:09.380 23113 23516 E ActivityThread: Failed to find provider info for com.cootek.smartinputv5.language.oem.malayan.com.mobutils.android.mediation.priority
02-26 00:34:09.388 23113 23516 E ActivityThread: Failed to find provider info for com.cootek.smartinputv5.skin.keyboard_vivo_night.com.mobutils.android.mediation.priority
02-26 00:34:09.396 23113 23516 E ActivityThread: Failed to find provider info for com.cootek.smartinputv5.skin.keyboard_vivo_night.com.mobutils.android.mediation.priority
02-26 00:34:09.401 23113 23516 E ActivityThread: Failed to find provider info for com.cootek.smartinputv5.language.oem.burmese.com.mobutils.android.mediation.priority
02-26 00:34:09.405 23113 23516 E ActivityThread: Failed to find provider info for com.cootek.smartinputv5.language.oem.burmese.com.mobutils.android.mediation.priority
02-26 00:34:09.415 23113 23516 E ActivityThread: Failed to find provider info for com.cootek.smartinputv5.language.oem.vietnam.com.mobutils.android.mediation.priority
02-26 00:34:09.459 23113 23516 E ActivityThread: Failed to find provider info for com.cootek.smartinputv5.language.oem.vietnam.com.mobutils.android.mediation.priority
02-26 00:34:09.476 23113 23516 E ActivityThread: Failed to find provider info for com.cootek.smartinputv5.language.oem.bengali.com.mobutils.android.mediation.priority
02-26 00:34:09.495 23113 23516 E ActivityThread: Failed to find provider info for com.cootek.smartinputv5.language.oem.bengali.com.mobutils.android.mediation.priority
02-26 00:34:09.535 23113 23516 E ActivityThread: Failed to find provider info for com.cootek.smartinputv5.language.oem.sinhala.com.mobutils.android.mediation.priority
02-26 00:34:09.544 23113 23516 E ActivityThread: Failed to find provider info for com.cootek.smartinputv5.language.oem.sinhala.com.mobutils.android.mediation.priority
02-26 00:34:09.558 23113 23516 E ActivityThread: Failed to find provider info for com.cootek.smartinputv5.language.oem.french.com.mobutils.android.mediation.priority
02-26 00:34:09.583 23113 23516 E ActivityThread: Failed to find provider info for com.cootek.smartinputv5.language.oem.french.com.mobutils.android.mediation.priority
02-26 00:34:09.605 23113 23516 E ActivityThread: Failed to find provider info for com.cootek.smartinputv5.language.oem.thai.com.mobutils.android.mediation.priority
02-26 00:34:09.610 23113 23516 E ActivityThread: Failed to find provider info for com.cootek.smartinputv5.language.oem.thai.com.mobutils.android.mediation.priority
02-26 00:34:09.619 23113 23516 E ActivityThread: Failed to find provider info for com.cootek.smartinputv5.language.oem.nepali.com.mobutils.android.mediation.priority
02-26 00:34:09.625 23113 23516 E ActivityThread: Failed to find provider info for com.cootek.smartinputv5.language.oem.nepali.com.mobutils.android.mediation.priority
02-26 00:34:09.632 23113 23516 E ActivityThread: Failed to find provider info for com.cootek.smartinputv5.skin.keyboard_vivo.com.mobutils.android.mediation.priority
02-26 00:34:09.639 23113 23516 E ActivityThread: Failed to find provider info for com.cootek.smartinputv5.skin.keyboard_vivo.com.mobutils.android.mediation.priority
02-26 00:34:09.693 23113 23516 E ActivityThread: Failed to find provider info for com.cootek.smartinputv5.language.oem.arabic.com.mobutils.android.mediation.priority
02-26 00:34:09.713 23113 23516 E ActivityThread: Failed to find provider info for com.cootek.smartinputv5.language.oem.arabic.com.mobutils.android.mediation.priority
02-26 00:34:09.765 23113 23516 E ActivityThread: Failed to find provider info for com.cootek.smartinputv5.language.oem.tagalog.com.mobutils.android.mediation.priority
02-26 00:34:09.772 23113 23516 E ActivityThread: Failed to find provider info for com.cootek.smartinputv5.language.oem.tagalog.com.mobutils.android.mediation.priority
02-26 00:34:09.777 23113 23516 E ActivityThread: Failed to find provider info for com.cootek.smartinputv5.language.oem.urdu.com.mobutils.android.mediation.priority
02-26 00:34:09.780 23113 23516 E ActivityThread: Failed to find provider info for com.cootek.smartinputv5.language.oem.urdu.com.mobutils.android.mediation.priority
02-26 00:34:09.787 23113 23516 E ActivityThread: Failed to find provider info for com.cootek.smartinputv5.language.oem.chs.handwrite.com.mobutils.android.mediation.priority
02-26 00:34:09.810 23113 23516 E ActivityThread: Failed to find provider info for com.cootek.smartinputv5.language.oem.chs.handwrite.com.mobutils.android.mediation.priority
02-26 00:34:09.814 23113 23516 E ActivityThread: Failed to find provider info for com.cootek.smartinputv5.language.oem.russian.com.mobutils.android.mediation.priority
02-26 00:34:09.823 23113 23516 E ActivityThread: Failed to find provider info for com.cootek.smartinputv5.language.oem.russian.com.mobutils.android.mediation.priority
--------- beginning of main
02-26 00:35:39.318  3530  3530 D BoundBrokerSvc: onUnbind: Intent { act=com.google.android.gms.libs.gmscorelogger.service.START dat=chimera-action: cmp=com.google.android.gms/.chimera.PersistentDirectBootAwareApiService }
02-26 00:35:42.176 26060 26218 W DGW     : W[operator():215] StreamGroupRetriableNetworkLayer[rpsignaling] unable to connect after 5 seconds
02-26 00:35:42.388 26060 26228 I DGW     : I[notifyStreamGroupError:1789] StreamGroupTransport[rpsignaling] notify StreamGroup error: StreamGroupNetworkRequest request cancelled: max retries reached; last err (TransientError domain: MNSHTTPClient code: 3 detail: Host session was closed, num pending transactions: 1)
02-26 00:35:42.392 26060 26228 W DGW     : W[setEnabled:198] StreamGroupPinger[rpsignaling]: setEnabled: 0
02-26 00:35:47.402 26060 26218 W DGW     : W[onPingFailure:618] ConnectivityManager ping failure Ping Timeout
02-26 00:35:47.403 26060 26218 W DGW     : W[operator():215] StreamGroupRetriableNetworkLayer[rpsignaling] unable to connect after 5 seconds
02-26 00:35:47.405 26060 26218 W DGW     : W[onPingFailure:618] ConnectivityManager ping failure TransientError domain: MNSHTTPClient code: 3 detail: Host session was closed, num pending transactions: 2
02-26 00:35:47.616 26060 26228 I DGW     : I[notifyStreamGroupError:1789] StreamGroupTransport[rpsignaling] notify StreamGroup error: StreamGroupNetworkRequest request cancelled: max retries reached; last err (TransientError domain: MNSHTTPClient code: 3 detail: Host session was closed, num pending transactions: 2)
02-26 00:35:47.620 26060 26228 W DGW     : W[setEnabled:198] StreamGroupPinger[rpsignaling]: setEnabled: 0
02-26 00:35:50.845 25355 25392 I Finsky  : [231] Stats for Executor: LightweightExecutor uyh@f476188[Running, pool size = 4, active threads = 0, queued tasks = 0, completed tasks = 205]
02-26 00:35:50.860 25355 25392 I Finsky  : [231] Stats for Executor: BlockingExecutor uyh@84c2721[Running, pool size = 3, active threads = 0, queued tasks = 0, completed tasks = 29]
02-26 00:35:50.892 25355 25392 I Finsky  : [231] Stats for Executor: bgExecutor uyh@dee746[Running, pool size = 4, active threads = 0, queued tasks = 0, completed tasks = 151]
02-26 00:35:52.628 26060 26218 W DGW     : W[operator():215] StreamGroupRetriableNetworkLayer[rpsignaling] unable to connect after 5 seconds
02-26 00:35:52.840 26060 26228 I DGW     : I[notifyStreamGroupError:1789] StreamGroupTransport[rpsignaling] notify StreamGroup error: StreamGroupNetworkRequest request cancelled: max retries reached; last err (TransientError domain: MNSHTTPClient code: 3 detail: Host session was closed, num pending transactions: 1)
02-26 00:35:52.845 26060 26228 W DGW     : W[setEnabled:198] StreamGroupPinger[rpsignaling]: setEnabled: 0
02-26 00:35:57.852 26060 26218 W DGW     : W[onPingFailure:618] ConnectivityManager ping failure Ping Timeout
02-26 00:35:57.853 26060 26218 W DGW     : W[operator():215] StreamGroupRetriableNetworkLayer[rpsignaling] unable to connect after 5 seconds
02-26 00:35:57.854 26060 26218 W DGW     : W[onPingFailure:618] ConnectivityManager ping failure TransientError domain: MNSHTTPClient code: 3 detail: Host session was closed, num pending transactions: 2
02-26 00:35:58.064 26060 26228 I DGW     : I[notifyStreamGroupError:1789] StreamGroupTransport[rpsignaling] notify StreamGroup error: StreamGroupNetworkRequest request cancelled: max retries reached; last err (TransientError domain: MNSHTTPClient code: 3 detail: Host session was closed, num pending transactions: 2)
02-26 00:35:58.069 26060 26228 W DGW     : W[setEnabled:198] StreamGroupPinger[rpsignaling]: setEnabled: 0
02-26 00:36:00.972 25355 25392 I Finsky  : [231] Stats for Executor: GrpcBackgroundExecutor uyh@e9585ff[Running, pool size = 1, active threads = 0, queued tasks = 0, completed tasks = 1]
02-26 00:36:03.080 26060 26218 W DGW     : W[operator():215] StreamGroupRetriableNetworkLayer[rpsignaling] unable to connect after 5 seconds
02-26 00:36:03.300 26060 26228 I DGW     : I[notifyStreamGroupError:1789] StreamGroupTransport[rpsignaling] notify StreamGroup error: StreamGroupNetworkRequest request cancelled: max retries reached; last err (TransientError domain: MNSHTTPClient code: 3 detail: Host session was closed, num pending transactions: 1)
02-26 00:36:03.305 26060 26228 W DGW     : W[setEnabled:198] StreamGroupPinger[rpsignaling]: setEnabled: 0
02-26 00:36:04.017 15669 16545 E msys    : E[N MQTT]readErr(151)=>TCPStreamTransport readErr
02-26 00:36:04.018 15669 16545 E msys    : E[N MQTT]onReadError(657)=>Read Error: AsyncSocketException: recv() failed (peer=**************:443), type = Internal error, errno = 104 (Connection reset by peer)
02-26 00:36:04.039 15669 16266 W RealtimeClientManager: Channel state: MqttChannelState{mConnectionState=DISCONNECTED, mDisconnectionReason=null, mLastConnectionMs=253893, mLastDisconnectMs=477090}
02-26 00:36:04.072 15669 16266 W RealtimeClientManager: Channel state: MqttChannelState{mConnectionState=CONNECTING, mDisconnectionReason=null, mLastConnectionMs=253893, mLastDisconnectMs=477090}
02-26 00:36:04.201 15669 16266 W RealtimeClientManager: Channel state: MqttChannelState{mConnectionState=CONNECTED, mDisconnectionReason=null, mLastConnectionMs=253893, mLastDisconnectMs=477090}
02-26 00:36:04.630 15669 16266 W RealtimeClientManager: Channel state: MqttChannelState{mConnectionState=CONNECTED_AND_ACKED, mDisconnectionReason=null, mLastConnectionMs=477681, mLastDisconnectMs=477090}
02-26 00:36:07.835  3530 26368 I NetworkScheduler.Stats: (REDACTED) Task %s/%s finished executing. cause:%s result: %s elapsed_millis: %s uptime_millis: %s exec_start_elapsed_seconds: %s
02-26 00:36:07.858  3530 26368 I NetworkScheduler.Stats: (REDACTED) Task %s/%s started execution. cause:%s exec_start_elapsed_seconds: %s
02-26 00:36:08.312 26060 26218 W DGW     : W[onPingFailure:618] ConnectivityManager ping failure Ping Timeout
02-26 00:36:08.313 26060 26218 W DGW     : W[operator():215] StreamGroupRetriableNetworkLayer[rpsignaling] unable to connect after 5 seconds
02-26 00:36:08.314 26060 26218 W DGW     : W[onPingFailure:618] ConnectivityManager ping failure TransientError domain: MNSHTTPClient code: 3 detail: Host session was closed, num pending transactions: 2
02-26 00:36:08.524 26060 26228 I DGW     : I[notifyStreamGroupError:1789] StreamGroupTransport[rpsignaling] notify StreamGroup error: StreamGroupNetworkRequest request cancelled: max retries reached; last err (TransientError domain: MNSHTTPClient code: 3 detail: Host session was closed, num pending transactions: 2)
02-26 00:36:08.528 26060 26228 W DGW     : W[setEnabled:198] StreamGroupPinger[rpsignaling]: setEnabled: 0
02-26 00:36:08.946 26383 26383 E napchat.androi: Not starting debugger since process cannot load the jdwp agent.
02-26 00:36:08.953 26383 26383 D ProcessState: Binder ioctl to enable oneway spam detection failed: Invalid argument
02-26 00:36:08.996 26383 26383 D CompatibilityChangeReporter: Compat change id reported: 171979766; UID 99910091; state: ENABLED
02-26 00:36:09.473 26383 26383 W napchat.androi: Entry not found
02-26 00:36:09.475 26383 26383 W napchat.androi: Entry not found
02-26 00:36:09.477 26383 26383 W napchat.androi: Entry not found
02-26 00:36:09.478 26383 26383 W napchat.androi: Entry not found
02-26 00:36:09.480 26383 26383 W napchat.androi: Entry not found
02-26 00:36:09.482 26383 26383 W napchat.androi: Entry not found
02-26 00:36:09.484 26383 26383 W napchat.androi: Entry not found
02-26 00:36:09.506 26383 26383 W napchat.androi: JIT profile information will not be recorded: profile file does not exist.
02-26 00:36:09.507 26383 26383 W napchat.androi: JIT profile information will not be recorded: profile file does not exist.
02-26 00:36:09.507 26383 26383 W napchat.androi: JIT profile information will not be recorded: profile file does not exist.
02-26 00:36:09.507 26383 26383 W napchat.androi: JIT profile information will not be recorded: profile file does not exist.
02-26 00:36:09.507 26383 26383 W napchat.androi: JIT profile information will not be recorded: profile file does not exist.
02-26 00:36:09.508 26383 26383 W napchat.androi: JIT profile information will not be recorded: profile file does not exist.
02-26 00:36:09.508 26383 26383 W napchat.androi: JIT profile information will not be recorded: profile file does not exist.
02-26 00:36:09.556 26383 26383 V GraphicsEnvironment: ANGLE Developer option for 'com.snapchat.android' set to: 'default'
02-26 00:36:09.556 26383 26383 V GraphicsEnvironment: Neither updatable production driver nor prerelease driver is supported.
