02-26 00:38:11.171  3530 27106 I NetworkScheduler.Stats: (REDACTED) HousekeepingTask %s/%s finished executing. cause:%s result: %s elapsed_millis: %s uptime_millis: %s exec_start_elapsed_seconds: %s
02-26 00:38:11.181  3530 27106 I NetworkScheduler.Stats: (REDACTED) Task %s/%s finished executing. cause:%s result: %s elapsed_millis: %s uptime_millis: %s exec_start_elapsed_seconds: %s
02-26 00:38:11.225 27117 27117 E .android.chrom: Not starting debugger since process cannot load the jdwp agent.
02-26 00:38:11.232 27117 27117 D ProcessState: Binder ioctl to enable oneway spam detection failed: Invalid argument
02-26 00:38:11.286 27117 27117 D CompatibilityChangeReporter: Compat change id reported: 171979766; UID 10139; state: ENABLED
02-26 00:38:11.293  3530 27106 I NetworkScheduler.Stats: (REDACTED) Task %s/%s finished executing. cause:%s result: %s elapsed_millis: %s uptime_millis: %s exec_start_elapsed_seconds: %s
02-26 00:38:11.327 27117 27117 W .android.chrom: Entry not found
02-26 00:38:11.332  3530 27106 I NetworkScheduler.Stats: (REDACTED) Task %s/%s started execution. cause:%s exec_start_elapsed_seconds: %s
02-26 00:38:11.395 27117 27117 W .android.chrom: JIT profile information will not be recorded: profile file does not exist.
02-26 00:38:11.422 27117 27117 V GraphicsEnvironment: ANGLE Developer option for 'com.android.chrome' set to: 'default'
02-26 00:38:11.422 27117 27117 V GraphicsEnvironment: Neither updatable production driver nor prerelease driver is supported.
02-26 00:38:11.430 27117 27117 I LoadedApk: No resource references to update in package com.google.android.trichromelibrary
02-26 00:38:11.432 27117 27117 D NetworkSecurityConfig: Using Network Security Config from resource 0_resource_name_obfuscated debugBuild: false
02-26 00:38:11.435 27117 27117 D NetworkSecurityConfig: Using Network Security Config from resource 0_resource_name_obfuscated debugBuild: false
02-26 00:38:11.480 27117 27117 I cr_SplitCompatApp: version=145.0.7632.109 (763210933) minSdkVersion=29 processName=com.android.chrome isIsolatedProcess=false splits=chrome,config.en,on_demand
02-26 00:38:11.575  3530 27106 I AlarmManager: setExactAndAllowWhileIdle [name: GCM_HB_ALARM type: 2 triggerAtMillis: 2344627]
02-26 00:38:11.641  3530  3546 I FontLog : (REDACTED) Received query %s, URI %s
02-26 00:38:11.641  3530  3546 I FontLog : (REDACTED) Query [%s] resolved to %s
02-26 00:38:11.645 27117 27146 I cr_LibraryLoader: Loading monochrome_64 from within /data/app/~~_WeyOmR2Qd5mKoQV3lQ2yQ==/com.android.chrome-tCLU5QKsQWFDNiepNGtsLQ==/base.apk
02-26 00:38:11.650  3530  3546 I FontLog : (REDACTED) Font PFD returned from cache for %s
02-26 00:38:11.651  3530  3546 I FontLog : (REDACTED) Fetch %s end status %s
02-26 00:38:11.660 27117 27146 I cr_Linker: loadLibraryImplLocked: monochrome_64, relroMode=1
02-26 00:38:11.668  3530  3546 I FontLog : (REDACTED) Pulling font file for id = %d, cache size = %d
02-26 00:38:11.719  3530  3546 I FontLog : (REDACTED) Received query %s, URI %s
02-26 00:38:11.720  3530  3546 I FontLog : (REDACTED) Query [%s] resolved to %s
02-26 00:38:11.725  3530  3546 I FontLog : (REDACTED) Font PFD returned from cache for %s
02-26 00:38:11.725  3530  3546 I FontLog : (REDACTED) Fetch %s end status %s
02-26 00:38:11.737  3530  3546 I FontLog : (REDACTED) Pulling font file for id = %d, cache size = %d
02-26 00:38:11.769  3530  3546 I FontLog : (REDACTED) Received query %s, URI %s
02-26 00:38:11.769  3530  3546 I FontLog : (REDACTED) Query [%s] resolved to %s
02-26 00:38:11.772  3530  3546 I FontLog : (REDACTED) Font PFD returned from cache for %s
02-26 00:38:11.773  3530  3546 I FontLog : (REDACTED) Fetch %s end status %s
02-26 00:38:11.779 27117 27154 I FirebaseMessaging: FirebaseApp has not being initialized. Device might be in direct boot mode. Skip exporting delivery metrics to Big Query
02-26 00:38:11.783  3530  3546 I FontLog : (REDACTED) Pulling font file for id = %d, cache size = %d
02-26 00:38:11.806 27117 27146 W libc    : Access denied finding property "ro.vendor.api_level"
02-26 00:38:11.817  3530  8307 I FontLog : (REDACTED) Received query %s, URI %s
02-26 00:38:11.821  3530  8307 I FontLog : (REDACTED) Query [%s] resolved to %s
02-26 00:38:11.824  3530  8307 I FontLog : (REDACTED) Font PFD returned from cache for %s
02-26 00:38:11.824  3530  8307 I FontLog : (REDACTED) Fetch %s end status %s
02-26 00:38:11.833  3530  8307 I FontLog : (REDACTED) Pulling font file for id = %d, cache size = %d
02-26 00:38:11.851  3530  8307 I FontLog : (REDACTED) Received query %s, URI %s
02-26 00:38:11.853  3530  8307 I FontLog : (REDACTED) Query [%s] resolved to %s
02-26 00:38:11.858  3530  8307 I FontLog : (REDACTED) Font PFD returned from cache for %s
02-26 00:38:11.858  3530  8307 I FontLog : (REDACTED) Fetch %s end status %s
02-26 00:38:11.865  3530  8307 I FontLog : (REDACTED) Pulling font file for id = %d, cache size = %d
02-26 00:38:11.890 27117 27146 I cr_LibraryLoader: Successfully loaded native library
02-26 00:38:11.906 27117 27146 I cr_CachingUmaRecorder: Flushed 13 samples from 12 histograms, 0 samples were dropped.
02-26 00:38:11.955  3530 27106 I AlarmManager: setExactAndAllowWhileIdle [name: GCM_HB_ALARM type: 2 triggerAtMillis: 2345007]
02-26 00:38:11.967  3530 27106 I AlarmManager: setExactAndAllowWhileIdle [name: GCM_HB_ALARM type: 2 triggerAtMillis: 2345019]
02-26 00:38:12.144  3530 27082 V NativeCrypto: Read error: ssl=0xb4000072876967d8: I/O error during system call, Connection reset by peer
02-26 00:38:12.154  3530 27078 V NativeCrypto: SSL shutdown failed: ssl=0xb4000072876967d8: I/O error during system call, Broken pipe
02-26 00:38:12.156  3530 27078 W WakeLock: GCM_HB_ALARM release without a matched acquire! [CONTEXT service_id=259 ]
02-26 00:38:12.156  3530 27078 W WakeLock: GCM_HB_ALARM counter does not exist
02-26 00:38:12.177  3530 11358 I NetworkManagementSocketTagger: tagSocketFd(-1, 1031, -1) failed with errno-9
02-26 00:38:12.181  3530 11358 D Linux   : [Posix_connect Debug]Process com.google.android.gms.persistent :5228 
02-26 00:38:12.610  3530 27078 I AlarmManager: setExactAndAllowWhileIdle [name: GCM_HB_ALARM type: 2 triggerAtMillis: 2345662]
02-26 00:38:12.868  3530 11863 I NetworkScheduler.Stats: (REDACTED) Task %s/%s finished executing. cause:%s result: %s elapsed_millis: %s uptime_millis: %s exec_start_elapsed_seconds: %s
02-26 00:38:12.891  3530 11863 I NetworkScheduler.Stats: (REDACTED) Task %s/%s started execution. cause:%s exec_start_elapsed_seconds: %s
02-26 00:38:12.901  3530 27095 I NetworkScheduler.Stats: (REDACTED) Task %s/%s started execution. cause:%s exec_start_elapsed_seconds: %s
02-26 00:38:12.984 26590 26590 D BoundBrokerSvc: onBind: Intent { act=com.google.android.gms.networktransparency.init.NetworkDataUpdateTaskBoundService.ACTION_TASK_READY dat=chimera-action: cmp=com.google.android.gms/.chimera.GmsInternalBoundBrokerService }
02-26 00:38:12.984 26590 26590 D BoundBrokerSvc: Loading bound service for intent: Intent { act=com.google.android.gms.networktransparency.init.NetworkDataUpdateTaskBoundService.ACTION_TASK_READY dat=chimera-action: cmp=com.google.android.gms/.chimera.GmsInternalBoundBrokerService }
02-26 00:38:13.008  3530 27095 I AlarmManager: setExactAndAllowWhileIdle [name: GCM_HB_ALARM type: 2 triggerAtMillis: 2346060]
02-26 00:38:13.023  3530 27095 I AlarmManager: setExactAndAllowWhileIdle [name: GCM_HB_ALARM type: 2 triggerAtMillis: 2346075]
02-26 00:38:13.748 26060 26218 W DGW     : W[operator():215] StreamGroupRetriableNetworkLayer[rpsignaling] unable to connect after 5 seconds
02-26 00:38:13.961 26060 26228 I DGW     : I[notifyStreamGroupError:1789] StreamGroupTransport[rpsignaling] notify StreamGroup error: StreamGroupNetworkRequest request cancelled: max retries reached; last err (TransientError domain: MNSHTTPClient code: 3 detail: Host session was closed, num pending transactions: 1)
02-26 00:38:13.972 26060 26228 W DGW     : W[setEnabled:198] StreamGroupPinger[rpsignaling]: setEnabled: 0
02-26 00:38:13.973  3530 27095 I NetworkScheduler.Stats: (REDACTED) Task %s/%s started execution. cause:%s exec_start_elapsed_seconds: %s
02-26 00:38:13.978  3530 27095 I NetworkScheduler.Stats: (REDACTED) HousekeepingTask %s/%s finished executing. cause:%s result: %s elapsed_millis: %s uptime_millis: %s exec_start_elapsed_seconds: %s
02-26 00:38:13.994  3530 27095 I NetworkScheduler.Stats: (REDACTED) Task %s/%s started execution. cause:%s exec_start_elapsed_seconds: %s
02-26 00:38:14.041 26590 26590 D BoundBrokerSvc: onBind: Intent { act=com.google.android.gms.chromesync.tasks.SendDeviceInfoTaskBoundService.ACTION_TASK_READY dat=chimera-action: cmp=com.google.android.gms/.chimera.GmsInternalBoundBrokerService }
02-26 00:38:14.042 26590 26590 D BoundBrokerSvc: Loading bound service for intent: Intent { act=com.google.android.gms.chromesync.tasks.SendDeviceInfoTaskBoundService.ACTION_TASK_READY dat=chimera-action: cmp=com.google.android.gms/.chimera.GmsInternalBoundBrokerService }
02-26 00:38:14.067  3530 26368 I NetworkScheduler.Stats: (REDACTED) Task %s/%s started execution. cause:%s exec_start_elapsed_seconds: %s
02-26 00:38:14.514 26590 26623 D Linux   : [Posix_connect Debug]Process com.google.android.gms :443 
02-26 00:38:14.585 26590 26623 W ProviderHelper: Unknown dynamite feature providerinstaller.dynamite
02-26 00:38:14.585 26590 26623 I DynamiteModule: Considering local module com.google.android.gms.providerinstaller.dynamite:1 and remote module com.google.android.gms.providerinstaller.dynamite:0
02-26 00:38:14.585 26590 26623 I DynamiteModule: Selected local version of com.google.android.gms.providerinstaller.dynamite
02-26 00:38:14.610 26590 26623 W Conscrypt: Could not set socket write timeout: java.net.SocketException: Socket closed
02-26 00:38:14.610 26590 26623 W Conscrypt: 	at com.google.android.gms.org.conscrypt.Platform.setSocketWriteTimeout(:com.google.android.gms@260534029@26.05.34 (190400-869443408):204)
02-26 00:38:14.610 26590 26623 W Conscrypt: 	at com.google.android.gms.org.conscrypt.ConscryptFileDescriptorSocket.setSoWriteTimeout(:com.google.android.gms@260534029@26.05.34 (190400-869443408):4)
02-26 00:38:15.039 26590 26623 W Conscrypt: Could not set socket write timeout: java.net.SocketException: Socket closed
02-26 00:38:15.039 26590 26623 W Conscrypt: 	at com.google.android.gms.org.conscrypt.Platform.setSocketWriteTimeout(:com.google.android.gms@260534029@26.05.34 (190400-869443408):204)
02-26 00:38:15.039 26590 26623 W Conscrypt: 	at com.google.android.gms.org.conscrypt.ConscryptFileDescriptorSocket.setSoWriteTimeout(:com.google.android.gms@260534029@26.05.34 (190400-869443408):4)
02-26 00:38:15.192  3530 26368 I NetworkScheduler.Stats: (REDACTED) Task %s/%s finished executing. cause:%s result: %s elapsed_millis: %s uptime_millis: %s exec_start_elapsed_seconds: %s
02-26 00:38:15.503 26590 26847 I DeviceInfoManager: Updating device info [CONTEXT service_id=80 ]
02-26 00:38:15.530 26590 26611 D Linux   : [Posix_connect Debug]Process com.google.android.gms :443 
02-26 00:38:15.659 26590 26611 W Conscrypt: Could not set socket write timeout: java.net.SocketException: Socket closed
02-26 00:38:15.659 26590 26611 W Conscrypt: 	at com.google.android.gms.org.conscrypt.Platform.setSocketWriteTimeout(:com.google.android.gms@260534029@26.05.34 (190400-869443408):204)
02-26 00:38:15.659 26590 26611 W Conscrypt: 	at com.google.android.gms.org.conscrypt.ConscryptFileDescriptorSocket.setSoWriteTimeout(:com.google.android.gms@260534029@26.05.34 (190400-869443408):4)
02-26 00:38:15.860 26590 26611 W Conscrypt: Could not set socket write timeout: java.net.SocketException: Socket closed
02-26 00:38:15.860 26590 26611 W Conscrypt: 	at com.google.android.gms.org.conscrypt.Platform.setSocketWriteTimeout(:com.google.android.gms@260534029@26.05.34 (190400-869443408):204)
02-26 00:38:15.860 26590 26611 W Conscrypt: 	at com.google.android.gms.org.conscrypt.ConscryptFileDescriptorSocket.setSoWriteTimeout(:com.google.android.gms@260534029@26.05.34 (190400-869443408):4)
02-26 00:38:16.059  3530 27105 I NetworkScheduler.Stats: (REDACTED) Task %s/%s finished executing. cause:%s result: %s elapsed_millis: %s uptime_millis: %s exec_start_elapsed_seconds: %s
02-26 00:38:16.079  3530 27105 I NetworkScheduler.Stats: (REDACTED) Task %s/%s started execution. cause:%s exec_start_elapsed_seconds: %s
02-26 00:38:16.331 26590 26852 D Linux   : [Posix_connect Debug]Process com.google.android.gms :443 
02-26 00:38:16.403 26590 26852 W Conscrypt: Could not set socket write timeout: java.net.SocketException: Socket closed
02-26 00:38:16.403 26590 26852 W Conscrypt: 	at com.google.android.gms.org.conscrypt.Platform.setSocketWriteTimeout(:com.google.android.gms@260534029@26.05.34 (190400-869443408):204)
02-26 00:38:16.404 26590 26852 W Conscrypt: 	at com.google.android.gms.org.conscrypt.ConscryptFileDescriptorSocket.setSoWriteTimeout(:com.google.android.gms@260534029@26.05.34 (190400-869443408):4)
02-26 00:38:16.628  3530 26368 I AlarmManager: setExactAndAllowWhileIdle [name: GCM_HB_ALARM type: 2 triggerAtMillis: 2349680]
02-26 00:38:16.650  3530 27095 I AlarmManager: setExactAndAllowWhileIdle [name: FcmRetry type: 2 triggerAtMillis: 729699]
02-26 00:38:16.656 26590 26852 W Conscrypt: Could not set socket write timeout: java.net.SocketException: Socket closed
02-26 00:38:16.656 26590 26852 W Conscrypt: 	at com.google.android.gms.org.conscrypt.Platform.setSocketWriteTimeout(:com.google.android.gms@260534029@26.05.34 (190400-869443408):204)
02-26 00:38:16.656 26590 26852 W Conscrypt: 	at com.google.android.gms.org.conscrypt.ConscryptFileDescriptorSocket.setSoWriteTimeout(:com.google.android.gms@260534029@26.05.34 (190400-869443408):4)
02-26 00:38:16.682  3530 26368 I AlarmManager: setExactAndAllowWhileIdle [name: GCM_HB_ALARM type: 2 triggerAtMillis: 2349734]
02-26 00:38:16.740 26590 27221 V NativeCrypto: Read error: ssl=0xb4000072876d21d8: I/O error during system call, Connection reset by peer
02-26 00:38:16.747 26590 26623 V NativeCrypto: Write error: ssl=0xb4000072876d21d8: I/O error during system call, Broken pipe
02-26 00:38:16.749 26590 26623 V NativeCrypto: SSL shutdown failed: ssl=0xb4000072876d21d8: I/O error during system call, Success
02-26 00:38:16.757 26590 26611 D Linux   : [Posix_connect Debug]Process com.google.android.gms :443 
02-26 00:38:16.810  3530 27106 V NativeCrypto: Read error: ssl=0xb400007287686c98: I/O error during system call, Connection reset by peer
02-26 00:38:16.815  3530 26368 V NativeCrypto: SSL shutdown failed: ssl=0xb400007287686c98: I/O error during system call, Broken pipe
02-26 00:38:16.817  3530 26368 W WakeLock: GCM_HB_ALARM release without a matched acquire! [CONTEXT service_id=259 ]
02-26 00:38:16.817  3530 26368 W WakeLock: GCM_HB_ALARM counter does not exist
02-26 00:38:16.834  3530 11358 I NetworkManagementSocketTagger: tagSocketFd(-1, 1031, -1) failed with errno-9
02-26 00:38:16.839  3530 11358 D Linux   : [Posix_connect Debug]Process com.google.android.gms.persistent :5228 
02-26 00:38:16.840 26590 26611 W Conscrypt: Could not set socket write timeout: java.net.SocketException: Socket closed
02-26 00:38:16.840 26590 26611 W Conscrypt: 	at com.google.android.gms.org.conscrypt.Platform.setSocketWriteTimeout(:com.google.android.gms@260534029@26.05.34 (190400-869443408):204)
02-26 00:38:16.840 26590 26611 W Conscrypt: 	at com.google.android.gms.org.conscrypt.ConscryptFileDescriptorSocket.setSoWriteTimeout(:com.google.android.gms@260534029@26.05.34 (190400-869443408):4)
02-26 00:38:17.066 26590 26611 W Conscrypt: Could not set socket write timeout: java.net.SocketException: Socket closed
02-26 00:38:17.066 26590 26611 W Conscrypt: 	at com.google.android.gms.org.conscrypt.Platform.setSocketWriteTimeout(:com.google.android.gms@260534029@26.05.34 (190400-869443408):204)
02-26 00:38:17.066 26590 26611 W Conscrypt: 	at com.google.android.gms.org.conscrypt.ConscryptFileDescriptorSocket.setSoWriteTimeout(:com.google.android.gms@260534029@26.05.34 (190400-869443408):4)
02-26 00:38:17.094  3530 26368 I NetworkScheduler.Stats: (REDACTED) Task %s/%s finished executing. cause:%s result: %s elapsed_millis: %s uptime_millis: %s exec_start_elapsed_seconds: %s
02-26 00:38:17.111 26590 26590 D BoundBrokerSvc: onUnbind: Intent { act=com.google.android.gms.networktransparency.init.NetworkDataUpdateTaskBoundService.ACTION_TASK_READY dat=chimera-action: cmp=com.google.android.gms/.chimera.GmsInternalBoundBrokerService }
02-26 00:38:17.122  3530 26368 I NetworkScheduler.Stats: (REDACTED) HousekeepingTask %s/%s finished executing. cause:%s result: %s elapsed_millis: %s uptime_millis: %s exec_start_elapsed_seconds: %s
02-26 00:38:17.129 27117 27154 I FirebaseMessaging: FirebaseApp has not being initialized. Device might be in direct boot mode. Skip exporting delivery metrics to Big Query
02-26 00:38:17.134  3530 26368 I NetworkScheduler.Stats: (REDACTED) Task %s/%s started execution. cause:%s exec_start_elapsed_seconds: %s
02-26 00:38:17.246 26990 27004 D Linux   : [Posix_connect Debug]Process com.google.android.gms.unstable :7810 
02-26 00:38:17.252 26990 27004 D Linux   : [Posix_connect Debug]Process com.google.android.gms.unstable :6790 
02-26 00:38:17.259 26990 27004 D Linux   : [Posix_connect Debug]Process com.google.android.gms.unstable :6791 
02-26 00:38:17.295  3530 27095 I AlarmManager: setExactAndAllowWhileIdle [name: GCM_HB_ALARM type: 2 triggerAtMillis: 2350347]
02-26 00:38:17.438 26590 26847 I DeviceInfoManager: Updating device info [CONTEXT service_id=80 ]
02-26 00:38:17.471 26590 26623 D Linux   : [Posix_connect Debug]Process com.google.android.gms :443 
02-26 00:38:17.629 26590 26623 W Conscrypt: Could not set socket write timeout: java.net.SocketException: Socket closed
02-26 00:38:17.630 26590 26623 W Conscrypt: 	at com.google.android.gms.org.conscrypt.Platform.setSocketWriteTimeout(:com.google.android.gms@260534029@26.05.34 (190400-869443408):204)
02-26 00:38:17.630 26590 26623 W Conscrypt: 	at com.google.android.gms.org.conscrypt.ConscryptFileDescriptorSocket.setSoWriteTimeout(:com.google.android.gms@260534029@26.05.34 (190400-869443408):4)
02-26 00:38:17.635  3530 27110 I AlarmManager: setExactAndAllowWhileIdle [name: GCM_HB_ALARM type: 2 triggerAtMillis: 2350687]
02-26 00:38:17.647  3530 27110 I AlarmManager: setExactAndAllowWhileIdle [name: GCM_HB_ALARM type: 2 triggerAtMillis: 2350699]
02-26 00:38:17.765 26990 27004 I GED     : ged_boost_gpu_freq, level 100, eOrigin 2, final_idx 24, oppidx_max 24, oppidx_min 0
02-26 00:38:17.772 26990 27004 I GED     : ged_boost_gpu_freq, level 100, eOrigin 2, final_idx 24, oppidx_max 24, oppidx_min 0
02-26 00:38:17.850 26590 26623 W Conscrypt: Could not set socket write timeout: java.net.SocketException: Socket closed
02-26 00:38:17.851 26590 26623 W Conscrypt: 	at com.google.android.gms.org.conscrypt.Platform.setSocketWriteTimeout(:com.google.android.gms@260534029@26.05.34 (190400-869443408):204)
02-26 00:38:17.851 26590 26623 W Conscrypt: 	at com.google.android.gms.org.conscrypt.ConscryptFileDescriptorSocket.setSoWriteTimeout(:com.google.android.gms@260534029@26.05.34 (190400-869443408):4)
02-26 00:38:18.008 26990 26990 W Binder:26990_3: type=1400 audit(0.0:7963): avc: denied { search } for name="bin" dev="dm-2" ino=83 scontext=u:r:gmscore_app:s0:c743,c771 tcontext=u:object_r:atcid_vendor_exec:s0 tclass=dir permissive=0
02-26 00:38:18.208  3530 27222 I NetworkScheduler.Stats: (REDACTED) Task %s/%s finished executing. cause:%s result: %s elapsed_millis: %s uptime_millis: %s exec_start_elapsed_seconds: %s
02-26 00:38:18.224  3530 27222 I NetworkScheduler.Stats: (REDACTED) Task %s/%s started execution. cause:%s exec_start_elapsed_seconds: %s
02-26 00:38:18.227  3530 27222 I NetworkScheduler.Stats: (REDACTED) Task %s/%s finished executing. cause:%s result: %s elapsed_millis: %s uptime_millis: %s exec_start_elapsed_seconds: %s
02-26 00:38:18.302  3530 27222 I NetworkScheduler.Stats: (REDACTED) Task %s/%s started execution. cause:%s exec_start_elapsed_seconds: %s
02-26 00:38:18.587 26590 27221 D Linux   : [Posix_connect Debug]Process com.google.android.gms :443 
02-26 00:38:18.669 26590 27221 W Conscrypt: Could not set socket write timeout: java.net.SocketException: Socket closed
02-26 00:38:18.669 26590 27221 W Conscrypt: 	at com.google.android.gms.org.conscrypt.Platform.setSocketWriteTimeout(:com.google.android.gms@260534029@26.05.34 (190400-869443408):204)
02-26 00:38:18.669 26590 27221 W Conscrypt: 	at com.google.android.gms.org.conscrypt.ConscryptFileDescriptorSocket.setSoWriteTimeout(:com.google.android.gms@260534029@26.05.34 (190400-869443408):4)
02-26 00:38:18.894 26590 27221 W Conscrypt: Could not set socket write timeout: java.net.SocketException: Socket closed
02-26 00:38:18.895 26590 27221 W Conscrypt: 	at com.google.android.gms.org.conscrypt.Platform.setSocketWriteTimeout(:com.google.android.gms@260534029@26.05.34 (190400-869443408):204)
02-26 00:38:18.895 26590 27221 W Conscrypt: 	at com.google.android.gms.org.conscrypt.ConscryptFileDescriptorSocket.setSoWriteTimeout(:com.google.android.gms@260534029@26.05.34 (190400-869443408):4)
02-26 00:38:18.932 26990 26990 W Binder:26990_3: type=1400 audit(0.0:7964): avc: denied { read } for name="u:object_r:system_adbd_prop:s0" dev="tmpfs" ino=11479 scontext=u:r:gmscore_app:s0:c743,c771 tcontext=u:object_r:system_adbd_prop:s0 tclass=file permissive=0
02-26 00:38:18.932 26990 27004 W libc    : Access denied finding property "persist.adb.tls_server.enable"
02-26 00:38:18.934 26990 27004 W libc    : Access denied finding property "service.adb.tls.port"
02-26 00:38:18.932 26990 26990 W Binder:26990_3: type=1400 audit(0.0:7965): avc: denied { read } for name="u:object_r:adbd_prop:s0" dev="tmpfs" ino=11286 scontext=u:r:gmscore_app:s0:c743,c771 tcontext=u:object_r:adbd_prop:s0 tclass=file permissive=0
02-26 00:38:18.980 26060 26218 W DGW     : W[operator():215] StreamGroupRetriableNetworkLayer[rpsignaling] unable to connect after 5 seconds
02-26 00:38:19.195 26060 26228 I DGW     : I[notifyStreamGroupError:1789] StreamGroupTransport[rpsignaling] notify StreamGroup error: StreamGroupNetworkRequest request cancelled: max retries reached; last err (TransientError domain: MNSHTTPClient code: 3 detail: Host session was closed, num pending transactions: 1)
02-26 00:38:19.197 26060 26228 W DGW     : W[setEnabled:198] StreamGroupPinger[rpsignaling]: setEnabled: 0
02-26 00:38:19.265  3530 26368 I NetworkScheduler.Stats: (REDACTED) Task %s/%s started execution. cause:%s exec_start_elapsed_seconds: %s
02-26 00:38:19.280 26590 26847 I DeviceInfoManager: Updating device info [CONTEXT service_id=80 ]
02-26 00:38:19.319 26590 26611 D Linux   : [Posix_connect Debug]Process com.google.android.gms :443 
02-26 00:38:19.520 26590 26611 W Conscrypt: Could not set socket write timeout: java.net.SocketException: Socket closed
02-26 00:38:19.520 26590 26611 W Conscrypt: 	at com.google.android.gms.org.conscrypt.Platform.setSocketWriteTimeout(:com.google.android.gms@260534029@26.05.34 (190400-869443408):204)
02-26 00:38:19.520 26590 26611 W Conscrypt: 	at com.google.android.gms.org.conscrypt.ConscryptFileDescriptorSocket.setSoWriteTimeout(:com.google.android.gms@260534029@26.05.34 (190400-869443408):4)
02-26 00:38:19.992 26590 26611 W Conscrypt: Could not set socket write timeout: java.net.SocketException: Socket closed
02-26 00:38:19.993 26590 26611 W Conscrypt: 	at com.google.android.gms.org.conscrypt.Platform.setSocketWriteTimeout(:com.google.android.gms@260534029@26.05.34 (190400-869443408):204)
02-26 00:38:19.994 26590 26611 W Conscrypt: 	at com.google.android.gms.org.conscrypt.ConscryptFileDescriptorSocket.setSoWriteTimeout(:com.google.android.gms@260534029@26.05.34 (190400-869443408):4)
02-26 00:38:20.256  3530 26368 I NetworkScheduler.Stats: (REDACTED) Task %s/%s finished executing. cause:%s result: %s elapsed_millis: %s uptime_millis: %s exec_start_elapsed_seconds: %s
02-26 00:38:20.270  3530 26368 I NetworkScheduler.Stats: (REDACTED) Task %s/%s started execution. cause:%s exec_start_elapsed_seconds: %s
02-26 00:38:20.690  3530  3530 D BoundBrokerSvc: onRebind: Intent { act=com.google.android.gms.libs.gmscorelogger.service.START dat=chimera-action: cmp=com.google.android.gms/.chimera.PersistentDirectBootAwareApiService }
02-26 00:38:21.292  3530 27095 I NetworkScheduler.Stats: (REDACTED) Task %s/%s finished executing. cause:%s result: %s elapsed_millis: %s uptime_millis: %s exec_start_elapsed_seconds: %s
02-26 00:38:21.307 26590 26590 D BoundBrokerSvc: onUnbind: Intent { act=com.google.android.gms.chromesync.tasks.SendDeviceInfoTaskBoundService.ACTION_TASK_READY dat=chimera-action: cmp=com.google.android.gms/.chimera.GmsInternalBoundBrokerService }
02-26 00:38:21.308  3530 27095 I NetworkScheduler.Stats: (REDACTED) HousekeepingTask %s/%s finished executing. cause:%s result: %s elapsed_millis: %s uptime_millis: %s exec_start_elapsed_seconds: %s
02-26 00:38:21.316  3530 27095 I NetworkScheduler.Stats: (REDACTED) HousekeepingTask %s/%s finished executing. cause:%s result: %s elapsed_millis: %s uptime_millis: %s exec_start_elapsed_seconds: %s
02-26 00:38:21.351  3530 27095 I NetworkScheduler.Stats: (REDACTED) Task %s/%s started execution. cause:%s exec_start_elapsed_seconds: %s
02-26 00:38:21.383 26590 26590 D BoundBrokerSvc: onBind: Intent { act=com.google.android.gms.auth.api.credentials.credman.service.CleanupExpiredHiddenChromeSyncKeyService.ACTION_TASK_READY dat=chimera-action: cmp=com.google.android.gms/.chimera.GmsInternalBoundBrokerService }
02-26 00:38:21.383 26590 26590 D BoundBrokerSvc: Loading bound service for intent: Intent { act=com.google.android.gms.auth.api.credentials.credman.service.CleanupExpiredHiddenChromeSyncKeyService.ACTION_TASK_READY dat=chimera-action: cmp=com.google.android.gms/.chimera.GmsInternalBoundBrokerService }
02-26 00:38:21.392  3530 26368 I NetworkScheduler.Stats: (REDACTED) Task %s/%s started execution. cause:%s exec_start_elapsed_seconds: %s
02-26 00:38:21.446 26590 26590 D BoundBrokerSvc: onBind: Intent { act=com.google.android.gms.chromesync.service.zeroparty.START dat=chimera-action: cmp=com.google.android.gms/.chimera.GmsApiService }
02-26 00:38:21.446 26590 26590 D BoundBrokerSvc: Loading bound service for intent: Intent { act=com.google.android.gms.chromesync.service.zeroparty.START dat=chimera-action: cmp=com.google.android.gms/.chimera.GmsApiService }
02-26 00:38:21.612 26590 27193 I SyncManager: (REDACTED) Executing sync(type=%s%s)
02-26 00:38:21.616  3530  3530 D BoundBrokerSvc: onRebind: Intent { act=com.google.android.gms.auth.aang.events.services.START dat=chimera-action: cmp=com.google.android.gms/.chimera.PersistentApiService }
02-26 00:38:21.632 26590 27193 I SyncManager: (REDACTED) Executing sync(type=%s) finished in %s
02-26 00:38:21.714 26590 27193 I SyncManager: (REDACTED) Executing sync(type=%s%s)
02-26 00:38:21.737 26590 27193 I SyncManager: (REDACTED) Executing sync(type=%s) finished in %s
02-26 00:38:21.754 26590 27193 I SyncManager: (REDACTED) Executing sync(type=%s%s)
02-26 00:38:21.768 26590 27193 I SyncManager: (REDACTED) Executing sync(type=%s) finished in %s
02-26 00:38:22.343 26590 26590 D BoundBrokerSvc: onBind: Intent { act=com.google.android.gms.findmydevice.spot.service.FindMyDeviceModuleSettingsLoggerService.ACTION_TASK_READY dat=chimera-action: cmp=com.google.android.gms/.chimera.GmsInternalBoundBrokerService }
02-26 00:38:22.344 26590 26590 D BoundBrokerSvc: Loading bound service for intent: Intent { act=com.google.android.gms.findmydevice.spot.service.FindMyDeviceModuleSettingsLoggerService.ACTION_TASK_READY dat=chimera-action: cmp=com.google.android.gms/.chimera.GmsInternalBoundBrokerService }
02-26 00:38:22.360  3530 27095 I NetworkScheduler.Stats: (REDACTED) Task %s/%s finished executing. cause:%s result: %s elapsed_millis: %s uptime_millis: %s exec_start_elapsed_seconds: %s
02-26 00:38:22.367  3530 27095 I NetworkScheduler.Stats: (REDACTED) HousekeepingTask %s/%s finished executing. cause:%s result: %s elapsed_millis: %s uptime_millis: %s exec_start_elapsed_seconds: %s
02-26 00:38:22.370  3530 27095 I NetworkScheduler.Stats: (REDACTED) Task %s/%s started execution. cause:%s exec_start_elapsed_seconds: %s
02-26 00:38:22.414 26590 26590 D BoundBrokerSvc: onUnbind: Intent { act=com.google.android.gms.auth.api.credentials.credman.service.CleanupExpiredHiddenChromeSyncKeyService.ACTION_TASK_READY dat=chimera-action: cmp=com.google.android.gms/.chimera.GmsInternalBoundBrokerService }
02-26 00:38:22.418 26590 26590 D BoundBrokerSvc: onBind: Intent { act=com.google.android.gms.onboardingconsent.api.ConsentManagerApiService.START dat=chimera-action: cmp=com.google.android.gms/.chimera.GmsApiService }
02-26 00:38:22.418 26590 26590 D BoundBrokerSvc: Loading bound service for intent: Intent { act=com.google.android.gms.onboardingconsent.api.ConsentManagerApiService.START dat=chimera-action: cmp=com.google.android.gms/.chimera.GmsApiService }
02-26 00:38:22.442 26590 26614 W ConsentManagerApiServic: Consent Manager API is not enabled. [CONTEXT service_id=460 ]
02-26 00:38:22.448 26590 26847 I FMDSettingLoggerService: Starting periodic FMD settings log. [CONTEXT service_id=284 ]
02-26 00:38:22.467  3530 26368 I NetworkScheduler.Stats: (REDACTED) Task %s/%s started execution. cause:%s exec_start_elapsed_seconds: %s
02-26 00:38:23.446  3530 26368 I NetworkScheduler.Stats: (REDACTED) HousekeepingTask %s/%s finished executing. cause:%s result: %s elapsed_millis: %s uptime_millis: %s exec_start_elapsed_seconds: %s
02-26 00:38:24.208 26060 26218 W DGW     : W[operator():215] StreamGroupRetriableNetworkLayer[rpsignaling] unable to connect after 5 seconds
02-26 00:38:24.420 26060 26228 I DGW     : I[notifyStreamGroupError:1789] StreamGroupTransport[rpsignaling] notify StreamGroup error: StreamGroupNetworkRequest request cancelled: max retries reached; last err (TransientError domain: MNSHTTPClient code: 3 detail: Host session was closed, num pending transactions: 1)
02-26 00:38:24.424 26060 26228 W DGW     : W[setEnabled:198] StreamGroupPinger[rpsignaling]: setEnabled: 0
02-26 00:38:24.482  3530 26368 I NetworkScheduler.Stats: (REDACTED) Task %s/%s started execution. cause:%s exec_start_elapsed_seconds: %s
02-26 00:38:24.502 26590 26590 D BoundBrokerSvc: onUnbind: Intent { act=com.google.android.gms.findmydevice.spot.service.FindMyDeviceModuleSettingsLoggerService.ACTION_TASK_READY dat=chimera-action: cmp=com.google.android.gms/.chimera.GmsInternalBoundBrokerService }
02-26 00:38:25.514  3530 26368 I NetworkScheduler.Stats: (REDACTED) Task %s/%s started execution. cause:%s exec_start_elapsed_seconds: %s
02-26 00:38:25.521  3530 26368 I NetworkScheduler.Stats: (REDACTED) HousekeepingTask %s/%s finished executing. cause:%s result: %s elapsed_millis: %s uptime_millis: %s exec_start_elapsed_seconds: %s
02-26 00:38:25.544  3530 27095 I NetworkScheduler.Stats: (REDACTED) Task %s/%s finished executing. cause:%s result: %s elapsed_millis: %s uptime_millis: %s exec_start_elapsed_seconds: %s
02-26 00:38:25.615  3530 27095 I NetworkScheduler.Stats: (REDACTED) Task %s/%s started execution. cause:%s exec_start_elapsed_seconds: %s
02-26 00:38:25.616  3530 27095 I NetworkScheduler.Stats: (REDACTED) HousekeepingTask %s/%s finished executing. cause:%s result: %s elapsed_millis: %s uptime_millis: %s exec_start_elapsed_seconds: %s
02-26 00:38:25.631  3530 27095 I NetworkScheduler.Stats: (REDACTED) Task %s/%s started execution. cause:%s exec_start_elapsed_seconds: %s
02-26 00:38:25.682 26590 26590 D BoundBrokerSvc: onBind: Intent { act=com.google.android.gms.location.fused.logging.HardwareLoggerService.ACTION_TASK_READY dat=chimera-action: cmp=com.google.android.gms/.chimera.GmsInternalBoundBrokerService }
02-26 00:38:25.682 26590 26590 D BoundBrokerSvc: Loading bound service for intent: Intent { act=com.google.android.gms.location.fused.logging.HardwareLoggerService.ACTION_TASK_READY dat=chimera-action: cmp=com.google.android.gms/.chimera.GmsInternalBoundBrokerService }
02-26 00:38:25.698  3530 27222 I NetworkScheduler.Stats: (REDACTED) Task %s/%s started execution. cause:%s exec_start_elapsed_seconds: %s
02-26 00:38:26.560  3530 26368 I NetworkScheduler.Stats: (REDACTED) HousekeepingTask %s/%s finished executing. cause:%s result: %s elapsed_millis: %s uptime_millis: %s exec_start_elapsed_seconds: %s
02-26 00:38:26.573 26590 26590 D BoundBrokerSvc: onUnbind: Intent { act=com.google.android.gms.location.fused.logging.HardwareLoggerService.ACTION_TASK_READY dat=chimera-action: cmp=com.google.android.gms/.chimera.GmsInternalBoundBrokerService }
02-26 00:38:26.610  3530 27222 I NetworkScheduler.Stats: (REDACTED) Task %s/%s started execution. cause:%s exec_start_elapsed_seconds: %s
02-26 00:38:26.629 26590 26590 D BoundBrokerSvc: onBind: Intent { act=com.google.android.gms.mdm.LogFmdEnabledBoundService.ACTION_TASK_READY dat=chimera-action: cmp=com.google.android.gms/.chimera.GmsInternalBoundBrokerService }
02-26 00:38:26.629 26590 26590 D BoundBrokerSvc: Loading bound service for intent: Intent { act=com.google.android.gms.mdm.LogFmdEnabledBoundService.ACTION_TASK_READY dat=chimera-action: cmp=com.google.android.gms/.chimera.GmsInternalBoundBrokerService }
02-26 00:38:26.643  3530 26368 I NetworkScheduler.Stats: (REDACTED) Task %s/%s started execution. cause:%s exec_start_elapsed_seconds: %s
02-26 00:38:26.668  3530 27222 I NetworkScheduler.Stats: (REDACTED) HousekeepingTask %s/%s finished executing. cause:%s result: %s elapsed_millis: %s uptime_millis: %s exec_start_elapsed_seconds: %s
02-26 00:38:26.670 26590 26590 D BoundBrokerSvc: onUnbind: Intent { act=com.google.android.gms.mdm.LogFmdEnabledBoundService.ACTION_TASK_READY dat=chimera-action: cmp=com.google.android.gms/.chimera.GmsInternalBoundBrokerService }
02-26 00:38:26.833  3530 27095 W System  : ClassLoader referenced unknown path: /system/framework/tcmclient.jar
02-26 00:38:26.834  3530 27095 W System  : ClassLoader referenced unknown path: /system/framework/tcmiface.jar
02-26 00:38:27.087  3530 27095 D Linux   : [Posix_connect Debug]Process com.google.android.gms.persistent :443 
02-26 00:38:27.176  3530 27095 W Conscrypt: Could not set socket write timeout: java.net.SocketException: Socket closed
02-26 00:38:27.176  3530 27095 W Conscrypt: 	at com.google.android.gms.org.conscrypt.Platform.setSocketWriteTimeout(:com.google.android.gms@260534029@26.05.34 (190400-869443408):204)
02-26 00:38:27.176  3530 27095 W Conscrypt: 	at com.google.android.gms.org.conscrypt.ConscryptFileDescriptorSocket.setSoWriteTimeout(:com.google.android.gms@260534029@26.05.34 (190400-869443408):4)
02-26 00:38:27.436  3530 27095 W Conscrypt: Could not set socket write timeout: java.net.SocketException: Socket closed
02-26 00:38:27.437  3530 27095 W Conscrypt: 	at com.google.android.gms.org.conscrypt.Platform.setSocketWriteTimeout(:com.google.android.gms@260534029@26.05.34 (190400-869443408):204)
02-26 00:38:27.437  3530 27095 W Conscrypt: 	at com.google.android.gms.org.conscrypt.ConscryptFileDescriptorSocket.setSoWriteTimeout(:com.google.android.gms@260534029@26.05.34 (190400-869443408):4)
02-26 00:38:27.457 26590 26590 D BoundBrokerSvc: onUnbind: Intent { act=com.google.android.gms.onboardingconsent.api.ConsentManagerApiService.START dat=chimera-action: cmp=com.google.android.gms/.chimera.GmsApiService }
02-26 00:38:27.610  3530 27222 I NetworkScheduler.Stats: (REDACTED) Task %s/%s started execution. cause:%s exec_start_elapsed_seconds: %s
02-26 00:38:27.620  3530 27105 I NetworkScheduler.Stats: (REDACTED) HousekeepingTask %s/%s finished executing. cause:%s result: %s elapsed_millis: %s uptime_millis: %s exec_start_elapsed_seconds: %s
02-26 00:38:27.755  3530 27110 I NetworkScheduler.Stats: (REDACTED) Task %s/%s started execution. cause:%s exec_start_elapsed_seconds: %s
02-26 00:38:27.887  3530 27095 I Auth    : [GaiaIdSync] successfully updated accountId and email [CONTEXT service_id=153 ]
02-26 00:38:27.894  3530 27105 I NetworkScheduler.Stats: (REDACTED) HousekeepingTask %s/%s finished executing. cause:%s result: %s elapsed_millis: %s uptime_millis: %s exec_start_elapsed_seconds: %s
02-26 00:38:28.724  3530 24035 I Auth    : [GaiaIdSync] successfully updated accountId and email [CONTEXT service_id=153 ]
02-26 00:38:28.919  3530 27222 I NetworkScheduler.Stats: (REDACTED) Task %s/%s started execution. cause:%s exec_start_elapsed_seconds: %s
02-26 00:38:28.925  3530 27105 I NetworkScheduler.Stats: (REDACTED) HousekeepingTask %s/%s finished executing. cause:%s result: %s elapsed_millis: %s uptime_millis: %s exec_start_elapsed_seconds: %s
02-26 00:38:29.432 26060 26218 W DGW     : W[operator():215] StreamGroupRetriableNetworkLayer[rpsignaling] unable to connect after 5 seconds
02-26 00:38:29.644 26060 26228 I DGW     : I[notifyStreamGroupError:1789] StreamGroupTransport[rpsignaling] notify StreamGroup error: StreamGroupNetworkRequest request cancelled: max retries reached; last err (TransientError domain: MNSHTTPClient code: 3 detail: Host session was closed, num pending transactions: 1)
02-26 00:38:29.649 26060 26228 W DGW     : W[setEnabled:198] StreamGroupPinger[rpsignaling]: setEnabled: 0
02-26 00:38:29.712  3530  7095 I Auth    : [GaiaIdSync] successfully updated accountId and email [CONTEXT service_id=153 ]
02-26 00:38:29.946  3530 27095 I NetworkScheduler.Stats: (REDACTED) HousekeepingTask %s/%s finished executing. cause:%s result: %s elapsed_millis: %s uptime_millis: %s exec_start_elapsed_seconds: %s
02-26 00:38:29.994  3530 27105 I NetworkScheduler.Stats: (REDACTED) Task %s/%s started execution. cause:%s exec_start_elapsed_seconds: %s
02-26 00:38:30.053  3530 27095 I NetworkScheduler.Stats: (REDACTED) Task %s/%s started execution. cause:%s exec_start_elapsed_seconds: %s
02-26 00:38:30.108  3530 27105 I NetworkScheduler.Stats: (REDACTED) HousekeepingTask %s/%s finished executing. cause:%s result: %s elapsed_millis: %s uptime_millis: %s exec_start_elapsed_seconds: %s
02-26 00:38:30.127  3530 27105 I NetworkScheduler.Stats: (REDACTED) Task %s/%s finished executing. cause:%s result: %s elapsed_millis: %s uptime_millis: %s exec_start_elapsed_seconds: %s
02-26 00:38:30.252  3530 11863 I NetworkScheduler.Stats: (REDACTED) Task %s/%s started execution. cause:%s exec_start_elapsed_seconds: %s
02-26 00:38:30.287  3530 11863 I NetworkScheduler.Stats: (REDACTED) Task %s/%s finished executing. cause:%s result: %s elapsed_millis: %s uptime_millis: %s exec_start_elapsed_seconds: %s
02-26 00:38:30.356  3530 27082 I NetworkScheduler.Stats: (REDACTED) Task %s/%s started execution. cause:%s exec_start_elapsed_seconds: %s
02-26 00:38:30.386  3530 27082 I NetworkScheduler.Stats: (REDACTED) Task %s/%s finished executing. cause:%s result: %s elapsed_millis: %s uptime_millis: %s exec_start_elapsed_seconds: %s
02-26 00:38:30.453  3530 11863 I NetworkScheduler.Stats: (REDACTED) Task %s/%s started execution. cause:%s exec_start_elapsed_seconds: %s
02-26 00:38:30.482  3530 11863 I NetworkScheduler.Stats: (REDACTED) Task %s/%s finished executing. cause:%s result: %s elapsed_millis: %s uptime_millis: %s exec_start_elapsed_seconds: %s
02-26 00:38:30.557 26590 26590 D BoundBrokerSvc: onBind: Intent { act=com.google.android.gms.smartdevice.logging.CleanBufferedLogsService.ACTION_TASK_READY dat=chimera-action: cmp=com.google.android.gms/.chimera.GmsInternalBoundBrokerService }
02-26 00:38:30.557 26590 26590 D BoundBrokerSvc: Loading bound service for intent: Intent { act=com.google.android.gms.smartdevice.logging.CleanBufferedLogsService.ACTION_TASK_READY dat=chimera-action: cmp=com.google.android.gms/.chimera.GmsInternalBoundBrokerService }
02-26 00:38:30.592  3530 27110 I NetworkScheduler.Stats: (REDACTED) Task %s/%s started execution. cause:%s exec_start_elapsed_seconds: %s
02-26 00:38:30.616 26590 26847 W SmartDevice: [CleanBufferedLogsService] Received task with unknown tag: upload_buffered_logs
02-26 00:38:30.622 26590 26590 D BoundBrokerSvc: onUnbind: Intent { act=com.google.android.gms.smartdevice.logging.CleanBufferedLogsService.ACTION_TASK_READY dat=chimera-action: cmp=com.google.android.gms/.chimera.GmsInternalBoundBrokerService }
02-26 00:38:30.626  3530 11863 I NetworkScheduler.Stats: (REDACTED) Task %s/%s finished executing. cause:%s result: %s elapsed_millis: %s uptime_millis: %s exec_start_elapsed_seconds: %s
02-26 00:38:30.733 26590 26590 D BoundBrokerSvc: onBind: Intent { act=com.google.android.gms.semanticlocationhistory.deidentifieddata.pulptraining.PulpTrainingService.ACTION_TASK_READY dat=chimera-action: cmp=com.google.android.gms/.chimera.GmsInternalBoundBrokerService }
02-26 00:38:30.734 26590 26590 D BoundBrokerSvc: Loading bound service for intent: Intent { act=com.google.android.gms.semanticlocationhistory.deidentifieddata.pulptraining.PulpTrainingService.ACTION_TASK_READY dat=chimera-action: cmp=com.google.android.gms/.chimera.GmsInternalBoundBrokerService }
02-26 00:38:30.774  3530 27110 I NetworkScheduler.Stats: (REDACTED) Task %s/%s started execution. cause:%s exec_start_elapsed_seconds: %s
02-26 00:38:30.804  3530  3541 I .gms.persisten: Background young concurrent copying GC freed 310908(14MB) AllocSpace objects, 10(3496KB) LOS objects, 43% free, 23MB/40MB, paused 359us,129us total 113.189ms
02-26 00:38:31.056 26590 26590 D BoundBrokerSvc: onUnbind: Intent { act=com.google.android.gms.semanticlocationhistory.deidentifieddata.pulptraining.PulpTrainingService.ACTION_TASK_READY dat=chimera-action: cmp=com.google.android.gms/.chimera.GmsInternalBoundBrokerService }
02-26 00:38:31.057  3530 27082 I NetworkScheduler.Stats: (REDACTED) Task %s/%s finished executing. cause:%s result: %s elapsed_millis: %s uptime_millis: %s exec_start_elapsed_seconds: %s
02-26 00:38:31.136  3530 11863 I NetworkScheduler.Stats: (REDACTED) Task %s/%s started execution. cause:%s exec_start_elapsed_seconds: %s
02-26 00:38:31.156  3530 27082 I TapAndPay: Cleaned up cached fully rendered card arts [CONTEXT service_id=79 ]
02-26 00:38:31.159  3530 11863 I NetworkScheduler.Stats: (REDACTED) Task %s/%s finished executing. cause:%s result: %s elapsed_millis: %s uptime_millis: %s exec_start_elapsed_seconds: %s
02-26 00:38:31.240  3530 27082 I NetworkScheduler.Stats: (REDACTED) Task %s/%s started execution. cause:%s exec_start_elapsed_seconds: %s
02-26 00:38:31.256  3530 27082 I NetworkScheduler.Stats: (REDACTED) Task %s/%s finished executing. cause:%s result: %s elapsed_millis: %s uptime_millis: %s exec_start_elapsed_seconds: %s
02-26 00:38:31.304  3530 27105 I NetworkScheduler.Stats: (REDACTED) Task %s/%s started execution. cause:%s exec_start_elapsed_seconds: %s
02-26 00:38:31.321  3530 27105 I NetworkScheduler.Stats: (REDACTED) Task %s/%s finished executing. cause:%s result: %s elapsed_millis: %s uptime_millis: %s exec_start_elapsed_seconds: %s
02-26 00:38:31.389  3530 27082 I NetworkScheduler.Stats: (REDACTED) Task %s/%s started execution. cause:%s exec_start_elapsed_seconds: %s
02-26 00:38:31.833  3530 27078 I Auth    : (REDACTED) [GcmTaskChimeraService] Sync reported at %s has status of %s.
02-26 00:38:31.836  3530 27078 I NetworkScheduler.Stats: (REDACTED) HousekeepingTask %s/%s finished executing. cause:%s result: %s elapsed_millis: %s uptime_millis: %s exec_start_elapsed_seconds: %s
02-26 00:38:31.896  3530  6291 I FacsCacheGmsModule: (REDACTED) Receiving API connection to FACS API from package '%s'...
02-26 00:38:31.898  3530  6291 I FacsCacheGmsModule: API connection successful!
02-26 00:38:31.900  3530  6291 I FacsCacheGmsModule: (REDACTED) Receiving API connection to FACS API from package '%s'...
02-26 00:38:31.905  3530  6291 I FacsCacheGmsModule: API connection successful!
02-26 00:38:31.908  3530  6291 I FacsCacheGmsModule: (REDACTED) Receiving API connection to FACS API from package '%s'...
02-26 00:38:31.910  3530  6291 I FacsCacheGmsModule: API connection successful!
02-26 00:38:31.913 26590 26590 D BoundBrokerSvc: onBind: Intent { act=com.google.android.gms.facs.internal.service.START dat=chimera-action: cmp=com.google.android.gms/.chimera.GmsInternalApiService }
02-26 00:38:31.914 26590 26590 D BoundBrokerSvc: Loading bound service for intent: Intent { act=com.google.android.gms.facs.internal.service.START dat=chimera-action: cmp=com.google.android.gms/.chimera.GmsInternalApiService }
02-26 00:38:31.918  3530  6291 I FacsCacheGmsModule: (REDACTED) Received 'readDeviceLevelSettings' request from package '%s'...
02-26 00:38:31.921  3530  6291 I FacsCacheGmsModule: Operation 'readDeviceLevelSettings' dispatched!
02-26 00:38:31.921  3530 11863 I FacsCacheGmsModule: (REDACTED) Executing operation '%s'...
02-26 00:38:31.921 26590 27283 I FacsCacheGmsModule: Receiving API connection to internal FACS API...
02-26 00:38:31.922  3530 11863 I FacsCacheGmsModule: (REDACTED) Operation '%s' successful!
02-26 00:38:31.924 26590 27283 I FacsCacheGmsModule: API connection successful!
02-26 00:38:31.926  3530  6291 I FacsCacheGmsModule: (REDACTED) Received 'readDeviceLevelSettings' request from package '%s'...
02-26 00:38:31.926 26590 27283 I FacsCacheGmsModule: Receiving API connection to internal FACS API...
02-26 00:38:31.926  3530  6291 I FacsCacheGmsModule: Operation 'readDeviceLevelSettings' dispatched!
02-26 00:38:31.926  3530 11863 I FacsCacheGmsModule: (REDACTED) Executing operation '%s'...
02-26 00:38:31.927  3530 11863 I FacsCacheGmsModule: (REDACTED) Operation '%s' successful!
02-26 00:38:31.927 26590 27283 I FacsCacheGmsModule: API connection successful!
02-26 00:38:31.929  3530  6291 I FacsCacheGmsModule: (REDACTED) Received 'readDeviceLevelSettings' request from package '%s'...
02-26 00:38:31.930 26590 26939 I FacsCacheGmsModule: Receiving API connection to internal FACS API...
02-26 00:38:31.930  3530  6291 I FacsCacheGmsModule: Operation 'readDeviceLevelSettings' dispatched!
02-26 00:38:31.930  3530 11863 I FacsCacheGmsModule: (REDACTED) Executing operation '%s'...
02-26 00:38:31.932  3530 11863 I FacsCacheGmsModule: (REDACTED) Operation '%s' successful!
02-26 00:38:31.934 26590 26939 I FacsCacheGmsModule: API connection successful!
02-26 00:38:31.938 26590 27358 I GmsCoreXrpcWrapper: (REDACTED) Returning a channel provider with trafficStatsTag=%d trafficStatsUid=%d
02-26 00:38:31.939 26590 26611 I GmsCoreXrpcWrapper: (REDACTED) Returning a channel provider with trafficStatsTag=%d trafficStatsUid=%d
02-26 00:38:31.942 26590 27360 I GmsCoreXrpcWrapper: (REDACTED) Returning a channel provider with trafficStatsTag=%d trafficStatsUid=%d
02-26 00:38:31.948 26590 26598 I gle.android.gm: Background concurrent copying GC freed 17749(927KB) AllocSpace objects, 4(80KB) LOS objects, 49% free, 7489KB/14MB, paused 146us,40us total 117.806ms
02-26 00:38:32.003  3530 27082 I NetworkScheduler.Stats: (REDACTED) Task %s/%s started execution. cause:%s exec_start_elapsed_seconds: %s
02-26 00:38:32.018  3530 11863 I NetworkScheduler.Stats: (REDACTED) HousekeepingTask %s/%s finished executing. cause:%s result: %s elapsed_millis: %s uptime_millis: %s exec_start_elapsed_seconds: %s
02-26 00:38:32.064 26590 27359 I DynamiteModule: Considering local module com.google.android.gms.cronet_dynamite:0 and remote module com.google.android.gms.cronet_dynamite:4311
02-26 00:38:32.065 26590 27359 I DynamiteModule: Selected remote version of com.google.android.gms.cronet_dynamite, version >= 4311
02-26 00:38:32.067 26590 27359 W System  : ClassLoader referenced unknown path: 
02-26 00:38:32.137  3530  3530 D BoundBrokerSvc: onRebind: Intent { act=com.google.android.gms.common.telemetry.service.START dat=chimera-action: cmp=com.google.android.gms/.chimera.PersistentApiService }
02-26 00:38:32.196 26590 27359 I cn_CronetLibraryLoader: Cronet version: 145.0.7582.0, arch: aarch64
02-26 00:38:32.849 26590 27377 I cn_CronetUrlRequestContext: destroyNativeStreamLocked org.chromium.net.impl.CronetBidirectionalStream@b7e0781
02-26 00:38:32.852 26590 27360 W fyao    : Primes not initialized, returning default (no-op) Primes instance which will ignore all calls. Please call Primes.initialize(...) before using any Primes API.
02-26 00:38:32.865 26590 27377 I cn_CronetUrlRequestContext: destroyNativeStreamLocked org.chromium.net.impl.CronetBidirectionalStream@cb2c467
02-26 00:38:32.888  3530  7358 I FacsCacheGmsModule: (REDACTED) Received 'writeDeviceLevelSettings' request from package '%s'...
02-26 00:38:32.887  4297  4297 I AppBase : AppBase.onTrimMemory():287 onTrimMemory(): 5
02-26 00:38:32.891  4297  4297 I KeyboardDefCache: MemoryFileCache$1.onTrimMemory():124 clearMemory() for trim memory: 5
02-26 00:38:32.891 25355 25355 I Finsky  : [2] Memory trim requested to level 60
02-26 00:38:32.891  4297  4297 I KeyboardDefCache: MemoryFileCache.clearMemory():408 evictAll()
02-26 00:38:32.891  4297  4297 I GoogleInputMethodService: GoogleInputMethodService.onTrimMemory():2852 onTrimMemory(): 5
02-26 00:38:32.891 25355 25355 I Finsky  : [2] Flushing in-memory image cache
02-26 00:38:32.889  3530  7358 I FacsCacheGmsModule: Operation 'writeDeviceLevelSettings' dispatched!
02-26 00:38:32.894  3530 11863 I FacsCacheGmsModule: (REDACTED) Executing operation '%s'...
02-26 00:38:32.897  3530  7358 I FacsCacheGmsModule: (REDACTED) Received 'writeDeviceLevelSettings' request from package '%s'...
02-26 00:38:32.897  3530  7358 I FacsCacheGmsModule: Operation 'writeDeviceLevelSettings' dispatched!
02-26 00:38:32.902  3530 11863 I FacsCacheGmsModule: (REDACTED) Operation '%s' successful!
02-26 00:38:32.902  3530 11863 I FacsCacheGmsModule: (REDACTED) Executing operation '%s'...
02-26 00:38:32.911  3530 11863 I FacsCacheGmsModule: (REDACTED) Operation '%s' successful!
02-26 00:38:32.951 26590 27377 I cn_CronetUrlRequestContext: destroyNativeStreamLocked org.chromium.net.impl.CronetBidirectionalStream@53cac7b
02-26 00:38:32.954  3530  7358 I FacsCacheGmsModule: (REDACTED) Received 'writeDeviceLevelSettings' request from package '%s'...
