02-26 00:36:09.563 26383 26383 D NetworkSecurityConfig: Using Network Security Config from resource 0_resource_name_obfuscated debugBuild: false
02-26 00:36:09.565 26383 26383 D NetworkSecurityConfig: Using Network Security Config from resource 0_resource_name_obfuscated debugBuild: false
02-26 00:36:09.722 26383 26410 I relr-bootstrap: find relr data...
02-26 00:36:09.722 26383 26410 I relr-bootstrap: relr are relocated already, skip bootstrapping
02-26 00:36:10.176 26383 26411 E SQLiteLog: (283) recovered 107 frames from WAL file /data/user/999/com.snapchat.android/databases/core.db-wal
02-26 00:36:10.218 26383 26439 D CursorWindow: Inflated: original size 16384, new size 2097152
02-26 00:36:10.322 26383 26420 E SQLiteLog: (283) recovered 204 frames from WAL file /data/user/999/com.snapchat.android/databases/journal.db-wal
02-26 00:36:10.451 13358 17952 V NativeCrypto: Read error: ssl=0xb4000072876adc98: I/O error during system call, Connection reset by peer
02-26 00:36:10.462 13358 16573 V NativeCrypto: Write error: ssl=0xb4000072876adc98: I/O error during system call, Broken pipe
02-26 00:36:10.467 13358 16573 V NativeCrypto: SSL shutdown failed: ssl=0xb4000072876adc98: I/O error during system call, Success
02-26 00:36:10.470 13358 26447 D Linux   : [Posix_connect Debug]Process com.example.focus_mate :443 
02-26 00:36:10.471 13358 16193 W Firestore: (26.0.2) [WatchStream]: (5572079) Stream closed with status: Status{code=UNAVAILABLE, description=End of stream or IOException, cause=null}.
02-26 00:36:13.536 26060 26218 W DGW     : W[operator():215] StreamGroupRetriableNetworkLayer[rpsignaling] unable to connect after 5 seconds
02-26 00:36:13.752 26060 26228 I DGW     : I[notifyStreamGroupError:1789] StreamGroupTransport[rpsignaling] notify StreamGroup error: StreamGroupNetworkRequest request cancelled: max retries reached; last err (TransientError domain: MNSHTTPClient code: 3 detail: Host session was closed, num pending transactions: 1)
02-26 00:36:13.757 26060 26228 W DGW     : W[setEnabled:198] StreamGroupPinger[rpsignaling]: setEnabled: 0
02-26 00:36:15.332 26060 26080 W CrashLoopRemedyLog: unable to delete remedy log, instaCrash: true
02-26 00:36:17.391 25355 25863 I android.vendin: oneway function results for code 2 on binder at 0xb4000072176df170 will be dropped but finished with status UNKNOWN_TRANSACTION
02-26 00:36:18.764 26060 26218 W DGW     : W[onPingFailure:618] ConnectivityManager ping failure Ping Timeout
02-26 00:36:18.765 26060 26218 W DGW     : W[operator():215] StreamGroupRetriableNetworkLayer[rpsignaling] unable to connect after 5 seconds
02-26 00:36:18.766 26060 26218 W DGW     : W[onPingFailure:618] ConnectivityManager ping failure TransientError domain: MNSHTTPClient code: 3 detail: Host session was closed, num pending transactions: 2
02-26 00:36:18.952 26461 26461 D ProcessState: Binder ioctl to enable oneway spam detection failed: Invalid argument
02-26 00:36:18.976 26060 26228 I DGW     : I[notifyStreamGroupError:1789] StreamGroupTransport[rpsignaling] notify StreamGroup error: StreamGroupNetworkRequest request cancelled: max retries reached; last err (TransientError domain: MNSHTTPClient code: 3 detail: Host session was closed, num pending transactions: 2)
02-26 00:36:18.980 26060 26228 W DGW     : W[setEnabled:198] StreamGroupPinger[rpsignaling]: setEnabled: 0
02-26 00:36:19.014 26461 26461 D CompatibilityChangeReporter: Compat change id reported: 171979766; UID 10121; state: ENABLED
02-26 00:36:19.369 26461 26461 W ocess_schedule: Entry not found
02-26 00:36:19.375 26461 26461 W ocess_schedule: Entry not found
02-26 00:36:19.379 26461 26461 W ocess_schedule: Entry not found
02-26 00:36:19.416 26461 26461 W ocess_schedule: JIT profile information will not be recorded: profile file does not exist.
02-26 00:36:19.416 26461 26461 W ocess_schedule: JIT profile information will not be recorded: profile file does not exist.
02-26 00:36:19.417 26461 26461 W ocess_schedule: JIT profile information will not be recorded: profile file does not exist.
02-26 00:36:19.508 26461 26461 V GraphicsEnvironment: ANGLE Developer option for 'com.google.android.apps.maps' set to: 'default'
02-26 00:36:19.508 26461 26461 V GraphicsEnvironment: Neither updatable production driver nor prerelease driver is supported.
02-26 00:36:19.514 26461 26461 D NetworkSecurityConfig: No Network Security Config specified, using platform default
02-26 00:36:19.515 26461 26461 D NetworkSecurityConfig: No Network Security Config specified, using platform default
02-26 00:36:19.839 26461 26461 D CompatibilityChangeReporter: Compat change id reported: 160794467; UID 10121; state: ENABLED
02-26 00:36:19.967 26461 26484 I ocess_schedule: System.exit called, status: 0
02-26 00:36:19.968 26461 26484 I AndroidRuntime: VM exiting with result code 0, cleanup skipped.
02-26 00:36:20.007  3530 26460 I NetworkScheduler.Stats: (REDACTED) Task %s/%s finished executing. cause:%s result: %s elapsed_millis: %s uptime_millis: %s exec_start_elapsed_seconds: %s
02-26 00:36:20.081 25355 25355 I Finsky  : [2] Memory trim requested to level 60
02-26 00:36:20.081 25355 25355 I Finsky  : [2] Flushing in-memory image cache
02-26 00:36:20.091  3530 26460 I NetworkScheduler.Stats: (REDACTED) Task %s/%s started execution. cause:%s exec_start_elapsed_seconds: %s
02-26 00:36:20.145  4297  4297 I AppBase : AppBase.onTrimMemory():287 onTrimMemory(): 5
02-26 00:36:20.156  4297  4297 I KeyboardDefCache: MemoryFileCache$1.onTrimMemory():124 clearMemory() for trim memory: 5
02-26 00:36:20.158  4297  4297 I KeyboardDefCache: MemoryFileCache.clearMemory():408 evictAll()
02-26 00:36:20.162  4297  4297 I GoogleInputMethodService: GoogleInputMethodService.onTrimMemory():2852 onTrimMemory(): 5
02-26 00:36:20.354  3530  3541 I .gms.persisten: Background young concurrent copying GC freed 430302(18MB) AllocSpace objects, 6(120KB) LOS objects, 45% free, 22MB/40MB, paused 189us,251us total 263.724ms
02-26 00:36:21.049 25355 25355 I Finsky  : [2] Memory trim requested to level 60
02-26 00:36:21.050 25355 25355 I Finsky  : [2] Flushing in-memory image cache
02-26 00:36:21.068  3530 26368 I NetworkScheduler.Stats: (REDACTED) Task %s/%s finished executing. cause:%s result: %s elapsed_millis: %s uptime_millis: %s exec_start_elapsed_seconds: %s
02-26 00:36:21.085  3530 26368 I NetworkScheduler.Stats: (REDACTED) Task %s/%s started execution. cause:%s exec_start_elapsed_seconds: %s
02-26 00:36:22.101  3530 26460 I NetworkScheduler.Stats: (REDACTED) Task %s/%s finished executing. cause:%s result: %s elapsed_millis: %s uptime_millis: %s exec_start_elapsed_seconds: %s
02-26 00:36:22.129  3530 26460 I NetworkScheduler.Stats: (REDACTED) Task %s/%s started execution. cause:%s exec_start_elapsed_seconds: %s
02-26 00:36:23.159  3530 26460 I NetworkScheduler.Stats: (REDACTED) Task %s/%s started execution. cause:%s exec_start_elapsed_seconds: %s
02-26 00:36:23.988 26060 26218 W DGW     : W[operator():215] StreamGroupRetriableNetworkLayer[rpsignaling] unable to connect after 5 seconds
02-26 00:36:24.200 26060 26228 I DGW     : I[notifyStreamGroupError:1789] StreamGroupTransport[rpsignaling] notify StreamGroup error: StreamGroupNetworkRequest request cancelled: max retries reached; last err (TransientError domain: MNSHTTPClient code: 3 detail: Host session was closed, num pending transactions: 1)
02-26 00:36:24.204 26060 26228 W DGW     : W[setEnabled:198] StreamGroupPinger[rpsignaling]: setEnabled: 0
02-26 00:36:24.649  3530 26368 I NetworkScheduler.Stats: (REDACTED) Task %s/%s finished executing. cause:%s result: %s elapsed_millis: %s uptime_millis: %s exec_start_elapsed_seconds: %s
02-26 00:36:29.212 26060 26218 W DGW     : W[onPingFailure:618] ConnectivityManager ping failure Ping Timeout
02-26 00:36:29.213 26060 26218 W DGW     : W[operator():215] StreamGroupRetriableNetworkLayer[rpsignaling] unable to connect after 5 seconds
02-26 00:36:29.215 26060 26218 W DGW     : W[onPingFailure:618] ConnectivityManager ping failure TransientError domain: MNSHTTPClient code: 3 detail: Host session was closed, num pending transactions: 2
02-26 00:36:29.424 26060 26228 I DGW     : I[notifyStreamGroupError:1789] StreamGroupTransport[rpsignaling] notify StreamGroup error: StreamGroupNetworkRequest request cancelled: max retries reached; last err (TransientError domain: MNSHTTPClient code: 3 detail: Host session was closed, num pending transactions: 2)
02-26 00:36:29.429 26060 26228 W DGW     : W[setEnabled:198] StreamGroupPinger[rpsignaling]: setEnabled: 0
02-26 00:36:30.536 18874 19180 I DGW     : I[notifyStreamGroupError:1789] StreamGroupTransport[notifgateway] notify StreamGroup error: Error Domain=MNSSecureTCP Code=5 UserInfo=0xb4000072376aef20 {MCFErrorDirectLocalizedFailureReasonKey=mbedtls_ssl_read(): NET - Connection was reset by peer (-0x0050)}
02-26 00:36:31.784 26060 26060 W soft_error.cpp: [pando::graphql::PandoGraphQLRequestHybrid::assertValid] : Using a PandoGraphQLRequest after it has been consumed. Query name is IGSharedAccountsQuery
02-26 00:36:32.089 18874 19180 I DGW     : I[sendRequest:90] StreamGroupConnectivityAwareNetworkLayer[notifgateway] processing request with connection state: 1
02-26 00:36:32.089 18874 19180 I DGW     : I[sendRequest:110] StreamGroupMNSNetworkLayer[notifgateway] DGW Connecting to *********************************************
02-26 00:36:32.100 18874 19180 W fbservices-stub:NotificationDeliveryStorePreferences: [AI] Failed to deserialize notification item
02-26 00:36:32.100 18874 19180 W fbservices-stub:NotificationDeliveryStorePreferences: [AI] Failed to deserialize notification item
02-26 00:36:32.539 18874 19180 W DGW     : W[operator():418] DGW Connected to **************
02-26 00:36:32.816 18874 19180 W DGW     : W[onSuccessfulResponse:870] StreamGroupTransport[notifgateway] on successful response. DGW is now connected.
02-26 00:36:34.436 26060 26218 W DGW     : W[operator():215] StreamGroupRetriableNetworkLayer[rpsignaling] unable to connect after 5 seconds
02-26 00:36:34.652 26060 26228 I DGW     : I[notifyStreamGroupError:1789] StreamGroupTransport[rpsignaling] notify StreamGroup error: StreamGroupNetworkRequest request cancelled: max retries reached; last err (TransientError domain: MNSHTTPClient code: 3 detail: Host session was closed, num pending transactions: 1)
02-26 00:36:34.655 26060 26228 W DGW     : W[setEnabled:198] StreamGroupPinger[rpsignaling]: setEnabled: 0
02-26 00:36:38.300 26590 26590 D CompatibilityChangeReporter: Compat change id reported: 171979766; UID 10027; state: ENABLED
02-26 00:36:38.402 26590 26590 W gle.android.gm: JIT profile information will not be recorded: profile file does not exist.
02-26 00:36:38.403 26590 26590 W gle.android.gm: JIT profile information will not be recorded: profile file does not exist.
02-26 00:36:38.450 26590 26590 V GraphicsEnvironment: ANGLE Developer option for 'com.google.android.gms' set to: 'default'
02-26 00:36:38.450 26590 26590 V GraphicsEnvironment: Neither updatable production driver nor prerelease driver is supported.
02-26 00:36:38.456 26590 26590 D NetworkSecurityConfig: Using Network Security Config from resource network_security_config debugBuild: false
02-26 00:36:38.460 26590 26590 D NetworkSecurityConfig: Using Network Security Config from resource network_security_config debugBuild: false
02-26 00:36:38.735 26590 26590 W ProviderHelper: Unknown dynamite feature providerinstaller.dynamite
02-26 00:36:38.736 26590 26590 I DynamiteModule: Considering local module com.google.android.gms.providerinstaller.dynamite:1 and remote module com.google.android.gms.providerinstaller.dynamite:0
02-26 00:36:38.736 26590 26590 I DynamiteModule: Selected local version of com.google.android.gms.providerinstaller.dynamite
02-26 00:36:38.763 26590 26590 V NativeCrypto: Registering com/google/android/gms/org/conscrypt/NativeCrypto's 334 native methods...
02-26 00:36:38.832 26590 26590 I ProviderInstaller: Installed default security provider GmsCore_OpenSSL
02-26 00:36:38.855 26590 26620 I Watchcat: Started
02-26 00:36:38.869 26590 26620 I GMS_MM_Logger: (REDACTED) Start time: %s
02-26 00:36:38.870 26590 26620 I GMS_MM_Logger: Started.
02-26 00:36:38.905 26590 26603 I DynamiteModule: Considering local module com.google.android.gms.googlecertificates:7 and remote module com.google.android.gms.googlecertificates:0
02-26 00:36:38.905 26590 26603 I DynamiteModule: Selected local version of com.google.android.gms.googlecertificates
02-26 00:36:39.664 26060 26218 W DGW     : W[operator():215] StreamGroupRetriableNetworkLayer[rpsignaling] unable to connect after 5 seconds
02-26 00:36:39.880 26060 26228 I DGW     : I[notifyStreamGroupError:1789] StreamGroupTransport[rpsignaling] notify StreamGroup error: StreamGroupNetworkRequest request cancelled: max retries reached; last err (TransientError domain: MNSHTTPClient code: 3 detail: Host session was closed, num pending transactions: 1)
02-26 00:36:39.887 26060 26228 W DGW     : W[setEnabled:198] StreamGroupPinger[rpsignaling]: setEnabled: 0
02-26 00:36:40.763 25355 25355 I Finsky  : [2] Memory trim requested to level 40
02-26 00:36:40.763 25355 25355 I Finsky  : [2] Flushing in-memory image cache
02-26 00:36:40.788  4297  4297 I AppBase : AppBase.onTrimMemory():287 onTrimMemory(): 5
02-26 00:36:40.789  4297  4297 I KeyboardDefCache: MemoryFileCache$1.onTrimMemory():124 clearMemory() for trim memory: 5
02-26 00:36:40.789  4297  4297 I KeyboardDefCache: MemoryFileCache.clearMemory():408 evictAll()
02-26 00:36:40.789  4297  4297 I GoogleInputMethodService: GoogleInputMethodService.onTrimMemory():2852 onTrimMemory(): 5
02-26 00:36:44.896 26060 26218 W DGW     : W[operator():215] StreamGroupRetriableNetworkLayer[rpsignaling] unable to connect after 5 seconds
02-26 00:36:45.108 26060 26228 I DGW     : I[notifyStreamGroupError:1789] StreamGroupTransport[rpsignaling] notify StreamGroup error: StreamGroupNetworkRequest request cancelled: max retries reached; last err (TransientError domain: MNSHTTPClient code: 3 detail: Host session was closed, num pending transactions: 1)
02-26 00:36:45.118 26060 26228 W DGW     : W[setEnabled:198] StreamGroupPinger[rpsignaling]: setEnabled: 0
02-26 00:36:50.128 26060 26218 W DGW     : W[operator():215] StreamGroupRetriableNetworkLayer[rpsignaling] unable to connect after 5 seconds
02-26 00:36:50.341 26060 26228 I DGW     : I[notifyStreamGroupError:1789] StreamGroupTransport[rpsignaling] notify StreamGroup error: StreamGroupNetworkRequest request cancelled: max retries reached; last err (TransientError domain: MNSHTTPClient code: 3 detail: Host session was closed, num pending transactions: 1)
02-26 00:36:50.346 26060 26228 W DGW     : W[setEnabled:198] StreamGroupPinger[rpsignaling]: setEnabled: 0
02-26 00:36:55.356 26060 26218 W DGW     : W[operator():215] StreamGroupRetriableNetworkLayer[rpsignaling] unable to connect after 5 seconds
02-26 00:36:55.568 26060 26228 I DGW     : I[notifyStreamGroupError:1789] StreamGroupTransport[rpsignaling] notify StreamGroup error: StreamGroupNetworkRequest request cancelled: max retries reached; last err (TransientError domain: MNSHTTPClient code: 3 detail: Host session was closed, num pending transactions: 1)
02-26 00:36:55.573 26060 26228 W DGW     : W[setEnabled:198] StreamGroupPinger[rpsignaling]: setEnabled: 0
02-26 00:36:56.494 13358 16573 V NativeCrypto: Read error: ssl=0xb4000072876b7598: I/O error during system call, Connection reset by peer
02-26 00:36:56.498 13358 26447 V NativeCrypto: Write error: ssl=0xb4000072876b7598: I/O error during system call, Broken pipe
02-26 00:36:56.501 13358 26447 V NativeCrypto: SSL shutdown failed: ssl=0xb4000072876b7598: I/O error during system call, Success
02-26 00:36:56.504 13358 17952 D Linux   : [Posix_connect Debug]Process com.example.focus_mate :443 
02-26 00:36:56.506 13358 16193 W Firestore: (26.0.2) [WatchStream]: (5572079) Stream closed with status: Status{code=UNAVAILABLE, description=End of stream or IOException, cause=null}.
02-26 00:37:00.580 26060 26218 W DGW     : W[operator():215] StreamGroupRetriableNetworkLayer[rpsignaling] unable to connect after 5 seconds
02-26 00:37:00.792 26060 26228 I DGW     : I[notifyStreamGroupError:1789] StreamGroupTransport[rpsignaling] notify StreamGroup error: StreamGroupNetworkRequest request cancelled: max retries reached; last err (TransientError domain: MNSHTTPClient code: 3 detail: Host session was closed, num pending transactions: 1)
02-26 00:37:00.796 26060 26228 W DGW     : W[setEnabled:198] StreamGroupPinger[rpsignaling]: setEnabled: 0
02-26 00:37:05.804 26060 26218 W DGW     : W[operator():215] StreamGroupRetriableNetworkLayer[rpsignaling] unable to connect after 5 seconds
02-26 00:37:06.020 26060 26228 I DGW     : I[notifyStreamGroupError:1789] StreamGroupTransport[rpsignaling] notify StreamGroup error: StreamGroupNetworkRequest request cancelled: max retries reached; last err (TransientError domain: MNSHTTPClient code: 3 detail: Host session was closed, num pending transactions: 1)
02-26 00:37:06.025 26060 26228 W DGW     : W[setEnabled:198] StreamGroupPinger[rpsignaling]: setEnabled: 0
02-26 00:37:10.282  3530 26460 I NetworkScheduler.Stats: (REDACTED) Task %s/%s finished executing. cause:%s result: %s elapsed_millis: %s uptime_millis: %s exec_start_elapsed_seconds: %s
02-26 00:37:11.032 26060 26218 W DGW     : W[operator():215] StreamGroupRetriableNetworkLayer[rpsignaling] unable to connect after 5 seconds
02-26 00:37:11.249 26060 26228 I DGW     : I[notifyStreamGroupError:1789] StreamGroupTransport[rpsignaling] notify StreamGroup error: StreamGroupNetworkRequest request cancelled: max retries reached; last err (TransientError domain: MNSHTTPClient code: 3 detail: Host session was closed, num pending transactions: 1)
02-26 00:37:11.254 26060 26228 W DGW     : W[setEnabled:198] StreamGroupPinger[rpsignaling]: setEnabled: 0
02-26 00:37:14.980 15669 16056 E msys    : E[N mns]_CacheRefreshTimerCallback(454)=>Start active cache refresh DNS resolution
02-26 00:37:14.981 15669 16056 E msys    : E[N mns]_CacheRefreshTimerCallback(454)=>Start active cache refresh DNS resolution
02-26 00:37:14.981 15669 16056 E msys    : E[N mns]_CacheRefreshTimerCallback(454)=>Start active cache refresh DNS resolution
02-26 00:37:14.981 15669 16056 E msys    : E[N mns]_CacheRefreshTimerCallback(454)=>Start active cache refresh DNS resolution
02-26 00:37:14.983 15669 16056 E msys    : E[N mns]_CacheRefreshTimerCallback(454)=>Start active cache refresh DNS resolution
02-26 00:37:14.983 15669 16056 E msys    : E[N mns]_CacheRefreshTimerCallback(454)=>Start active cache refresh DNS resolution
02-26 00:37:14.988 15669 16056 E msys    : E[N mns]_OnSystemDNSSuccessCallback(340)=>Cache refresh succeeded with system DNS resolver. IP count: 2
02-26 00:37:14.989 15669 16056 E msys    : E[N mns]_OnSystemDNSSuccessCallback(340)=>Cache refresh succeeded with system DNS resolver. IP count: 2
02-26 00:37:15.556 15669 16056 E msys    : E[N mns]_OnSystemDNSSuccessCallback(340)=>Cache refresh succeeded with system DNS resolver. IP count: 2
02-26 00:37:15.567 15669 16056 E msys    : E[N mns]_OnSystemDNSSuccessCallback(340)=>Cache refresh succeeded with system DNS resolver. IP count: 2
02-26 00:37:15.645 15669 16056 E msys    : E[N mns]_OnSystemDNSSuccessCallback(340)=>Cache refresh succeeded with system DNS resolver. IP count: 2
02-26 00:37:15.851 15669 16056 E msys    : E[N mns]_OnSystemDNSSuccessCallback(340)=>Cache refresh succeeded with system DNS resolver. IP count: 2
02-26 00:37:16.264 26060 26218 W DGW     : W[operator():215] StreamGroupRetriableNetworkLayer[rpsignaling] unable to connect after 5 seconds
02-26 00:37:16.477 26060 26228 I DGW     : I[notifyStreamGroupError:1789] StreamGroupTransport[rpsignaling] notify StreamGroup error: StreamGroupNetworkRequest request cancelled: max retries reached; last err (TransientError domain: MNSHTTPClient code: 3 detail: Host session was closed, num pending transactions: 1)
02-26 00:37:16.481 26060 26228 W DGW     : W[setEnabled:198] StreamGroupPinger[rpsignaling]: setEnabled: 0
02-26 00:37:20.349  3530 26368 I NetworkScheduler.Stats: (REDACTED) Task %s/%s started execution. cause:%s exec_start_elapsed_seconds: %s
02-26 00:37:20.374  3530 26368 I NetworkScheduler.Stats: (REDACTED) Task %s/%s started execution. cause:%s exec_start_elapsed_seconds: %s
02-26 00:37:20.472  3530 26460 I NetworkScheduler.Stats: (REDACTED) Task %s/%s finished executing. cause:%s result: %s elapsed_millis: %s uptime_millis: %s exec_start_elapsed_seconds: %s
02-26 00:37:21.412  3530 26460 I NetworkScheduler.Stats: (REDACTED) Task %s/%s started execution. cause:%s exec_start_elapsed_seconds: %s
02-26 00:37:21.488 26060 26218 W DGW     : W[operator():215] StreamGroupRetriableNetworkLayer[rpsignaling] unable to connect after 5 seconds
02-26 00:37:21.700 26060 26228 I DGW     : I[notifyStreamGroupError:1789] StreamGroupTransport[rpsignaling] notify StreamGroup error: StreamGroupNetworkRequest request cancelled: max retries reached; last err (TransientError domain: MNSHTTPClient code: 3 detail: Host session was closed, num pending transactions: 1)
02-26 00:37:21.704 26060 26228 W DGW     : W[setEnabled:198] StreamGroupPinger[rpsignaling]: setEnabled: 0
02-26 00:37:23.319  3530 26368 I NetworkScheduler.Stats: (REDACTED) Task %s/%s finished executing. cause:%s result: %s elapsed_millis: %s uptime_millis: %s exec_start_elapsed_seconds: %s
02-26 00:37:26.149 15669 17409 W soft_error.cpp: [pando::graphql::PandoGraphQLRequestHybrid::assertValid] : Using a PandoGraphQLRequest after it has been consumed. Query name is ScreenTimeSyncMutation
02-26 00:37:26.712 26060 26218 W DGW     : W[operator():215] StreamGroupRetriableNetworkLayer[rpsignaling] unable to connect after 5 seconds
02-26 00:37:26.930 26060 26228 I DGW     : I[notifyStreamGroupError:1789] StreamGroupTransport[rpsignaling] notify StreamGroup error: StreamGroupNetworkRequest request cancelled: max retries reached; last err (TransientError domain: MNSHTTPClient code: 3 detail: Host session was closed, num pending transactions: 1)
02-26 00:37:26.935 26060 26228 W DGW     : W[setEnabled:198] StreamGroupPinger[rpsignaling]: setEnabled: 0
02-26 00:37:31.944 26060 26218 W DGW     : W[operator():215] StreamGroupRetriableNetworkLayer[rpsignaling] unable to connect after 5 seconds
02-26 00:37:32.156 26060 26228 I DGW     : I[notifyStreamGroupError:1789] StreamGroupTransport[rpsignaling] notify StreamGroup error: StreamGroupNetworkRequest request cancelled: max retries reached; last err (TransientError domain: MNSHTTPClient code: 3 detail: Host session was closed, num pending transactions: 1)
02-26 00:37:32.161 26060 26228 W DGW     : W[setEnabled:198] StreamGroupPinger[rpsignaling]: setEnabled: 0
02-26 00:37:32.469  3530 26460 I NetworkScheduler.Stats: (REDACTED) Task %s/%s finished executing. cause:%s result: %s elapsed_millis: %s uptime_millis: %s exec_start_elapsed_seconds: %s
02-26 00:37:32.484 26060 26098 W IGShopsBAU: Shops BAU experiment check failed - defaulting to show shop
02-26 00:37:32.484 26060 26098 W IGShopsBAU: X.67m: network error: TransientError domain: MNSSecureTCP code: 1 detail: SecureTCP connection establish timeout
02-26 00:37:32.484 26060 26098 W IGShopsBAU: 	at X.6fm.onError(:20)
02-26 00:37:32.484 26060 26098 W IGShopsBAU: 	at com.facebook.pando.NativeCallbacks.onError(:5)
02-26 00:37:32.484 26060 26098 W IGShopsBAU: 	at com.facebook.jni.NativeRunnable.run(Native Method)
02-26 00:37:32.484 26060 26098 W IGShopsBAU: 	at X.7fk.run(:2)
02-26 00:37:32.484 26060 26098 W IGShopsBAU: 	at X.1pz.run(:25)
02-26 00:37:32.484 26060 26098 W IGShopsBAU: 	at X.1pz.run(:25)
02-26 00:37:32.484 26060 26098 W IGShopsBAU: 	at X.1px.A00(:110)
02-26 00:37:32.484 26060 26098 W IGShopsBAU: 	at X.1px.run(:136)
02-26 00:37:32.484 26060 26098 W IGShopsBAU: Caused by: java.lang.Throwable
02-26 00:37:32.484 26060 26098 W IGShopsBAU: 	at X.6fm.<init>(:2)
02-26 00:37:32.484 26060 26098 W IGShopsBAU: 	at X.3Dt.invoke(:540)
02-26 00:37:32.484 26060 26098 W IGShopsBAU: 	at X.5li.run(:8)
02-26 00:37:32.484 26060 26098 W IGShopsBAU: 	at X.2eb.run(:2)
02-26 00:37:32.484 26060 26098 W IGShopsBAU: 	at X.1pz.run(:25)
02-26 00:37:32.484 26060 26098 W IGShopsBAU: 	at X.2ee.run(:16)
02-26 00:37:32.484 26060 26098 W IGShopsBAU: 	... 4 more
02-26 00:37:32.495  3530 26460 I NetworkScheduler.Stats: (REDACTED) Task %s/%s started execution. cause:%s exec_start_elapsed_seconds: %s
02-26 00:37:33.517  3530 26460 I NetworkScheduler.Stats: (REDACTED) Task %s/%s started execution. cause:%s exec_start_elapsed_seconds: %s
02-26 00:37:33.670  3530 26368 I NetworkScheduler.Stats: (REDACTED) Task %s/%s finished executing. cause:%s result: %s elapsed_millis: %s uptime_millis: %s exec_start_elapsed_seconds: %s
02-26 00:37:34.544  3530 26368 I NetworkScheduler.Stats: (REDACTED) Task %s/%s started execution. cause:%s exec_start_elapsed_seconds: %s
02-26 00:37:34.630  3530 26460 I NetworkScheduler.Stats: (REDACTED) Task %s/%s finished executing. cause:%s result: %s elapsed_millis: %s uptime_millis: %s exec_start_elapsed_seconds: %s
02-26 00:37:35.553  3530 26368 I NetworkScheduler.Stats: (REDACTED) Task %s/%s finished executing. cause:%s result: %s elapsed_millis: %s uptime_millis: %s exec_start_elapsed_seconds: %s
02-26 00:37:35.578  3530 26368 I NetworkScheduler.Stats: (REDACTED) Task %s/%s started execution. cause:%s exec_start_elapsed_seconds: %s
02-26 00:37:36.583  3530 26460 I NetworkScheduler.Stats: (REDACTED) Task %s/%s finished executing. cause:%s result: %s elapsed_millis: %s uptime_millis: %s exec_start_elapsed_seconds: %s
02-26 00:37:36.602  3530 26460 I NetworkScheduler.Stats: (REDACTED) Task %s/%s started execution. cause:%s exec_start_elapsed_seconds: %s
02-26 00:37:36.835 26590 26847 W TracingHelper: No RequestContext found in the trace or trace not available. [CONTEXT service_id=259 ratelimit_count=1410065408 ]
02-26 00:37:36.870 26590 26847 W TracingHelper: Mismatched RequestContext found for module CORE. Module id from RequestContext is MODULEID_UNKNOWN [CONTEXT service_id=259 ratelimit_count=1410065408 ]
02-26 00:37:36.923  3530  3530 D BoundBrokerSvc: onRebind: Intent { act=com.google.android.gms.libs.gmscorelogger.service.START dat=chimera-action: cmp=com.google.android.gms/.chimera.PersistentDirectBootAwareApiService }
02-26 00:37:37.169 26060 26218 W DGW     : W[operator():215] StreamGroupRetriableNetworkLayer[rpsignaling] unable to connect after 5 seconds
02-26 00:37:37.380 26060 26228 I DGW     : I[notifyStreamGroupError:1789] StreamGroupTransport[rpsignaling] notify StreamGroup error: StreamGroupNetworkRequest request cancelled: max retries reached; last err (TransientError domain: MNSHTTPClient code: 3 detail: Host session was closed, num pending transactions: 1)
02-26 00:37:37.385 26060 26228 W DGW     : W[setEnabled:198] StreamGroupPinger[rpsignaling]: setEnabled: 0
02-26 00:37:37.641  3530 26368 I NetworkScheduler.Stats: (REDACTED) Task %s/%s started execution. cause:%s exec_start_elapsed_seconds: %s
02-26 00:37:37.654  3530 26460 I NetworkScheduler.Stats: (REDACTED) Task %s/%s finished executing. cause:%s result: %s elapsed_millis: %s uptime_millis: %s exec_start_elapsed_seconds: %s
02-26 00:37:37.952 15669 15967 E MQTTBypassDGWStreamGroupCallbacks.cpp: onStreamGroupError TransientError domain: MNSQUICConnection code: 1 detail: Local error: 0x40000015: 35 seconds timeout
02-26 00:37:37.955 15669 16423 E msys    : E[N mns]_OnDiskCacheGetData(632)=>Start post callback cache refresh DNS resolution
02-26 00:37:37.959 15669 15967 W MQTTBypassDGWStreamGroupConnection.cpp: Restarting due to reason: StreamError
02-26 00:37:38.115 15669 16423 E msys    : E[N mns]_OnSystemDNSSuccessCallback(340)=>Cache refresh succeeded with system DNS resolver. IP count: 2
02-26 00:37:38.666  3530 26368 I NetworkScheduler.Stats: (REDACTED) Task %s/%s finished executing. cause:%s result: %s elapsed_millis: %s uptime_millis: %s exec_start_elapsed_seconds: %s
02-26 00:37:38.704  3530 26368 I NetworkScheduler.Stats: (REDACTED) Task %s/%s started execution. cause:%s exec_start_elapsed_seconds: %s
02-26 00:37:38.878 26590 26847 D CompatibilityChangeReporter: Compat change id reported: 160794467; UID 10027; state: ENABLED
02-26 00:37:39.704  3530 26853 I NetworkScheduler.Stats: (REDACTED) Task %s/%s finished executing. cause:%s result: %s elapsed_millis: %s uptime_millis: %s exec_start_elapsed_seconds: %s
02-26 00:37:39.730  3530 26853 I NetworkScheduler.Stats: (REDACTED) Task %s/%s started execution. cause:%s exec_start_elapsed_seconds: %s
02-26 00:37:40.744  3530 26368 I NetworkScheduler.Stats: (REDACTED) Task %s/%s finished executing. cause:%s result: %s elapsed_millis: %s uptime_millis: %s exec_start_elapsed_seconds: %s
02-26 00:37:40.768  3530 26368 I NetworkScheduler.Stats: (REDACTED) Task %s/%s started execution. cause:%s exec_start_elapsed_seconds: %s
02-26 00:37:41.777  3530 26853 I NetworkScheduler.Stats: (REDACTED) Task %s/%s finished executing. cause:%s result: %s elapsed_millis: %s uptime_millis: %s exec_start_elapsed_seconds: %s
02-26 00:37:41.817  3530 26853 I NetworkScheduler.Stats: (REDACTED) Task %s/%s started execution. cause:%s exec_start_elapsed_seconds: %s
02-26 00:37:42.392 26060 26218 W DGW     : W[operator():215] StreamGroupRetriableNetworkLayer[rpsignaling] unable to connect after 5 seconds
02-26 00:37:42.608 26060 26228 I DGW     : I[notifyStreamGroupError:1789] StreamGroupTransport[rpsignaling] notify StreamGroup error: StreamGroupNetworkRequest request cancelled: max retries reached; last err (TransientError domain: MNSHTTPClient code: 3 detail: Host session was closed, num pending transactions: 1)
02-26 00:37:42.613 26060 26228 W DGW     : W[setEnabled:198] StreamGroupPinger[rpsignaling]: setEnabled: 0
02-26 00:37:42.830  3530 26853 I NetworkScheduler.Stats: (REDACTED) Task %s/%s started execution. cause:%s exec_start_elapsed_seconds: %s
02-26 00:37:42.961  3530 26368 I NetworkScheduler.Stats: (REDACTED) Task %s/%s finished executing. cause:%s result: %s elapsed_millis: %s uptime_millis: %s exec_start_elapsed_seconds: %s
02-26 00:37:43.860  3530 26368 I NetworkScheduler.Stats: (REDACTED) Task %s/%s started execution. cause:%s exec_start_elapsed_seconds: %s
02-26 00:37:43.885  3530 26853 I NetworkScheduler.Stats: (REDACTED) Task %s/%s finished executing. cause:%s result: %s elapsed_millis: %s uptime_millis: %s exec_start_elapsed_seconds: %s
02-26 00:37:44.895  3530 26853 I NetworkScheduler.Stats: (REDACTED) Task %s/%s started execution. cause:%s exec_start_elapsed_seconds: %s
02-26 00:37:44.919  3530 26368 I NetworkScheduler.Stats: (REDACTED) Task %s/%s finished executing. cause:%s result: %s elapsed_millis: %s uptime_millis: %s exec_start_elapsed_seconds: %s
02-26 00:37:45.923  3530 26368 I NetworkScheduler.Stats: (REDACTED) Task %s/%s started execution. cause:%s exec_start_elapsed_seconds: %s
02-26 00:37:45.953  3530 26853 I NetworkScheduler.Stats: (REDACTED) Task %s/%s finished executing. cause:%s result: %s elapsed_millis: %s uptime_millis: %s exec_start_elapsed_seconds: %s
02-26 00:37:46.949  3530 26853 I NetworkScheduler.Stats: (REDACTED) Task %s/%s started execution. cause:%s exec_start_elapsed_seconds: %s
02-26 00:37:47.048  3530 26368 I NetworkScheduler.Stats: (REDACTED) Task %s/%s finished executing. cause:%s result: %s elapsed_millis: %s uptime_millis: %s exec_start_elapsed_seconds: %s
02-26 00:37:47.620 26060 26218 W DGW     : W[operator():215] StreamGroupRetriableNetworkLayer[rpsignaling] unable to connect after 5 seconds
02-26 00:37:47.832 26060 26228 I DGW     : I[notifyStreamGroupError:1789] StreamGroupTransport[rpsignaling] notify StreamGroup error: StreamGroupNetworkRequest request cancelled: max retries reached; last err (TransientError domain: MNSHTTPClient code: 3 detail: Host session was closed, num pending transactions: 1)
02-26 00:37:47.836 26060 26228 W DGW     : W[setEnabled:198] StreamGroupPinger[rpsignaling]: setEnabled: 0
02-26 00:37:47.987  3530 26368 I NetworkScheduler.Stats: (REDACTED) Task %s/%s started execution. cause:%s exec_start_elapsed_seconds: %s
02-26 00:37:48.012  3530 26853 I NetworkScheduler.Stats: (REDACTED) Task %s/%s finished executing. cause:%s result: %s elapsed_millis: %s uptime_millis: %s exec_start_elapsed_seconds: %s
02-26 00:37:49.026  3530 26368 I NetworkScheduler.Stats: (REDACTED) Task %s/%s started execution. cause:%s exec_start_elapsed_seconds: %s
02-26 00:37:49.044  3530 26921 I NetworkScheduler.Stats: (REDACTED) Task %s/%s finished executing. cause:%s result: %s elapsed_millis: %s uptime_millis: %s exec_start_elapsed_seconds: %s
02-26 00:37:50.149  3530 26921 I NetworkScheduler.Stats: (REDACTED) Task %s/%s finished executing. cause:%s result: %s elapsed_millis: %s uptime_millis: %s exec_start_elapsed_seconds: %s
02-26 00:37:50.198  3530 26921 I NetworkScheduler.Stats: (REDACTED) Task %s/%s started execution. cause:%s exec_start_elapsed_seconds: %s
02-26 00:37:50.307  3530 26921 I NetworkScheduler.Stats: (REDACTED) Task %s/%s started execution. cause:%s exec_start_elapsed_seconds: %s
02-26 00:37:50.311  3530 26921 I NetworkScheduler.Stats: (REDACTED) Task %s/%s finished executing. cause:%s result: %s elapsed_millis: %s uptime_millis: %s exec_start_elapsed_seconds: %s
02-26 00:37:51.408  3530 26921 I NetworkScheduler.Stats: (REDACTED) Task %s/%s finished executing. cause:%s result: %s elapsed_millis: %s uptime_millis: %s exec_start_elapsed_seconds: %s
02-26 00:37:52.000  3530  3530 D BoundBrokerSvc: onUnbind: Intent { act=com.google.android.gms.libs.gmscorelogger.service.START dat=chimera-action: cmp=com.google.android.gms/.chimera.PersistentDirectBootAwareApiService }
02-26 00:37:52.484  3530 26368 I NetworkScheduler.Stats: (REDACTED) Task %s/%s started execution. cause:%s exec_start_elapsed_seconds: %s
02-26 00:37:52.505  3530 26921 I NetworkScheduler.Stats: (REDACTED) Task %s/%s started execution. cause:%s exec_start_elapsed_seconds: %s
02-26 00:37:52.526  3530 26368 I NetworkScheduler.Stats: (REDACTED) Task %s/%s finished executing. cause:%s result: %s elapsed_millis: %s uptime_millis: %s exec_start_elapsed_seconds: %s
02-26 00:37:52.846 26060 26218 W DGW     : W[operator():215] StreamGroupRetriableNetworkLayer[rpsignaling] unable to connect after 5 seconds
02-26 00:37:53.060 26060 26228 I DGW     : I[notifyStreamGroupError:1789] StreamGroupTransport[rpsignaling] notify StreamGroup error: StreamGroupNetworkRequest request cancelled: max retries reached; last err (TransientError domain: MNSHTTPClient code: 3 detail: Host session was closed, num pending transactions: 1)
02-26 00:37:53.065 26060 26228 W DGW     : W[setEnabled:198] StreamGroupPinger[rpsignaling]: setEnabled: 0
02-26 00:37:53.561  3530 26921 I NetworkScheduler.Stats: (REDACTED) Task %s/%s finished executing. cause:%s result: %s elapsed_millis: %s uptime_millis: %s exec_start_elapsed_seconds: %s
02-26 00:37:53.587  3530 26921 I NetworkScheduler.Stats: (REDACTED) Task %s/%s started execution. cause:%s exec_start_elapsed_seconds: %s
02-26 00:37:53.768 18874 19031 W System  : ClassLoader referenced unknown path: /system/framework/tcmclient.jar
02-26 00:37:53.769 18874 19031 W System  : ClassLoader referenced unknown path: /system/framework/tcmiface.jar
02-26 00:37:53.785 18874 19031 D Linux   : [Posix_connect Debug]Process com.facebook.services :443 
02-26 00:37:54.603  3530 26853 I NetworkScheduler.Stats: (REDACTED) Task %s/%s finished executing. cause:%s result: %s elapsed_millis: %s uptime_millis: %s exec_start_elapsed_seconds: %s
02-26 00:37:54.638  3530 26853 I NetworkScheduler.Stats: (REDACTED) Task %s/%s started execution. cause:%s exec_start_elapsed_seconds: %s
02-26 00:37:55.634  3530 26921 I NetworkScheduler.Stats: (REDACTED) Task %s/%s finished executing. cause:%s result: %s elapsed_millis: %s uptime_millis: %s exec_start_elapsed_seconds: %s
02-26 00:37:55.657  3530 26921 I NetworkScheduler.Stats: (REDACTED) Task %s/%s started execution. cause:%s exec_start_elapsed_seconds: %s
02-26 00:37:56.693  3530 26921 I NetworkScheduler.Stats: (REDACTED) Task %s/%s started execution. cause:%s exec_start_elapsed_seconds: %s
02-26 00:37:57.904  3530 26853 I NetworkScheduler.Stats: (REDACTED) Task %s/%s finished executing. cause:%s result: %s elapsed_millis: %s uptime_millis: %s exec_start_elapsed_seconds: %s
02-26 00:37:58.076 26060 26218 W DGW     : W[operator():215] StreamGroupRetriableNetworkLayer[rpsignaling] unable to connect after 5 seconds
02-26 00:37:58.288 26060 26228 I DGW     : I[notifyStreamGroupError:1789] StreamGroupTransport[rpsignaling] notify StreamGroup error: StreamGroupNetworkRequest request cancelled: max retries reached; last err (TransientError domain: MNSHTTPClient code: 3 detail: Host session was closed, num pending transactions: 1)
02-26 00:37:58.292 26060 26228 W DGW     : W[setEnabled:198] StreamGroupPinger[rpsignaling]: setEnabled: 0
02-26 00:37:58.752  3530 26368 I NetworkScheduler.Stats: (REDACTED) Task %s/%s finished executing. cause:%s result: %s elapsed_millis: %s uptime_millis: %s exec_start_elapsed_seconds: %s
02-26 00:37:58.787  3530 26368 I NetworkScheduler.Stats: (REDACTED) Task %s/%s started execution. cause:%s exec_start_elapsed_seconds: %s
02-26 00:37:59.801  3530 26921 I NetworkScheduler.Stats: (REDACTED) Task %s/%s finished executing. cause:%s result: %s elapsed_millis: %s uptime_millis: %s exec_start_elapsed_seconds: %s
02-26 00:37:59.830  3530 26921 I NetworkScheduler.Stats: (REDACTED) Task %s/%s started execution. cause:%s exec_start_elapsed_seconds: %s
02-26 00:38:00.834  3530 26368 I NetworkScheduler.Stats: (REDACTED) Task %s/%s finished executing. cause:%s result: %s elapsed_millis: %s uptime_millis: %s exec_start_elapsed_seconds: %s
02-26 00:38:00.930 26990 26990 D CompatibilityChangeReporter: Compat change id reported: 171979766; UID 99910027; state: ENABLED
02-26 00:38:01.041 26990 26990 W id.gms.unstabl: JIT profile information will not be recorded: profile file does not exist.
02-26 00:38:01.041 26990 26990 W id.gms.unstabl: JIT profile information will not be recorded: profile file does not exist.
02-26 00:38:01.114 26990 26990 V GraphicsEnvironment: ANGLE Developer option for 'com.google.android.gms' set to: 'default'
02-26 00:38:01.114 26990 26990 V GraphicsEnvironment: Neither updatable production driver nor prerelease driver is supported.
02-26 00:38:01.120 26990 26990 D NetworkSecurityConfig: Using Network Security Config from resource network_security_config debugBuild: false
02-26 00:38:01.122 26990 26990 D NetworkSecurityConfig: Using Network Security Config from resource network_security_config debugBuild: false
02-26 00:38:01.421 26990 26990 W ProviderHelper: Unknown dynamite feature providerinstaller.dynamite
02-26 00:38:01.423 26990 26990 I DynamiteModule: Considering local module com.google.android.gms.providerinstaller.dynamite:1 and remote module com.google.android.gms.providerinstaller.dynamite:0
02-26 00:38:01.423 26990 26990 I DynamiteModule: Selected local version of com.google.android.gms.providerinstaller.dynamite
02-26 00:38:01.441 26990 26990 V NativeCrypto: Registering com/google/android/gms/org/conscrypt/NativeCrypto's 334 native methods...
02-26 00:38:01.496 26990 26990 I ProviderInstaller: Installed default security provider GmsCore_OpenSSL
02-26 00:38:01.517 26990 27020 I Watchcat: Started
02-26 00:38:01.526 26990 27020 I GMS_MM_Logger: (REDACTED) Start time: %s
02-26 00:38:01.528 26990 27020 I GMS_MM_Logger: Started.
02-26 00:38:01.545 26990 26990 D BoundBrokerSvc: onBind: Intent { act=com.google.android.gms.droidguard.DroidGuardFastRefreshGmsTaskBoundService.ACTION_TASK_READY dat=chimera-action: cmp=com.google.android.gms/.chimera.UnstableInternalBoundBrokerService }
02-26 00:38:01.545 26990 26990 D BoundBrokerSvc: Loading bound service for intent: Intent { act=com.google.android.gms.droidguard.DroidGuardFastRefreshGmsTaskBoundService.ACTION_TASK_READY dat=chimera-action: cmp=com.google.android.gms/.chimera.UnstableInternalBoundBrokerService }
02-26 00:38:01.857  3530 26921 I NetworkScheduler.Stats: (REDACTED) Task %s/%s started execution. cause:%s exec_start_elapsed_seconds: %s
02-26 00:38:01.875  3530 26368 I NetworkScheduler.Stats: (REDACTED) Task %s/%s started execution. cause:%s exec_start_elapsed_seconds: %s
02-26 00:38:01.884  3530 26921 I NetworkScheduler.Stats: (REDACTED) Task %s/%s finished executing. cause:%s result: %s elapsed_millis: %s uptime_millis: %s exec_start_elapsed_seconds: %s
02-26 00:38:01.961 26990 27026 W TracingHelper: No RequestContext found in the trace or trace not available. [CONTEXT service_id=259 ratelimit_count=1410065408 ]
02-26 00:38:02.028 26990 27026 I DynamiteModule: Considering local module com.google.android.gms.cronet_dynamite:0 and remote module com.google.android.gms.cronet_dynamite:4311
02-26 00:38:02.028 26990 27026 I DynamiteModule: Selected remote version of com.google.android.gms.cronet_dynamite, version >= 4311
02-26 00:38:02.030 26990 27026 W System  : ClassLoader referenced unknown path: 
02-26 00:38:02.190 26990 27026 I cn_CronetLibraryLoader: Cronet version: 145.0.7582.0, arch: aarch64
02-26 00:38:02.912  3530 26921 I NetworkScheduler.Stats: (REDACTED) Task %s/%s started execution. cause:%s exec_start_elapsed_seconds: %s
02-26 00:38:02.923  3530 26368 I NetworkScheduler.Stats: (REDACTED) Task %s/%s finished executing. cause:%s result: %s elapsed_millis: %s uptime_millis: %s exec_start_elapsed_seconds: %s
02-26 00:38:03.085 26990 27028 D CompatibilityChangeReporter: Compat change id reported: 160794467; UID 99910027; state: ENABLED
02-26 00:38:03.300 26060 26218 W DGW     : W[operator():215] StreamGroupRetriableNetworkLayer[rpsignaling] unable to connect after 5 seconds
02-26 00:38:03.512 26060 26228 I DGW     : I[notifyStreamGroupError:1789] StreamGroupTransport[rpsignaling] notify StreamGroup error: StreamGroupNetworkRequest request cancelled: max retries reached; last err (TransientError domain: MNSHTTPClient code: 3 detail: Host session was closed, num pending transactions: 1)
02-26 00:38:03.514 26060 26228 W DGW     : W[setEnabled:198] StreamGroupPinger[rpsignaling]: setEnabled: 0
02-26 00:38:03.941  3530 26368 I NetworkScheduler.Stats: (REDACTED) Task %s/%s started execution. cause:%s exec_start_elapsed_seconds: %s
02-26 00:38:03.949  3530 26921 I NetworkScheduler.Stats: (REDACTED) Task %s/%s finished executing. cause:%s result: %s elapsed_millis: %s uptime_millis: %s exec_start_elapsed_seconds: %s
02-26 00:38:04.327 26990 27026 W libc    : Access denied finding property "persist.adb.tls_server.enable"
02-26 00:38:04.324 26990 26990 W lowpool[2]: type=1400 audit(0.0:7960): avc: denied { read } for name="u:object_r:system_adbd_prop:s0" dev="tmpfs" ino=11479 scontext=u:r:gmscore_app:s0:c743,c771 tcontext=u:object_r:system_adbd_prop:s0 tclass=file permissive=0
02-26 00:38:04.329 26990 27026 W libc    : Access denied finding property "service.adb.tls.port"
02-26 00:38:04.328 26990 26990 W lowpool[2]: type=1400 audit(0.0:7961): avc: denied { read } for name="u:object_r:adbd_prop:s0" dev="tmpfs" ino=11286 scontext=u:r:gmscore_app:s0:c743,c771 tcontext=u:object_r:adbd_prop:s0 tclass=file permissive=0
02-26 00:38:04.410 26990 27026 D hw-ProcessState: Binder ioctl to enable oneway spam detection failed: Invalid argument
02-26 00:38:04.473 26990 27026 I GED     : ged_boost_gpu_freq, level 100, eOrigin 2, final_idx 24, oppidx_max 24, oppidx_min 0
02-26 00:38:04.478 26990 27026 I GED     : ged_boost_gpu_freq, level 100, eOrigin 2, final_idx 24, oppidx_max 24, oppidx_min 0
02-26 00:38:04.818 26990 27026 D Linux   : [Posix_connect Debug]Process com.google.android.gms.unstable :7810 
02-26 00:38:04.826 26990 27026 D Linux   : [Posix_connect Debug]Process com.google.android.gms.unstable :6790 
02-26 00:38:04.834 26990 27026 D Linux   : [Posix_connect Debug]Process com.google.android.gms.unstable :6791 
02-26 00:38:05.000  3530 26921 I NetworkScheduler.Stats: (REDACTED) Task %s/%s started execution. cause:%s exec_start_elapsed_seconds: %s
02-26 00:38:05.112  3530 26368 I NetworkScheduler.Stats: (REDACTED) Task %s/%s finished executing. cause:%s result: %s elapsed_millis: %s uptime_millis: %s exec_start_elapsed_seconds: %s
02-26 00:38:05.168 26990 26990 W lowpool[2]: type=1400 audit(0.0:7962): avc: denied { search } for name="bin" dev="dm-2" ino=83 scontext=u:r:gmscore_app:s0:c743,c771 tcontext=u:object_r:atcid_vendor_exec:s0 tclass=dir permissive=0
02-26 00:38:06.014  3530 26368 I NetworkScheduler.Stats: (REDACTED) Task %s/%s started execution. cause:%s exec_start_elapsed_seconds: %s
02-26 00:38:06.047  3530 26921 I NetworkScheduler.Stats: (REDACTED) Task %s/%s finished executing. cause:%s result: %s elapsed_millis: %s uptime_millis: %s exec_start_elapsed_seconds: %s
02-26 00:38:06.129  3530  3530 D BoundBrokerSvc: onBind: Intent { act=com.google.android.gms.scheduler.standalone.housekeeping.HousekeepingTrainTaskService.ACTION_TASK_READY dat=chimera-action: cmp=com.google.android.gms/.chimera.PersistentInternalBoundBrokerService }
02-26 00:38:06.129  3530  3530 D BoundBrokerSvc: Loading bound service for intent: Intent { act=com.google.android.gms.scheduler.standalone.housekeeping.HousekeepingTrainTaskService.ACTION_TASK_READY dat=chimera-action: cmp=com.google.android.gms/.chimera.PersistentInternalBoundBrokerService }
02-26 00:38:06.142  3530 26368 I NetworkScheduler.Stats: (REDACTED) Task %s/%s started execution. cause:%s exec_start_elapsed_seconds: %s
02-26 00:38:06.273  3530 26368 I NetworkScheduler.Stats: (REDACTED) Task %s/%s started execution. cause:%s exec_start_elapsed_seconds: %s
02-26 00:38:06.968 26990 26997 I id.gms.unstabl: Method exceeds compiler instruction limit: 34452 in grhr bexb.b(android.content.Context)
02-26 00:38:07.026  3530 26368 I NetworkScheduler.Stats: (REDACTED) Task %s/%s finished executing. cause:%s result: %s elapsed_millis: %s uptime_millis: %s exec_start_elapsed_seconds: %s
02-26 00:38:07.068 26990 27008 I fyzq    : (REDACTED) Shared storage file not found for %s
02-26 00:38:08.055  3530 26368 I NetworkScheduler.Stats: (REDACTED) Task %s/%s started execution. cause:%s exec_start_elapsed_seconds: %s
02-26 00:38:08.064  3530 26368 I NetworkScheduler.Stats: (REDACTED) Task %s/%s finished executing. cause:%s result: %s elapsed_millis: %s uptime_millis: %s exec_start_elapsed_seconds: %s
02-26 00:38:08.088 26990 26990 D BoundBrokerSvc: onUnbind: Intent { act=com.google.android.gms.droidguard.DroidGuardFastRefreshGmsTaskBoundService.ACTION_TASK_READY dat=chimera-action: cmp=com.google.android.gms/.chimera.UnstableInternalBoundBrokerService }
02-26 00:38:08.090  3530 26368 I NetworkScheduler.Stats: (REDACTED) Task %s/%s started execution. cause:%s exec_start_elapsed_seconds: %s
02-26 00:38:08.100  3530 26368 I NetworkScheduler.Stats: (REDACTED) Task %s/%s started execution. cause:%s exec_start_elapsed_seconds: %s
02-26 00:38:08.525 26060 26218 W DGW     : W[operator():215] StreamGroupRetriableNetworkLayer[rpsignaling] unable to connect after 5 seconds
02-26 00:38:08.736 26060 26228 I DGW     : I[notifyStreamGroupError:1789] StreamGroupTransport[rpsignaling] notify StreamGroup error: StreamGroupNetworkRequest request cancelled: max retries reached; last err (TransientError domain: MNSHTTPClient code: 3 detail: Host session was closed, num pending transactions: 1)
02-26 00:38:08.740 26060 26228 W DGW     : W[setEnabled:198] StreamGroupPinger[rpsignaling]: setEnabled: 0
02-26 00:38:09.119  3530 27095 I NetworkScheduler.Stats: (REDACTED) Task %s/%s finished executing. cause:%s result: %s elapsed_millis: %s uptime_millis: %s exec_start_elapsed_seconds: %s
02-26 00:38:09.139  3530 27095 I NetworkScheduler.Stats: (REDACTED) Task %s/%s started execution. cause:%s exec_start_elapsed_seconds: %s
02-26 00:38:09.142  3530 27095 I NetworkScheduler.Stats: (REDACTED) Task %s/%s finished executing. cause:%s result: %s elapsed_millis: %s uptime_millis: %s exec_start_elapsed_seconds: %s
02-26 00:38:09.228  3530 27095 I NetworkScheduler.Stats: (REDACTED) Task %s/%s started execution. cause:%s exec_start_elapsed_seconds: %s
02-26 00:38:10.141  3530 27095 I NetworkScheduler.Stats: (REDACTED) HousekeepingTask %s/%s finished executing. cause:%s result: %s elapsed_millis: %s uptime_millis: %s exec_start_elapsed_seconds: %s
02-26 00:38:10.163  3530 27095 I NetworkScheduler.Stats: (REDACTED) Task %s/%s started execution. cause:%s exec_start_elapsed_seconds: %s
02-26 00:38:10.260  3530 26368 I NetworkScheduler.Stats: (REDACTED) Task %s/%s started execution. cause:%s exec_start_elapsed_seconds: %s
02-26 00:38:10.282  3530 27105 I ConsentLogging: [LoggingStore] No events available for subdirectory
02-26 00:38:10.282  3530 27105 I ConsentLogging: [LogsUploader] No persisted metrics found.
02-26 00:38:10.292  3530 27105 I ConsentLogging: [LoggingStore] No events available for subdirectory
02-26 00:38:10.292  3530 27105 I ConsentLogging: [LogsUploader] No persisted metrics found.
02-26 00:38:10.632  3530 26368 I AlarmManager: setExactAndAllowWhileIdle [name: GCM_HB_ALARM type: 2 triggerAtMillis: 2343684]
02-26 00:38:10.665  3530 27105 I AlarmManager: setExactAndAllowWhileIdle [name: FcmRetry type: 2 triggerAtMillis: 723714]
02-26 00:38:10.908  3530 11863 V NativeCrypto: Read error: ssl=0xb400007287693898: I/O error during system call, Connection reset by peer
02-26 00:38:10.914  3530 27106 V NativeCrypto: SSL shutdown failed: ssl=0xb400007287693898: I/O error during system call, Broken pipe
02-26 00:38:10.915  3530 27106 W WakeLock: GCM_HB_ALARM release without a matched acquire! [CONTEXT service_id=259 ]
02-26 00:38:10.915  3530 27106 W WakeLock: GCM_HB_ALARM counter does not exist
02-26 00:38:11.110  3530 11358 I NetworkManagementSocketTagger: tagSocketFd(-1, 1031, -1) failed with errno-9
02-26 00:38:11.121  3530 11358 D Linux   : [Posix_connect Debug]Process com.google.android.gms.persistent :5228 
