--------- beginning of main
05-15 22:04:13.104 D/BoundBrokerSvc(22116): onUnbind: Intent { act=com.google.android.gms.libs.gmscorelogger.service.START dat=chimera-action: cmp=com.google.android.gms/.chimera.PersistentDirectBootAwareApiService }
05-15 22:04:41.810 I/WM-RemoteWorkerService(21594): Binding to RemoteWorkerService
05-15 22:04:41.821 D/WM-ListenableWorkerImpl(21594): Executing work request (a1c20525-73ed-4d7c-9959-720159756bfe, com.google.apps.tiktok.contrib.work.TikTokListenableWorker)
05-15 22:04:41.941 I/bzzu    (21594): (REDACTED) #sharesheet enabled: %s #sharesheet with image type enabled: %s
05-15 22:04:41.942 I/bzzx    (21594): (REDACTED) AvailabilityUtils.updateAvailability() component:%s enabled:%s
05-15 22:04:41.944 I/bzzx    (21594): (REDACTED) Update complete. %s enabled: %s
05-15 22:04:41.944 I/bzzx    (21594): (REDACTED) AvailabilityUtils.updateAvailability() component:%s enabled:%s
05-15 22:04:41.946 I/bzzx    (21594): (REDACTED) Update complete. %s enabled: %s
05-15 22:04:41.948 I/bzzu    (21594): #synclet interval set for every : 12 hours
05-15 22:04:41.951 I/evgv    (21594): #sync(). Running Synclets and scheduling next sync.
05-15 22:04:41.985 I/bwpw    (21594): (REDACTED) #provideSyncletBinding isEmberNativeEnabled:%s enableAutofetch:%s
05-15 22:04:42.048 I/bwpw    (21594): (REDACTED) #provideSyncletBinding isEmberNativeEnabled:%s enableAutofetch:%s
05-15 22:04:42.067 I/bwpw    (21594): (REDACTED) #provideSyncletBinding isEmberNativeEnabled:%s enableAutofetch:%s
05-15 22:04:42.099 I/bwpw    (21594): (REDACTED) #provideSyncletBinding isEmberNativeEnabled:%s enableAutofetch:%s
05-15 22:04:42.144 I/evgv    (21594): (REDACTED) Running synclets: %s
05-15 22:04:42.165 I/evgv    (21594): (REDACTED) Starting synclet: %s
05-15 22:04:42.219 I/edyb    (21594): (REDACTED) deleted %d events
05-15 22:04:42.221 I/edyb    (21594): (REDACTED) deleted %d events
05-15 22:04:42.246 I/evgv    (21594): Scheduling next wakeup
05-15 22:04:42.248 I/evhv    (21594): Scheduling next periodic WorkManager workers
05-15 22:04:42.265 I/WM-GreedyScheduler(21594): Ignoring schedule request in non-main process
05-15 22:04:42.290 D/WM-SystemJobScheduler(21594): Scheduling work ID 6e0e695b-cc08-44f1-8e7b-3082b968d66eJob ID 200572
05-15 22:04:42.293 I/WM-GreedyScheduler(21594): Ignoring schedule request in a secondary process
05-15 22:04:42.302 I/WM-GreedyScheduler(21594): Ignoring schedule request in non-main process
05-15 22:04:42.334 D/WM-SystemJobScheduler(21594): Scheduling work ID 9231a637-bff4-4f8f-bb4d-aca73f4cf56bJob ID 200573
05-15 22:04:42.338 I/WM-GreedyScheduler(21594): Ignoring schedule request in a secondary process
05-15 22:04:42.346 I/WM-GreedyScheduler(21594): Ignoring schedule request in non-main process
05-15 22:04:42.360 D/WM-SystemJobScheduler(21594): Scheduling work ID 9231a637-bff4-4f8f-bb4d-aca73f4cf56bJob ID 200574
05-15 22:04:42.364 I/WM-GreedyScheduler(21594): Ignoring schedule request in a secondary process
05-15 22:04:42.372 I/WM-GreedyScheduler(21594): Ignoring schedule request in non-main process
05-15 22:04:42.389 D/WM-SystemJobScheduler(21594): Scheduling work ID 10a30a4c-8f0c-4dff-a975-8e7bf7066fe7Job ID 200575
05-15 22:04:42.392 I/WM-GreedyScheduler(21594): Ignoring schedule request in a secondary process
05-15 22:04:42.399 I/WM-GreedyScheduler(21594): Ignoring schedule request in non-main process
05-15 22:04:42.409 D/WM-SystemJobScheduler(21594): Scheduling work ID ef47eb2b-0bfc-4bcc-b31e-63fd381128d2Job ID 200576
05-15 22:04:42.412 I/WM-GreedyScheduler(21594): Ignoring schedule request in a secondary process
05-15 22:04:42.418 I/WM-GreedyScheduler(21594): Ignoring schedule request in non-main process
05-15 22:04:42.426 D/WM-SystemJobScheduler(21594): Scheduling work ID ec6fc8b9-a97f-4f79-ad18-f4cbde5523f1Job ID 200577
05-15 22:04:42.428 I/WM-GreedyScheduler(21594): Ignoring schedule request in a secondary process
05-15 22:04:42.434 I/WM-GreedyScheduler(21594): Ignoring schedule request in non-main process
05-15 22:04:42.436 D/WM-ListenableWorkerImpl(21594): Interrupting work with id (a1c20525-73ed-4d7c-9959-720159756bfe)
05-15 22:04:42.441 I/WM-GreedyScheduler(21594): Ignoring schedule request in a secondary process
05-15 22:04:42.449 I/evhv    (21594): Successfully scheduled next periodic workers
05-15 22:04:42.452 I/evgv    (21594): #sync() complete
05-15 22:05:00.410 D/BoundBrokerSvc(22116): onRebind: Intent { act=com.google.android.gms.libs.gmscorelogger.service.START dat=chimera-action: cmp=com.google.android.gms/.chimera.PersistentDirectBootAwareApiService }
05-15 22:05:11.596 I/FusedLocation(22116): (REDACTED) location delivery to %s blocked - too close
05-15 22:05:11.605 I/FusedLocation(22116): (REDACTED) location delivery to %s blocked - too close
05-15 22:05:11.607 I/FusedLocation(22116): (REDACTED) location delivery to %s blocked - too close
05-15 22:05:11.608 I/FusedLocation(22116): (REDACTED) location delivery to %s blocked - too close
05-15 22:05:15.483 D/BoundBrokerSvc(22116): onUnbind: Intent { act=com.google.android.gms.libs.gmscorelogger.service.START dat=chimera-action: cmp=com.google.android.gms/.chimera.PersistentDirectBootAwareApiService }
05-15 22:05:32.570 E/chromium(16975): [ERROR:net/socket/ssl_client_socket_impl.cc:924] handshake failed; returned -1, SSL error code 1, net_error -101
05-15 22:05:32.687 E/chromium(16975): [ERROR:net/socket/ssl_client_socket_impl.cc:924] handshake failed; returned -1, SSL error code 1, net_error -101
05-15 22:05:32.748 E/chromium(16975): [ERROR:net/socket/ssl_client_socket_impl.cc:924] handshake failed; returned -1, SSL error code 1, net_error -101
05-15 22:05:32.862 E/chromium(16975): [ERROR:net/socket/ssl_client_socket_impl.cc:924] handshake failed; returned -1, SSL error code 1, net_error -101
05-15 22:05:39.255 E/chromium(16975): [ERROR:net/socket/ssl_client_socket_impl.cc:924] handshake failed; returned -1, SSL error code 1, net_error -101
05-15 22:05:39.375 E/chromium(16975): [ERROR:net/socket/ssl_client_socket_impl.cc:924] handshake failed; returned -1, SSL error code 1, net_error -101
05-15 22:05:53.014 D/ProcessState(23249): Binder ioctl to enable oneway spam detection failed: Invalid argument
05-15 22:05:53.022 E/Parcel  (23249): Reading a NULL string not supported here.
05-15 22:05:53.031 W/service (23249): type=1400 audit(0.0:33398): avc: denied { call } for scontext=u:r:shell:s0 tcontext=u:r:mtk_hal_gnss:s0 tclass=binder permissive=0
05-15 22:05:53.031 W/service (23249): type=1400 audit(0.0:33399): avc: denied { call } for scontext=u:r:shell:s0 tcontext=u:r:mtk_hal_light:s0 tclass=binder permissive=0
05-15 22:05:53.031 W/service (23249): type=1400 audit(0.0:33400): avc: denied { call } for scontext=u:r:shell:s0 tcontext=u:r:hal_vibrator_default:s0 tclass=binder permissive=0
05-15 22:05:53.035 W/service (23249): type=1400 audit(0.0:33401): avc: denied { call } for scontext=u:r:shell:s0 tcontext=u:r:hal_vibrator_default:s0 tclass=binder permissive=0
05-15 22:05:53.059 E/Parcel  (23249): Reading a NULL string not supported here.
05-15 22:05:53.070 E/Parcel  (23249): Reading a NULL string not supported here.
05-15 22:05:53.075 E/Parcel  (23249): Reading a NULL string not supported here.
05-15 22:05:53.081 E/Parcel  (23249): Reading a NULL string not supported here.
05-15 22:05:53.102 E/Parcel  (23249): Reading a NULL string not supported here.
05-15 22:05:53.112 E/Parcel  (23249): Reading a NULL string not supported here.
05-15 22:05:53.114 E/Parcel  (23249): Reading a NULL string not supported here.
05-15 22:05:53.120 E/Parcel  (23249): Reading a NULL string not supported here.
05-15 22:05:53.121 E/Parcel  (23249): Reading a NULL string not supported here.
05-15 22:05:53.139 E/Parcel  (23249): Reading a NULL string not supported here.
05-15 22:05:53.153 E/Parcel  (23249): Reading a NULL string not supported here.
05-15 22:05:53.207 E/Parcel  (23249): Reading a NULL string not supported here.
05-15 22:05:53.209 E/Parcel  (23249): Reading a NULL string not supported here.
05-15 22:05:53.313 E/Parcel  (23249): Reading a NULL string not supported here.
05-15 22:05:53.354 E/Parcel  (23249): Reading a NULL string not supported here.
05-15 22:05:53.378 E/Parcel  (23249): Reading a NULL string not supported here.
05-15 22:05:53.389 E/Parcel  (23249): Reading a NULL string not supported here.
05-15 22:05:53.402 E/Parcel  (23249): Reading a NULL string not supported here.
05-15 22:05:53.414 E/Parcel  (23249): Reading a NULL string not supported here.
05-15 22:05:53.442 E/Parcel  (23249): Reading a NULL string not supported here.
05-15 22:05:53.448 E/Parcel  (23249): Reading a NULL string not supported here.
05-15 22:05:53.483 W/service (23249): type=1400 audit(0.0:33402): avc: denied { call } for scontext=u:r:shell:s0 tcontext=u:r:wificond:s0 tclass=binder permissive=0
05-15 22:05:53.604 D/ProcessState(23253): Binder ioctl to enable oneway spam detection failed: Invalid argument
05-15 22:05:53.691 D/ProcessState(23256): Binder ioctl to enable oneway spam detection failed: Invalid argument
05-15 22:05:53.694 E/Parcel  (23256): Reading a NULL string not supported here.
05-15 22:05:53.699 W/service (23256): type=1400 audit(0.0:33403): avc: denied { call } for scontext=u:r:shell:s0 tcontext=u:r:mtk_hal_gnss:s0 tclass=binder permissive=0
05-15 22:05:53.699 W/service (23256): type=1400 audit(0.0:33404): avc: denied { call } for scontext=u:r:shell:s0 tcontext=u:r:mtk_hal_light:s0 tclass=binder permissive=0
05-15 22:05:53.703 W/service (23256): type=1400 audit(0.0:33405): avc: denied { call } for scontext=u:r:shell:s0 tcontext=u:r:hal_vibrator_default:s0 tclass=binder permissive=0
05-15 22:05:53.713 E/Parcel  (23256): Reading a NULL string not supported here.
05-15 22:05:53.721 E/Parcel  (23256): Reading a NULL string not supported here.
05-15 22:05:53.724 E/Parcel  (23256): Reading a NULL string not supported here.
05-15 22:05:53.728 E/Parcel  (23256): Reading a NULL string not supported here.
05-15 22:05:53.739 E/Parcel  (23256): Reading a NULL string not supported here.
05-15 22:05:53.743 E/Parcel  (23256): Reading a NULL string not supported here.
05-15 22:05:53.744 E/Parcel  (23256): Reading a NULL string not supported here.
05-15 22:05:53.748 E/Parcel  (23256): Reading a NULL string not supported here.
05-15 22:05:53.749 E/Parcel  (23256): Reading a NULL string not supported here.
05-15 22:05:53.755 E/Parcel  (23256): Reading a NULL string not supported here.
05-15 22:05:53.764 E/Parcel  (23256): Reading a NULL string not supported here.
05-15 22:05:53.782 E/Parcel  (23256): Reading a NULL string not supported here.
05-15 22:05:53.784 E/Parcel  (23256): Reading a NULL string not supported here.
05-15 22:05:53.798 E/Parcel  (23256): Reading a NULL string not supported here.
05-15 22:05:53.808 E/Parcel  (23256): Reading a NULL string not supported here.
05-15 22:05:53.824 E/Parcel  (23256): Reading a NULL string not supported here.
05-15 22:05:53.828 E/Parcel  (23256): Reading a NULL string not supported here.
05-15 22:05:53.836 E/Parcel  (23256): Reading a NULL string not supported here.
05-15 22:05:53.842 E/Parcel  (23256): Reading a NULL string not supported here.
05-15 22:05:53.855 E/Parcel  (23256): Reading a NULL string not supported here.
05-15 22:05:53.859 E/Parcel  (23256): Reading a NULL string not supported here.
05-15 22:05:56.435 W/cr_BkgrdTaskJS(16975): Starting background task (jobId=116)
05-15 22:06:21.148 D/CompatibilityChangeReporter(23269): Compat change id reported: 171979766; UID 99910027; state: ENABLED
05-15 22:06:21.213 V/GraphicsEnvironment(23269): ANGLE Developer option for 'com.google.android.gsf' set to: 'default'
05-15 22:06:21.213 V/GraphicsEnvironment(23269): Neither updatable production driver nor prerelease driver is supported.
05-15 22:06:21.218 D/NetworkSecurityConfig(23269): No Network Security Config specified, using platform default
05-15 22:06:21.218 D/NetworkSecurityConfig(23269): No Network Security Config specified, using platform default
05-15 22:06:21.502 I/GoogleHttpClient(23269): GMS http client unavailable, use old client
05-15 22:06:21.517 I/CarUiInstaller(23269): CarUiInstaller started for com.google.android.gsf
05-15 22:06:21.889 D/BoundBrokerSvc(22773): onRebind: Intent { act=com.google.android.gms.libs.gmscorelogger.service.START dat=chimera-action: cmp=com.google.android.gms/.chimera.PersistentDirectBootAwareApiService }
05-15 22:06:31.299 I/LocationSettings(22773): (REDACTED) Read NLP consent from settings: %b
05-15 22:06:37.000 D/BoundBrokerSvc(22773): onUnbind: Intent { act=com.google.android.gms.libs.gmscorelogger.service.START dat=chimera-action: cmp=com.google.android.gms/.chimera.PersistentDirectBootAwareApiService }
05-15 22:06:37.970 D/BoundBrokerSvc(22116): onRebind: Intent { act=com.google.android.gms.libs.gmscorelogger.service.START dat=chimera-action: cmp=com.google.android.gms/.chimera.PersistentDirectBootAwareApiService }
05-15 22:06:53.045 D/BoundBrokerSvc(22116): onUnbind: Intent { act=com.google.android.gms.libs.gmscorelogger.service.START dat=chimera-action: cmp=com.google.android.gms/.chimera.PersistentDirectBootAwareApiService }
05-15 22:06:58.487 I/AlarmManager(22116): setExactAndAllowWhileIdle [name: GCM_HB_ALARM type: 2 triggerAtMillis: 107176380]
05-15 22:06:58.508 W/ChimeraUtils(22116): Module com.google.android.gms.gcm missing resource null(0)
05-15 22:06:58.522 I/AlarmManager(22116): setExactAndAllowWhileIdle [name: FcmRetry type: 2 triggerAtMillis: 106036412]
05-15 22:06:58.529 I/AlarmManager(22116): setExactAndAllowWhileIdle [name: GCM_HB_ALARM type: 2 triggerAtMillis: 107176422]
05-15 22:06:58.546 E/FirebaseMessaging(21594): Default FirebaseApp has not been initialized. Skip logging event to GA.
05-15 22:06:58.546 I/FirebaseMessaging(21594): FirebaseApp has not being initialized. Device might be in direct boot mode. Skip exporting delivery metrics to Big Query
05-15 22:06:58.567 I/ecfd    (21594): Received an intent for GNP, won't process
05-15 22:06:58.586 I/bxps    (21594): (REDACTED) Count changed: counts=%s, shown=%s
05-15 22:06:58.593 D/WM-SystemJobScheduler(21594): Scheduling work ID cbd36272-611d-4d7b-ae9d-0902aeae36d5Job ID 200579
05-15 22:06:58.597 I/WM-GreedyScheduler(21594): Ignoring schedule request in a secondary process
05-15 22:06:58.605 I/bylj    (21594): Chime Filter is invoked.
05-15 22:06:58.630 I/bylj    (21594): Notification was not filtered.
05-15 22:06:58.647 I/GnpSdk  (21594): (REDACTED) Setting channel Id: '%s'
05-15 22:06:58.723 I/GnpSdk  (21594): (REDACTED) Setting channel Id: '%s'
05-15 22:06:58.776 D/WM-Processor(21594): Processor cancelling cbd36272-611d-4d7b-ae9d-0902aeae36d5
05-15 22:06:58.776 D/WM-Processor(21594): WorkerWrapper could not be found for cbd36272-611d-4d7b-ae9d-0902aeae36d5
05-15 22:06:58.783 I/WM-GreedyScheduler(21594): Ignoring schedule request in non-main process
05-15 22:06:58.789 I/WM-GreedyScheduler(21594): Ignoring schedule request in a secondary process
05-15 22:06:58.791 I/GnpSdk  (21594): Message handled by GNP Firebase handler.
05-15 22:06:59.118 I/hbox:interacto(15209): Background young concurrent copying GC freed 141615(5472KB) AllocSpace objects, 0(0B) LOS objects, 47% free, 6114KB/11MB, paused 262us,95us total 153.930ms
05-15 22:06:59.118 W/hbox:interacto(15209): Reducing the number of considered missed Gc histogram windows from 281 to 100
05-15 22:07:05.181 D/CompatibilityChangeReporter(23435): Compat change id reported: 171979766; UID 10023; state: ENABLED
05-15 22:07:05.239 V/GraphicsEnvironment(23435): ANGLE Developer option for 'com.facebook.services' set to: 'default'
05-15 22:07:05.239 V/GraphicsEnvironment(23435): Neither updatable production driver nor prerelease driver is supported.
05-15 22:07:05.242 D/NetworkSecurityConfig(23435): Using Network Security Config from resource fb_network_security_config debugBuild: false
05-15 22:07:05.245 D/NetworkSecurityConfig(23435): Using Network Security Config from resource fb_network_security_config debugBuild: false
05-15 22:07:05.319 D/d       (23435): ExceptionHandlerManager not explicitly initialized, using default mode
05-15 22:07:05.319 D/d       (23435): initializing exception handler manager, prioritized=true
05-15 22:07:05.328 W/SoLoader(23435): Initializing SoLoader: 0
05-15 22:07:05.330 W/SoLoader(23435): context.getApplicationContext returned null, holding reference to original context.ApplicationSoSource fallbacks to: /data/app/~~ca0EqoWLGNrKKYD0iZPTaQ==/com.facebook.services-jg_IY6Kw7WqepOk2rtDG6Q==/lib/arm64
05-15 22:07:05.331 I/SoLoader(23435): Recording new base apk path: /data/app/~~ca0EqoWLGNrKKYD0iZPTaQ==/com.facebook.services-jg_IY6Kw7WqepOk2rtDG6Q==/base.apk
05-15 22:07:05.331 I/SoLoader(23435): Previously recorded 0 base apk paths.
05-15 22:07:05.335 I/SoLoader(23435): Preparing SO source: DirectorySoSource[root = /vendor/lib64 flags = 2]
05-15 22:07:05.335 I/SoLoader(23435): Preparing SO source: DirectorySoSource[root = /system/system_ext/lib64 flags = 2]
05-15 22:07:05.335 I/SoLoader(23435): Preparing SO source: DirectorySoSource[root = /system/lib64 flags = 2]
05-15 22:07:05.336 I/SoLoader(23435): Preparing SO source: ApplicationSoSource[DirectorySoSource[root = /data/app/~~ca0EqoWLGNrKKYD0iZPTaQ==/com.facebook.services-jg_IY6Kw7WqepOk2rtDG6Q==/lib/arm64 flags = 1]]
05-15 22:07:05.339 I/SoLoader(23435): Preparing SO source: BackupSoSource[root = /data/data/com.facebook.services/lib-main flags = 1 apks = [ExtractFromZipSoSource[/data/app/~~ca0EqoWLGNrKKYD0iZPTaQ==/com.facebook.services-jg_IY6Kw7WqepOk2rtDG6Q==/base.apk]]]
05-15 22:07:05.340 W/SoLoader(23435): SoLoader initialized: 0
05-15 22:07:05.352 W/PreloadsBreakpadWrapper(23435): Starting breakpad manager
05-15 22:07:05.353 W/SoLoader(23435): Loading breakpad on the main thread
05-15 22:07:05.356 W/SoLoader[NativeDeps](23435): Falling back to custom ELF parsing when loading libbreakpad.so, this can be slow
05-15 22:07:05.361 W/SoLoader[NativeDeps](23435): Falling back to custom ELF parsing when loading libc++_shared.so, this can be slow
05-15 22:07:05.369 W/SoLoader[NativeDeps](23435): Falling back to custom ELF parsing when loading libandroid_aware_dlopen.so, this can be slow
05-15 22:07:05.372 W/SoLoader[NativeDeps](23435): Falling back to custom ELF parsing when loading libforce_dlopen.so, this can be slow
05-15 22:07:05.376 W/SoLoader[NativeDeps](23435): Falling back to custom ELF parsing when loading libsigmux.so, this can be slow
05-15 22:07:05.384 W/SoLoader(23435): Loading breakpad_cpp_helper on the main thread
05-15 22:07:05.384 W/SoLoader[NativeDeps](23435): Falling back to custom ELF parsing when loading libbreakpad_cpp_helper.so, this can be slow
05-15 22:07:05.397 W/PreloadsBreakpadWrapper(23435): Enabling java stream
05-15 22:07:05.409 W/SoLoader(23435): Running a recovery step for libacra.so due to com.facebook.soloader.SoLoaderDSONotFoundError: couldn't find DSO to load: libacra.so
05-15 22:07:05.409 W/SoLoader(23435): 	existing SO sources: 
05-15 22:07:05.409 W/SoLoader(23435): 		SoSource 0: BackupSoSource[root = /data/data/com.facebook.services/lib-main flags = 1 apks = [ExtractFromZipSoSource[/data/app/~~ca0EqoWLGNrKKYD0iZPTaQ==/com.facebook.services-jg_IY6Kw7WqepOk2rtDG6Q==/base.apk]]]
05-15 22:07:05.409 W/SoLoader(23435): 		SoSource 1: ApplicationSoSource[DirectorySoSource[root = /data/app/~~ca0EqoWLGNrKKYD0iZPTaQ==/com.facebook.services-jg_IY6Kw7WqepOk2rtDG6Q==/lib/arm64 flags = 1]]
05-15 22:07:05.409 W/SoLoader(23435): 		SoSource 2: DirectorySoSource[root = /system/lib64 flags = 2]
05-15 22:07:05.409 W/SoLoader(23435): 		SoSource 3: DirectorySoSource[root = /system/system_ext/lib64 flags = 2]
05-15 22:07:05.409 W/SoLoader(23435): 		SoSource 4: DirectorySoSource[root = /vendor/lib64 flags = 2]
05-15 22:07:05.409 W/SoLoader(23435): 	Native lib dir: /data/app/~~ca0EqoWLGNrKKYD0iZPTaQ==/com.facebook.services-jg_IY6Kw7WqepOk2rtDG6Q==/lib/arm64
05-15 22:07:05.410 W/soloader.recovery.CheckBaseApkExists(23435): Base apk exists: /data/app/~~ca0EqoWLGNrKKYD0iZPTaQ==/com.facebook.services-jg_IY6Kw7WqepOk2rtDG6Q==/base.apk
05-15 22:07:05.410 E/SoLoader(23435): Waiting on SoSource BackupSoSource
05-15 22:07:05.414 W/SoLoader(23435): Running a recovery step for libacra.so due to com.facebook.soloader.SoLoaderDSONotFoundError: couldn't find DSO to load: libacra.so
05-15 22:07:05.414 W/SoLoader(23435): 	existing SO sources: 
05-15 22:07:05.414 W/SoLoader(23435): 		SoSource 0: BackupSoSource[root = /data/data/com.facebook.services/lib-main flags = 1 apks = [ExtractFromZipSoSource[/data/app/~~ca0EqoWLGNrKKYD0iZPTaQ==/com.facebook.services-jg_IY6Kw7WqepOk2rtDG6Q==/base.apk]]]
05-15 22:07:05.414 W/SoLoader(23435): 		SoSource 1: ApplicationSoSource[DirectorySoSource[root = /data/app/~~ca0EqoWLGNrKKYD0iZPTaQ==/com.facebook.services-jg_IY6Kw7WqepOk2rtDG6Q==/lib/arm64 flags = 1]]
05-15 22:07:05.414 W/SoLoader(23435): 		SoSource 2: DirectorySoSource[root = /system/lib64 flags = 2]
05-15 22:07:05.414 W/SoLoader(23435): 		SoSource 3: DirectorySoSource[root = /system/system_ext/lib64 flags = 2]
05-15 22:07:05.414 W/SoLoader(23435): 		SoSource 4: DirectorySoSource[root = /vendor/lib64 flags = 2]
05-15 22:07:05.414 W/SoLoader(23435): 	Native lib dir: /data/app/~~ca0EqoWLGNrKKYD0iZPTaQ==/com.facebook.services-jg_IY6Kw7WqepOk2rtDG6Q==/lib/arm64
05-15 22:07:05.414 E/SoLoader(23435): Checking /data/app missing libraries.
05-15 22:07:05.422 E/SoLoader(23435): No libraries missing from /data/app/~~ca0EqoWLGNrKKYD0iZPTaQ==/com.facebook.services-jg_IY6Kw7WqepOk2rtDG6Q==/lib/arm64
05-15 22:07:05.422 E/SoLoader(23435): Checking /data/data missing libraries.
05-15 22:07:05.422 E/SoLoader(23435): No libraries missing from unpacking so paths while recovering /data/data failure
05-15 22:07:05.422 E/SoLoader(23435): Waiting on SoSource BackupSoSource
05-15 22:07:05.422 W/libc    (23435): Access denied finding property "ro.vendor.perf.scroll_opt.heavy_app"
05-15 22:07:05.424 W/SoLoader(23435): Running a recovery step for libacra.so due to com.facebook.soloader.SoLoaderDSONotFoundError: couldn't find DSO to load: libacra.so
05-15 22:07:05.424 W/SoLoader(23435): 	existing SO sources: 
05-15 22:07:05.424 W/SoLoader(23435): 		SoSource 0: BackupSoSource[root = /data/data/com.facebook.services/lib-main flags = 1 apks = [ExtractFromZipSoSource[/data/app/~~ca0EqoWLGNrKKYD0iZPTaQ==/com.facebook.services-jg_IY6Kw7WqepOk2rtDG6Q==/base.apk]]]
05-15 22:07:05.424 W/SoLoader(23435): 		SoSource 1: ApplicationSoSource[DirectorySoSource[root = /data/app/~~ca0EqoWLGNrKKYD0iZPTaQ==/com.facebook.services-jg_IY6Kw7WqepOk2rtDG6Q==/lib/arm64 flags = 1]]
05-15 22:07:05.424 W/SoLoader(23435): 		SoSource 2: DirectorySoSource[root = /system/lib64 flags = 2]
05-15 22:07:05.424 W/SoLoader(23435): 		SoSource 3: DirectorySoSource[root = /system/system_ext/lib64 flags = 2]
05-15 22:07:05.424 W/SoLoader(23435): 		SoSource 4: DirectorySoSource[root = /vendor/lib64 flags = 2]
05-15 22:07:05.424 W/SoLoader(23435): 	Native lib dir: /data/app/~~ca0EqoWLGNrKKYD0iZPTaQ==/com.facebook.services-jg_IY6Kw7WqepOk2rtDG6Q==/lib/arm64
05-15 22:07:05.424 W/SoLoader(23435): Failed to recover
05-15 22:07:05.560 E/book.appmanage(23476): Not starting debugger since process cannot load the jdwp agent.
05-15 22:07:05.563 D/ProcessState(23476): Binder ioctl to enable oneway spam detection failed: Invalid argument
05-15 22:07:05.587 D/CompatibilityChangeReporter(23476): Compat change id reported: 171979766; UID 10095; state: ENABLED
05-15 22:07:05.664 D/CompatibilityChangeReporter(23435): Compat change id reported: 160794467; UID 10023; state: ENABLED
05-15 22:07:05.699 W/SoLoader(23435): Loading notifgateway-jni on the main thread
05-15 22:07:05.700 W/SoLoader[NativeDeps](23435): Falling back to custom ELF parsing when loading libnotifgateway.so, this can be slow
05-15 22:07:05.712 W/SoLoader(23435): Loading simplejni on the main thread
05-15 22:07:05.713 W/SoLoader(23435): Loading simplejni on the main thread
05-15 22:07:05.719 V/GraphicsEnvironment(23476): ANGLE Developer option for 'com.facebook.appmanager' set to: 'default'
05-15 22:07:05.719 V/GraphicsEnvironment(23476): Neither updatable production driver nor prerelease driver is supported.
05-15 22:07:05.721 W/DGW     (23435): W[reportSoftError:36] pingInterval: value 43200000 outside valid range [5000, 600000]
05-15 22:07:05.721 W/DGW     (23435): W[reportSoftError:36] bgPingInterval: value 43200000ms outside valid range [5000ms, 600000ms]
05-15 22:07:05.721 W/DGW     (23435): W[reportSoftError:36] stopBgPingDelay: value 3155695200s outside valid range [0s, 600s]
05-15 22:07:05.722 D/NetworkSecurityConfig(23476): Using Network Security Config from resource fb_network_security_config debugBuild: false
05-15 22:07:05.723 I/DGW     (23435): I[startConnection:410] ConnectivityManager start connection.
05-15 22:07:05.726 I/DGW     (23435): I[sendRequest:85] StreamGroupConnectivityAwareNetworkLayer[notifgateway] buffering request with connection state: 0
05-15 22:07:05.728 D/NetworkSecurityConfig(23476): Using Network Security Config from resource fb_network_security_config debugBuild: false
05-15 22:07:05.761 D/d       (23476): ExceptionHandlerManager not explicitly initialized, using default mode
05-15 22:07:05.761 D/d       (23476): initializing exception handler manager, prioritized=true
05-15 22:07:05.774 W/SoLoader(23476): Initializing SoLoader: 0
05-15 22:07:05.775 W/SoLoader(23476): context.getApplicationContext returned null, holding reference to original context.ApplicationSoSource fallbacks to: /data/app/~~QuTWgKYRdaxxMYX035pSxg==/com.facebook.appmanager-NuXRzMUCI2_9SbqHF5-Z2g==/lib/arm64
05-15 22:07:05.775 I/SoLoader(23476): Recording new base apk path: /data/app/~~QuTWgKYRdaxxMYX035pSxg==/com.facebook.appmanager-NuXRzMUCI2_9SbqHF5-Z2g==/base.apk
05-15 22:07:05.775 I/SoLoader(23476): Previously recorded 0 base apk paths.
05-15 22:07:05.776 I/SoLoader(23476): Preparing SO source: DirectorySoSource[root = /vendor/lib64 flags = 2]
05-15 22:07:05.776 I/SoLoader(23476): Preparing SO source: DirectorySoSource[root = /system/lib64 flags = 2]
05-15 22:07:05.776 I/SoLoader(23476): Preparing SO source: DirectApkSoSource[root = [/data/app/~~QuTWgKYRdaxxMYX035pSxg==/com.facebook.appmanager-NuXRzMUCI2_9SbqHF5-Z2g==/base.apk!/lib/arm64-v8a]]
05-15 22:07:05.789 I/SoLoader(23476): Preparing SO source: ApplicationSoSource[DirectorySoSource[root = /data/app/~~QuTWgKYRdaxxMYX035pSxg==/com.facebook.appmanager-NuXRzMUCI2_9SbqHF5-Z2g==/lib/arm64 flags = 1]]
05-15 22:07:05.789 W/SoLoader(23476): SoLoader initialized: 8
05-15 22:07:05.805 E/agram.barcelon(23520): Not starting debugger since process cannot load the jdwp agent.
05-15 22:07:05.807 W/libc    (23476): Access denied finding property "ro.vendor.perf.scroll_opt.heavy_app"
05-15 22:07:05.808 D/ProcessState(23520): Binder ioctl to enable oneway spam detection failed: Invalid argument
05-15 22:07:05.834 D/CompatibilityChangeReporter(23520): Compat change id reported: 171979766; UID 10654; state: ENABLED
05-15 22:07:05.864 D/CompatibilityChangeReporter(23476): Compat change id reported: 160794467; UID 10095; state: ENABLED
05-15 22:07:05.890 D/CompatibilityChangeReporter(23435): Compat change id reported: 147600208; UID 10023; state: ENABLED
05-15 22:07:06.317 W/agram.barcelon(23520): Entry not found
05-15 22:07:06.321 W/agram.barcelon(23520): Entry not found
05-15 22:07:06.326 W/agram.barcelon(23520): JIT profile information will not be recorded: profile file does not exist.
05-15 22:07:06.326 W/agram.barcelon(23520): JIT profile information will not be recorded: profile file does not exist.
--------- beginning of system
05-15 22:07:06.334 E/ActivityThread(23476): Failed to find provider info for com.facebook.appmanager.nekodirect
05-15 22:07:06.369 V/GraphicsEnvironment(23520): ANGLE Developer option for 'com.instagram.barcelona' set to: 'default'
05-15 22:07:06.369 V/GraphicsEnvironment(23520): Neither updatable production driver nor prerelease driver is supported.
05-15 22:07:06.372 D/NetworkSecurityConfig(23520): Using Network Security Config from resource fb_network_security_config debugBuild: false
05-15 22:07:06.379 D/NetworkSecurityConfig(23520): Using Network Security Config from resource fb_network_security_config debugBuild: false
05-15 22:07:06.390 D/CompatibilityChangeReporter(23476): Compat change id reported: 147600208; UID 10095; state: ENABLED
05-15 22:07:06.410 W/SoLoader(23520): Initializing SoLoader: 1034
05-15 22:07:06.412 W/SoLoader(23520): context.getApplicationContext returned null, holding reference to original context.ApplicationSoSource fallbacks to: /data/app/~~r7uWiN4d8QuEUE5b4PZhVA==/com.instagram.barcelona-xCTfMn1aBVCNxSm-OIWk-A==/lib/arm64
05-15 22:07:06.420 W/SoLoader(23520): SoLoader initialized: 1034
05-15 22:07:06.421 W/FbSoLoader(23520): Setting up native deps, useAssetManager=true
05-15 22:07:06.422 W/FbSoLoader(23520): Failed to read native deps: native_deps.txt
05-15 22:07:06.422 W/FbSoLoader(23520): Failed to use precomputed native lib dependencies file
05-15 22:07:06.423 E/FbSoLoader(23520): FbSoLoader unable to determine primary compression type .spo
05-15 22:07:06.424 W/FbSoLoader(23520): Initialized FBSoLoader
05-15 22:07:06.442 W/CrashLoopRemedyLog(23520): unable to delete remedy log, instaCrash: false
05-15 22:07:06.443 W/CrashLoopRemedyLog(23520): unable to delete remedy log, instaCrash: true
05-15 22:07:06.458 W/lacrima (23520): LacrimaConfigBuilder.setUserIdActorId not called, using 0
05-15 22:07:06.458 W/lacrima (23520): LacrimaConfigBuilder.setUserIdActingAccountId not called, using 0
05-15 22:07:06.491 W/MemProcWatermarkReader(23520): [AI] Failed to open zoneinfo file
05-15 22:07:06.487 W/Thread-2(23520): type=1400 audit(0.0:33408): avc: denied { read } for name="zoneinfo" dev="proc" ino=4026531860 scontext=u:r:untrusted_app:s0:c142,c258,c512,c768 tcontext=u:object_r:proc_zoneinfo:s0 tclass=file permissive=0 app=com.instagram.barcelona
05-15 22:07:06.493 W/lacrima (23520): Start JavaAppDeathCrashDetector... X.0wj
05-15 22:07:06.495 W/Lacrima_single_(23520): type=1400 audit(0.0:33409): avc: denied { read } for name="sdcard" dev="tmpfs" ino=789 scontext=u:r:untrusted_app:s0:c142,c258,c512,c768 tcontext=u:object_r:mnt_sdcard_file:s0 tclass=lnk_file permissive=0 app=com.instagram.barcelona
05-15 22:07:06.495 W/Lacrima_single_(23520): type=1400 audit(0.0:33410): avc: denied { read } for name="sdcard" dev="tmpfs" ino=789 scontext=u:r:untrusted_app:s0:c142,c258,c512,c768 tcontext=u:object_r:mnt_sdcard_file:s0 tclass=lnk_file permissive=0 app=com.instagram.barcelona
05-15 22:07:06.506 W/lacrima (23520): Sending pending reports
05-15 22:07:06.513 W/SoLoader(23520): Loading verifier on the main thread
05-15 22:07:06.516 W/SoLoader[NativeDeps](23520): Falling back to custom ELF parsing when loading libearlystartup.so, this can be slow
05-15 22:07:06.528 W/SoLoader[NativeDeps](23520): Falling back to custom ELF parsing when loading libbreakpad.so, this can be slow
05-15 22:07:06.557 W/SoLoader(23520): Loading fb on the main thread
05-15 22:07:06.558 W/SoLoader(23520): Loading fb on the main thread
05-15 22:07:06.561 V/v9p     (23520): Disabled
05-15 22:07:06.562 W/SoLoader(23520): Loading dextricks on the main thread
05-15 22:07:06.562 W/SoLoader[NativeDeps](23520): Falling back to custom ELF parsing when loading libstartup.so, this can be slow
05-15 22:07:06.579 W/lacrima (23520): The minidump file is empty!
05-15 22:07:06.581 W/SoLoader[NativeDeps](23520): Falling back to custom ELF parsing when loading libunwindstack_binary.so, this can be slow
05-15 22:07:06.600 W/SoLoader[NativeDeps](23520): Falling back to custom ELF parsing when loading libfbunwindstack.so, this can be slow
05-15 22:07:06.603 W/SoLoader[NativeDeps](23520): Falling back to custom ELF parsing when loading libc++_shared.so, this can be slow
05-15 22:07:06.606 W/lacrima (23520): Start AnrAppDeathDetector... X.0xz
05-15 22:07:06.609 E/HeliumCrashReporter(23520): Pending crash path /data/data/com.instagram.barcelona/cache/webview_embedded/Helium Crashpad/pending/ is not a directory
05-15 22:07:06.674 W/DexLibLoader(23520): integrateWithLibSigChain: CALLING (failed to get GkBootstrap value)
05-15 22:07:06.674 W/dalvik-internals(23520): sigaction64 succeeded
05-15 22:07:06.675 D/dalvik-internals(23520): SuspendAndroid11: Found all symbols
05-15 22:07:06.675 D/dalvik-internals(23520): SuspendAndroid11: Suspending threads.
05-15 22:07:06.675 D/dalvik-internals(23520): SuspendAndroid11: Resuming threads.
05-15 22:07:06.675 V/dalvik-internals(23520): hooked signal using trap ()
05-15 22:07:06.676 V/dalvik-internals(23520): hooked sigaction using trap ()
05-15 22:07:06.676 D/dalvik-internals(23520): SuspendAndroid11: Found all symbols
05-15 22:07:06.676 D/dalvik-internals(23520): SuspendAndroid11: Suspending threads.
05-15 22:07:06.677 V/dalvik-internals(23520): Hooking function _ZN3art11annotations16GetLineNumFromPCEPKNS_7DexFileEPNS_9ArtMethodEj
05-15 22:07:06.678 V/dalvik-internals(23520): hooked _ZN3art11annotations16GetLineNumFromPCEPKNS_7DexFileEPNS_9ArtMethodEj using jump ()
05-15 22:07:06.678 D/dalvik-internals(23520): SuspendAndroid11: Resuming threads.
05-15 22:07:06.695 W/libc    (23520): Access denied finding property "ro.vendor.perf.scroll_opt.heavy_app"
05-15 22:07:06.747 D/CompatibilityChangeReporter(23520): Compat change id reported: 160794467; UID 10654; state: ENABLED
05-15 22:07:06.752 W/SoLoader(23520): Loading fbjni on the main thread
05-15 22:07:06.752 W/SoLoader(23520): Loading profilo_apiimpl on the main thread
05-15 22:07:06.755 W/Lacrima_startup(23520): type=1400 audit(0.0:33411): avc: denied { read } for name="memory.usage_in_bytes" dev="cgroup" ino=8 scontext=u:r:untrusted_app:s0:c142,c258,c512,c768 tcontext=u:object_r:cgroup:s0 tclass=file permissive=0 app=com.instagram.barcelona
05-15 22:07:06.759 W/SoLoader(23520): Loading profilo_configjni on the main thread
05-15 22:07:06.761 W/SoLoader(23520): Loading profilo_configjni on the main thread
05-15 22:07:06.762 W/SoLoader(23520): Loading profilo_mmapbuf on the main thread
05-15 22:07:06.762 W/SoLoader(23520): Loading profilo on the main thread
05-15 22:07:06.762 W/Profilo/TraceControl(23520): Loom client config id: -4092440757377380311
05-15 22:07:06.763 W/Profilo/TraceControl(23520): START PROFILO_TRACEID: GYr0E93K9Lk 30539777
05-15 22:07:06.764 W/SoLoader(23520): Loading profilo_mmapbuf on the main thread
05-15 22:07:06.766 W/SoLoader(23520): Loading profilo on the main thread
05-15 22:07:06.767 W/SoLoader(23520): Loading profilo on the main thread
05-15 22:07:06.768 W/SoLoader(23520): Loading profilo on the main thread
05-15 22:07:06.768 W/SoLoader(23520): Loading profilo on the main thread
05-15 22:07:06.786 W/SoLoader(23520): Loading hiddenapis2 on the main thread
05-15 22:07:06.815 W/lacrima (23520): Start AnrDetector... com.facebook.acra.anr.multisignal.MultiSignalANRDetector
05-15 22:07:06.815 W/MultiSignalANRDetectorLacrima(23520): Starting
05-15 22:07:06.815 W/ProcessAnrErrorMonitor(23520): startMonitoring with delay: 0
05-15 22:07:06.815 W/SigquitDetectorLacrima(23520): nativeInit
05-15 22:07:06.821 W/ProcessAnrErrorMonitor(23520): Starting process monitor checks for process 'com.instagram.barcelona'
05-15 22:07:06.821 W/MultiSignalANRDetectorLacrima(23520): Started monitoring
05-15 22:07:06.842 W/SoLoader(23520): Loading threadutils-jni on the main thread
05-15 22:07:06.850 I/dalvik-internals(23520): integrateWithCrashLog crashlog: /data/user/0/com.instagram.barcelona/crash_log, insta_crashlog: /data/user/0/com.instagram.barcelona/insta_crash_log
05-15 22:07:06.850 I/dalvik-internals(23520): installed sigmux crash handler for crash log
05-15 22:07:06.852 W/lacrima (23520): LacrimaInitializer.init
05-15 22:07:06.853 W/lacrima (23520): Cannot find registered detector
05-15 22:07:06.855 W/lacrima (23520): FixedLengthFiles.init() called twice.
05-15 22:07:06.855 W/lacrima (23520): FixedLengthFiles.init() called twice.
05-15 22:07:06.860 W/SoLoader[NativeDeps](23520): Falling back to custom ELF parsing when loading libscrollmerged.so, this can be slow
05-15 22:07:06.912 W/LogPrintlnFixie(23520): Hook disabled by config
05-15 22:07:06.923 W/SoLoader(23520): Loading live-tree-jni on the main thread
05-15 22:07:06.929 W/SoLoader(23520): Loading pando-jni on the main thread
05-15 22:07:06.931 W/agram.barcelon(23520): JNI RegisterNativeMethods: attempt to register 0 native methods for com.facebook.pando.PandoDataJNI
05-15 22:07:06.933 W/SoLoader(23520): Loading pando-jni on the main thread
05-15 22:07:06.934 W/SoLoader(23520): Loading pando-jni on the main thread
05-15 22:07:06.935 W/SoLoader(23520): Loading pando-graphql-jni on the main thread
05-15 22:07:06.938 W/IgMetaConfig(23520): Could not obtain MC: null_factory 
05-15 22:07:06.938 W/IgMetaConfig(23520): java.lang.RuntimeException: Could not obtain MC, call-site will receive default values
05-15 22:07:06.938 W/IgMetaConfig(23520): 	at X.2dZ.A05(:4)
05-15 22:07:06.938 W/IgMetaConfig(23520): 	at X.2dZ.A03(:7)
05-15 22:07:06.938 W/IgMetaConfig(23520): 	at X.2dZ.A01(:2)
05-15 22:07:06.938 W/IgMetaConfig(23520): 	at X.3gO.invoke(:986)
05-15 22:07:06.938 W/IgMetaConfig(23520): 	at X.2yO.invoke(:111)
05-15 22:07:06.938 W/IgMetaConfig(23520): 	at X.258.getValue(:25)
05-15 22:07:06.938 W/IgMetaConfig(23520): 	at X.3gV.A01(:8)
05-15 22:07:06.938 W/IgMetaConfig(23520): 	at X.2fn.A00(:10)
05-15 22:07:06.938 W/IgMetaConfig(23520): 	at X.2fi.invoke(:44)
05-15 22:07:06.938 W/IgMetaConfig(23520): 	at X.258.getValue(:25)
05-15 22:07:06.938 W/IgMetaConfig(23520): 	at X.2ez.A01(:2)
05-15 22:07:06.938 W/IgMetaConfig(23520): 	at X.3fD.invoke(:1224)
05-15 22:07:06.938 W/IgMetaConfig(23520): 	at X.258.getValue(:25)
05-15 22:07:06.938 W/IgMetaConfig(23520): 	at com.instagram.user.model.User.A08(:47)
05-15 22:07:06.938 W/IgMetaConfig(23520): 	at X.3gD.invoke(:441)
05-15 22:07:06.938 W/IgMetaConfig(23520): 	at X.3cU.apply(:4)
05-15 22:07:06.938 W/IgMetaConfig(23520): 	at java.util.concurrent.ConcurrentMap.computeIfAbsent(ConcurrentMap.java:332)
05-15 22:07:06.938 W/IgMetaConfig(23520): 	at com.instagram.user.model.UserCache.A05(:64)
05-15 22:07:06.938 W/IgMetaConfig(23520): 	at X.2AY.A02(:16)
05-15 22:07:06.938 W/IgMetaConfig(23520): 	at X.2AY.A01(:20)
05-15 22:07:06.938 W/IgMetaConfig(23520): 	at X.2AY.A00(:1)
05-15 22:07:06.938 W/IgMetaConfig(23520): 	at X.2cX.<init>(:172)
05-15 22:07:06.938 W/IgMetaConfig(23520): 	at X.3dF.invoke(:690)
05-15 22:07:06.938 W/IgMetaConfig(23520): 	at X.258.getValue(:25)
05-15 22:07:06.938 W/IgMetaConfig(23520): 	at X.2cY.A00(:4)
05-15 22:07:06.938 W/IgMetaConfig(23520): 	at X.2cY.A0A(:4)
05-15 22:07:06.938 W/IgMetaConfig(23520): 	at X.1uA.A04(:83)
05-15 22:07:06.938 W/IgMetaConfig(23520): 	at X.1ua.A02(:39)
05-15 22:07:06.938 W/IgMetaConfig(23520): 	at com.instagram.barcelona.process.main.BarcelonaApplicationForMainProcess.A01(:84373)
05-15 22:07:06.938 W/IgMetaConfig(23520): 	at com.instagram.barcelona.process.main.BarcelonaApplicationForMainProcess.A08(:895)
05-15 22:07:06.938 W/IgMetaConfig(23520): 	at com.instagram.barcelona.app.BarcelonaAppShell.onCreate(:710)
05-15 22:07:06.938 W/IgMetaConfig(23520): 	at android.app.Instrumentation.callApplicationOnCreate(Instrumentation.java:1261)
05-15 22:07:06.938 W/IgMetaConfig(23520): 	at android.app.ActivityThread.handleBindApplication(ActivityThread.java:7226)
05-15 22:07:06.938 W/IgMetaConfig(23520): 	at android.app.ActivityThread.access$1800(ActivityThread.java:284)
05-15 22:07:06.938 W/IgMetaConfig(23520): 	at android.app.ActivityThread$H.handleMessage(ActivityThread.java:2284)
05-15 22:07:06.938 W/IgMetaConfig(23520): 	at android.os.Handler.dispatchMessage(Handler.java:106)
05-15 22:07:06.938 W/IgMetaConfig(23520): 	at android.os.Looper.loopOnce(Looper.java:233)
05-15 22:07:06.938 W/IgMetaConfig(23520): 	at android.os.Looper.loop(Looper.java:334)
05-15 22:07:06.938 W/IgMetaConfig(23520): 	at android.app.ActivityThread.main(ActivityThread.java:8396)
05-15 22:07:06.938 W/IgMetaConfig(23520): 	at java.lang.reflect.Method.invoke(Native Method)
05-15 22:07:06.938 W/IgMetaConfig(23520): 	at com.android.internal.os.RuntimeInit$MethodAndArgsCaller.run(RuntimeInit.java:582)
05-15 22:07:06.938 W/IgMetaConfig(23520): 	at com.android.internal.os.ZygoteInit.main(ZygoteInit.java:1068)
05-15 22:07:06.939 W/IgMetaConfig(23520): Could not obtain MC: null_factory 
05-15 22:07:06.939 W/IgMetaConfig(23520): java.lang.RuntimeException: Could not obtain MC, call-site will receive default values
05-15 22:07:06.939 W/IgMetaConfig(23520): 	at X.2dZ.A05(:4)
05-15 22:07:06.939 W/IgMetaConfig(23520): 	at X.2dZ.A03(:7)
05-15 22:07:06.939 W/IgMetaConfig(23520): 	at X.2dZ.A01(:2)
05-15 22:07:06.939 W/IgMetaConfig(23520): 	at X.3gO.invoke(:1001)
05-15 22:07:06.939 W/IgMetaConfig(23520): 	at X.2yO.invoke(:111)
05-15 22:07:06.939 W/IgMetaConfig(23520): 	at X.258.getValue(:25)
05-15 22:07:06.939 W/IgMetaConfig(23520): 	at X.3gV.A01(:8)
05-15 22:07:06.939 W/IgMetaConfig(23520): 	at X.2fn.A00(:10)
05-15 22:07:06.939 W/IgMetaConfig(23520): 	at X.2fi.invoke(:44)
05-15 22:07:06.939 W/IgMetaConfig(23520): 	at X.258.getValue(:25)
05-15 22:07:06.939 W/IgMetaConfig(23520): 	at X.2ez.A01(:2)
05-15 22:07:06.939 W/IgMetaConfig(23520): 	at X.3fD.invoke(:1224)
05-15 22:07:06.939 W/IgMetaConfig(23520): 	at X.258.getValue(:25)
05-15 22:07:06.939 W/IgMetaConfig(23520): 	at com.instagram.user.model.User.A08(:47)
05-15 22:07:06.939 W/IgMetaConfig(23520): 	at X.3gD.invoke(:441)
05-15 22:07:06.939 W/IgMetaConfig(23520): 	at X.3cU.apply(:4)
05-15 22:07:06.939 W/IgMetaConfig(23520): 	at java.util.concurrent.ConcurrentMap.computeIfAbsent(ConcurrentMap.java:332)
05-15 22:07:06.939 W/IgMetaConfig(23520): 	at com.instagram.user.model.UserCache.A05(:64)
05-15 22:07:06.939 W/IgMetaConfig(23520): 	at X.2AY.A02(:16)
05-15 22:07:06.939 W/IgMetaConfig(23520): 	at X.2AY.A01(:20)
05-15 22:07:06.939 W/IgMetaConfig(23520): 	at X.2AY.A00(:1)
05-15 22:07:06.939 W/IgMetaConfig(23520): 	at X.2cX.<init>(:172)
05-15 22:07:06.939 W/IgMetaConfig(23520): 	at X.3dF.invoke(:690)
05-15 22:07:06.939 W/IgMetaConfig(23520): 	at X.258.getValue(:25)
05-15 22:07:06.939 W/IgMetaConfig(23520): 	at X.2cY.A00(:4)
05-15 22:07:06.939 W/IgMetaConfig(23520): 	at X.2cY.A0A(:4)
05-15 22:07:06.939 W/IgMetaConfig(23520): 	at X.1uA.A04(:83)
05-15 22:07:06.939 W/IgMetaConfig(23520): 	at X.1ua.A02(:39)
05-15 22:07:06.939 W/IgMetaConfig(23520): 	at com.instagram.barcelona.process.main.BarcelonaApplicationForMainProcess.A01(:84373)
05-15 22:07:06.939 W/IgMetaConfig(23520): 	at com.instagram.barcelona.process.main.BarcelonaApplicationForMainProcess.A08(:895)
05-15 22:07:06.939 W/IgMetaConfig(23520): 	at com.instagram.barcelona.app.BarcelonaAppShell.onCreate(:710)
05-15 22:07:06.939 W/IgMetaConfig(23520): 	at android.app.Instrumentation.callApplicationOnCreate(Instrumentation.java:1261)
05-15 22:07:06.939 W/IgMetaConfig(23520): 	at android.app.ActivityThread.handleBindApplication(ActivityThread.java:7226)
05-15 22:07:06.939 W/IgMetaConfig(23520): 	at android.app.ActivityThread.access$1800(ActivityThread.java:284)
05-15 22:07:06.939 W/IgMetaConfig(23520): 	at android.app.ActivityThread$H.handleMessage(ActivityThread.java:2284)
05-15 22:07:06.939 W/IgMetaConfig(23520): 	at android.os.Handler.dispatchMessage(Handler.java:106)
05-15 22:07:06.939 W/IgMetaConfig(23520): 	at android.os.Looper.loopOnce(Looper.java:233)
05-15 22:07:06.939 W/IgMetaConfig(23520): 	at android.os.Looper.loop(Looper.java:334)
05-15 22:07:06.939 W/IgMetaConfig(23520): 	at android.app.ActivityThread.main(ActivityThread.java:8396)
05-15 22:07:06.939 W/IgMetaConfig(23520): 	at java.lang.reflect.Method.invoke(Native Method)
05-15 22:07:06.939 W/IgMetaConfig(23520): 	at com.android.internal.os.RuntimeInit$MethodAndArgsCaller.run(RuntimeInit.java:582)
05-15 22:07:06.939 W/IgMetaConfig(23520): 	at com.android.internal.os.ZygoteInit.main(ZygoteInit.java:1068)
05-15 22:07:06.939 W/SoLoader(23520): Loading live-tree-jni on the main thread
05-15 22:07:06.940 W/SoLoader(23520): Loading live-tree-jni on the main thread
05-15 22:07:06.940 W/SoLoader(23520): Loading pando-jni on the main thread
05-15 22:07:06.950 W/SoLoader(23520): Loading live-tree-jni on the main thread
05-15 22:07:06.966 I/DGW     (23435): I[onStateChanged:168] StreamGroupConnectivityAwareNetworkLayer processing buffered requests
05-15 22:07:06.967 W/SoLoader(23520): Loading bandwidth_estimator_jni on the main thread
05-15 22:07:06.975 W/IgMetaConfig(23520): Could not obtain MC: null_factory 
05-15 22:07:06.975 W/IgMetaConfig(23520): java.lang.RuntimeException: Could not obtain MC, call-site will receive default values
05-15 22:07:06.975 W/IgMetaConfig(23520): 	at X.2dZ.A05(:4)
05-15 22:07:06.975 W/IgMetaConfig(23520): 	at X.2dZ.A03(:7)
05-15 22:07:06.975 W/IgMetaConfig(23520): 	at X.2dZ.A01(:2)
05-15 22:07:06.975 W/IgMetaConfig(23520): 	at X.2kk.A00(:4)
05-15 22:07:06.975 W/IgMetaConfig(23520): 	at X.1uw.A04(:174)
05-15 22:07:06.975 W/IgMetaConfig(23520): 	at X.1ua.A02(:39)
05-15 22:07:06.975 W/IgMetaConfig(23520): 	at com.instagram.barcelona.process.main.BarcelonaApplicationForMainProcess.A01(:84373)
05-15 22:07:06.975 W/IgMetaConfig(23520): 	at com.instagram.barcelona.process.main.BarcelonaApplicationForMainProcess.A08(:895)
05-15 22:07:06.975 W/IgMetaConfig(23520): 	at com.instagram.barcelona.app.BarcelonaAppShell.onCreate(:710)
05-15 22:07:06.975 W/IgMetaConfig(23520): 	at android.app.Instrumentation.callApplicationOnCreate(Instrumentation.java:1261)
05-15 22:07:06.975 W/IgMetaConfig(23520): 	at android.app.ActivityThread.handleBindApplication(ActivityThread.java:7226)
05-15 22:07:06.975 W/IgMetaConfig(23520): 	at android.app.ActivityThread.access$1800(ActivityThread.java:284)
05-15 22:07:06.975 W/IgMetaConfig(23520): 	at android.app.ActivityThread$H.handleMessage(ActivityThread.java:2284)
05-15 22:07:06.975 W/IgMetaConfig(23520): 	at android.os.Handler.dispatchMessage(Handler.java:106)
05-15 22:07:06.975 W/IgMetaConfig(23520): 	at android.os.Looper.loopOnce(Looper.java:233)
05-15 22:07:06.975 W/IgMetaConfig(23520): 	at android.os.Looper.loop(Looper.java:334)
05-15 22:07:06.975 W/IgMetaConfig(23520): 	at android.app.ActivityThread.main(ActivityThread.java:8396)
05-15 22:07:06.975 W/IgMetaConfig(23520): 	at java.lang.reflect.Method.invoke(Native Method)
05-15 22:07:06.975 W/IgMetaConfig(23520): 	at com.android.internal.os.RuntimeInit$MethodAndArgsCaller.run(RuntimeInit.java:582)
05-15 22:07:06.975 W/IgMetaConfig(23520): 	at com.android.internal.os.ZygoteInit.main(ZygoteInit.java:1068)
05-15 22:07:06.976 W/IgMetaConfig(23520): Could not obtain MC: null_factory 
05-15 22:07:06.976 W/IgMetaConfig(23520): java.lang.RuntimeException: Could not obtain MC, call-site will receive default values
05-15 22:07:06.976 W/IgMetaConfig(23520): 	at X.2dZ.A05(:4)
05-15 22:07:06.976 W/IgMetaConfig(23520): 	at X.2dZ.A03(:7)
05-15 22:07:06.976 W/IgMetaConfig(23520): 	at X.2dZ.A01(:2)
05-15 22:07:06.976 W/IgMetaConfig(23520): 	at X.1uw.A04(:242)
05-15 22:07:06.976 W/IgMetaConfig(23520): 	at X.1ua.A02(:39)
05-15 22:07:06.976 W/IgMetaConfig(23520): 	at com.instagram.barcelona.process.main.BarcelonaApplicationForMainProcess.A01(:84373)
05-15 22:07:06.976 W/IgMetaConfig(23520): 	at com.instagram.barcelona.process.main.BarcelonaApplicationForMainProcess.A08(:895)
05-15 22:07:06.976 W/IgMetaConfig(23520): 	at com.instagram.barcelona.app.BarcelonaAppShell.onCreate(:710)
05-15 22:07:06.976 W/IgMetaConfig(23520): 	at android.app.Instrumentation.callApplicationOnCreate(Instrumentation.java:1261)
05-15 22:07:06.976 W/IgMetaConfig(23520): 	at android.app.ActivityThread.handleBindApplication(ActivityThread.java:7226)
05-15 22:07:06.976 W/IgMetaConfig(23520): 	at android.app.ActivityThread.access$1800(ActivityThread.java:284)
05-15 22:07:06.976 W/IgMetaConfig(23520): 	at android.app.ActivityThread$H.handleMessage(ActivityThread.java:2284)
05-15 22:07:06.976 W/IgMetaConfig(23520): 	at android.os.Handler.dispatchMessage(Handler.java:106)
05-15 22:07:06.976 W/IgMetaConfig(23520): 	at android.os.Looper.loopOnce(Looper.java:233)
05-15 22:07:06.976 W/IgMetaConfig(23520): 	at android.os.Looper.loop(Looper.java:334)
05-15 22:07:06.976 W/IgMetaConfig(23520): 	at android.app.ActivityThread.main(ActivityThread.java:8396)
05-15 22:07:06.976 W/IgMetaConfig(23520): 	at java.lang.reflect.Method.invoke(Native Method)
05-15 22:07:06.976 W/IgMetaConfig(23520): 	at com.android.internal.os.RuntimeInit$MethodAndArgsCaller.run(RuntimeInit.java:582)
05-15 22:07:06.976 W/IgMetaConfig(23520): 	at com.android.internal.os.ZygoteInit.main(ZygoteInit.java:1068)
05-15 22:07:06.976 W/IgMetaConfig(23520): Could not obtain MC: null_factory 
05-15 22:07:06.976 W/IgMetaConfig(23520): java.lang.RuntimeException: Could not obtain MC, call-site will receive default values
05-15 22:07:06.976 W/IgMetaConfig(23520): 	at X.2dZ.A05(:4)
05-15 22:07:06.976 W/IgMetaConfig(23520): 	at X.2dZ.A03(:7)
05-15 22:07:06.976 W/IgMetaConfig(23520): 	at X.2dZ.A01(:2)
05-15 22:07:06.976 W/IgMetaConfig(23520): 	at X.1uw.A04(:257)
05-15 22:07:06.976 W/IgMetaConfig(23520): 	at X.1ua.A02(:39)
05-15 22:07:06.976 W/IgMetaConfig(23520): 	at com.instagram.barcelona.process.main.BarcelonaApplicationForMainProcess.A01(:84373)
05-15 22:07:06.976 W/IgMetaConfig(23520): 	at com.instagram.barcelona.process.main.BarcelonaApplicationForMainProcess.A08(:895)
05-15 22:07:06.976 W/IgMetaConfig(23520): 	at com.instagram.barcelona.app.BarcelonaAppShell.onCreate(:710)
05-15 22:07:06.976 W/IgMetaConfig(23520): 	at android.app.Instrumentation.callApplicationOnCreate(Instrumentation.java:1261)
05-15 22:07:06.976 W/IgMetaConfig(23520): 	at android.app.ActivityThread.handleBindApplication(ActivityThread.java:7226)
05-15 22:07:06.976 W/IgMetaConfig(23520): 	at android.app.ActivityThread.access$1800(ActivityThread.java:284)
05-15 22:07:06.976 W/IgMetaConfig(23520): 	at android.app.ActivityThread$H.handleMessage(ActivityThread.java:2284)
